	.text
	.syntax unified
	.eabi_attribute	67, "2.09"	@ Tag_conformance
	.cpu	cortex-m3
	.eabi_attribute	6, 10	@ Tag_CPU_arch
	.eabi_attribute	7, 77	@ Tag_CPU_arch_profile
	.eabi_attribute	8, 0	@ Tag_ARM_ISA_use
	.eabi_attribute	9, 2	@ Tag_THUMB_ISA_use
	.eabi_attribute	34, 1	@ Tag_CPU_unaligned_access
	.eabi_attribute	17, 1	@ Tag_ABI_PCS_GOT_use
	.eabi_attribute	20, 2	@ Tag_ABI_FP_denormal
	.eabi_attribute	21, 0	@ Tag_ABI_FP_exceptions
	.eabi_attribute	23, 1	@ Tag_ABI_FP_number_model
	.eabi_attribute	24, 1	@ Tag_ABI_align_needed
	.eabi_attribute	25, 1	@ Tag_ABI_align_preserved
	.eabi_attribute	38, 1	@ Tag_ABI_FP_16bit_format
	.eabi_attribute	18, 2	@ Tag_ABI_PCS_wchar_t
	.eabi_attribute	26, 1	@ Tag_ABI_enum_size
	.eabi_attribute	14, 0	@ Tag_ABI_PCS_R9_use
	.file	"main.c"
	.file	1 "C:\\Users\\wilson\\program\\project\\task_scheduler\\mdk5" "../main.c"
	.file	2 "C:\\Keil_v5\\ARM\\ARMCLANG\\Bin\\..\\include" "stdint.h"
	.file	3 "C:\\Users\\wilson\\program\\project\\task_scheduler\\mdk5" "../inc\\task.h"
	.file	4 "C:/Users/wilson/AppData/Roaming/CMSIS-Packs/ARM/CMSIS/5.9.0/CMSIS/Core/Include" "core_cm3.h"
	.section	.text.fputc,"ax",%progbits
	.hidden	fputc                           @ -- Begin function fputc
	.globl	fputc
	.p2align	2
	.type	fputc,%function
	.code	16                              @ @fputc
	.thumb_func
fputc:
.Lfunc_begin0:
	.loc	1 18 0                          @ ../main.c:18:0
	.fnstart
	.cfi_sections .debug_frame
	.cfi_startproc
@ %bb.0:
	.save	{r7, lr}
	push	{r7, lr}
	.cfi_def_cfa_offset 8
	.cfi_offset lr, -4
	.cfi_offset r7, -8
	.pad	#8
	sub	sp, #8
	.cfi_def_cfa_offset 16
	str	r0, [sp, #4]
	str	r1, [sp]
.Ltmp0:
	.loc	1 19 15 prologue_end            @ ../main.c:19:15
	ldr	r0, [sp, #4]
	.loc	1 19 2 is_stmt 0                @ ../main.c:19:2
	bl	ITM_SendChar
	.loc	1 20 9 is_stmt 1                @ ../main.c:20:9
	ldr	r0, [sp, #4]
	.loc	1 20 2 is_stmt 0                @ ../main.c:20:2
	add	sp, #8
	pop	{r7, pc}
.Ltmp1:
.Lfunc_end0:
	.size	fputc, .Lfunc_end0-fputc
	.cfi_endproc
	.cantunwind
	.fnend
                                        @ -- End function
	.section	.text.ITM_SendChar,"ax",%progbits
	.p2align	2                               @ -- Begin function ITM_SendChar
	.type	ITM_SendChar,%function
	.code	16                              @ @ITM_SendChar
	.thumb_func
ITM_SendChar:
.Lfunc_begin1:
	.loc	4 1879 0 is_stmt 1              @ C:/Users/wilson/AppData/Roaming/CMSIS-Packs/ARM/CMSIS/5.9.0/CMSIS/Core/Include\core_cm3.h:1879:0
	.fnstart
	.cfi_startproc
@ %bb.0:
	.pad	#4
	sub	sp, #4
	.cfi_def_cfa_offset 4
	str	r0, [sp]
	movw	r0, #3712
	movt	r0, #57344
.Ltmp2:
	.loc	4 1880 14 prologue_end          @ C:/Users/wilson/AppData/Roaming/CMSIS-Packs/ARM/CMSIS/5.9.0/CMSIS/Core/Include\core_cm3.h:1880:14
	ldr	r0, [r0]
	.loc	4 1880 48 is_stmt 0             @ C:/Users/wilson/AppData/Roaming/CMSIS-Packs/ARM/CMSIS/5.9.0/CMSIS/Core/Include\core_cm3.h:1880:48
	lsls	r0, r0, #31
	cbz	r0, .LBB1_6
	b	.LBB1_1
.LBB1_1:
	.loc	4 0 48                          @ C:/Users/wilson/AppData/Roaming/CMSIS-Packs/ARM/CMSIS/5.9.0/CMSIS/Core/Include\core_cm3.h:0:48
	movw	r0, #3584
	movt	r0, #57344
	.loc	4 1881 14 is_stmt 1             @ C:/Users/wilson/AppData/Roaming/CMSIS-Packs/ARM/CMSIS/5.9.0/CMSIS/Core/Include\core_cm3.h:1881:14
	ldr	r0, [r0]
.Ltmp3:
	.loc	4 1880 7                        @ C:/Users/wilson/AppData/Roaming/CMSIS-Packs/ARM/CMSIS/5.9.0/CMSIS/Core/Include\core_cm3.h:1880:7
	lsls	r0, r0, #31
	cbz	r0, .LBB1_6
	b	.LBB1_2
.LBB1_2:
.Ltmp4:
	.loc	4 1883 5                        @ C:/Users/wilson/AppData/Roaming/CMSIS-Packs/ARM/CMSIS/5.9.0/CMSIS/Core/Include\core_cm3.h:1883:5
	b	.LBB1_3
.LBB1_3:                                @ =>This Inner Loop Header: Depth=1
	.loc	4 0 5 is_stmt 0                 @ C:/Users/wilson/AppData/Roaming/CMSIS-Packs/ARM/CMSIS/5.9.0/CMSIS/Core/Include\core_cm3.h:0:5
	mov.w	r0, #-536870912
	.loc	4 1883 26                       @ C:/Users/wilson/AppData/Roaming/CMSIS-Packs/ARM/CMSIS/5.9.0/CMSIS/Core/Include\core_cm3.h:1883:26
	ldr	r0, [r0]
	.loc	4 1883 5                        @ C:/Users/wilson/AppData/Roaming/CMSIS-Packs/ARM/CMSIS/5.9.0/CMSIS/Core/Include\core_cm3.h:1883:5
	cbnz	r0, .LBB1_5
	b	.LBB1_4
.LBB1_4:                                @   in Loop: Header=BB1_3 Depth=1
.Ltmp5:
	.loc	4 1885 7 is_stmt 1              @ C:/Users/wilson/AppData/Roaming/CMSIS-Packs/ARM/CMSIS/5.9.0/CMSIS/Core/Include\core_cm3.h:1885:7
	nop
.Ltmp6:
	.loc	4 1883 5                        @ C:/Users/wilson/AppData/Roaming/CMSIS-Packs/ARM/CMSIS/5.9.0/CMSIS/Core/Include\core_cm3.h:1883:5
	b	.LBB1_3
.LBB1_5:
	.loc	4 1887 33                       @ C:/Users/wilson/AppData/Roaming/CMSIS-Packs/ARM/CMSIS/5.9.0/CMSIS/Core/Include\core_cm3.h:1887:33
	ldr	r0, [sp]
	mov.w	r1, #-536870912
	.loc	4 1887 22 is_stmt 0             @ C:/Users/wilson/AppData/Roaming/CMSIS-Packs/ARM/CMSIS/5.9.0/CMSIS/Core/Include\core_cm3.h:1887:22
	strb	r0, [r1]
	.loc	4 1888 3 is_stmt 1              @ C:/Users/wilson/AppData/Roaming/CMSIS-Packs/ARM/CMSIS/5.9.0/CMSIS/Core/Include\core_cm3.h:1888:3
	b	.LBB1_6
.Ltmp7:
.LBB1_6:
	.loc	4 1889 11                       @ C:/Users/wilson/AppData/Roaming/CMSIS-Packs/ARM/CMSIS/5.9.0/CMSIS/Core/Include\core_cm3.h:1889:11
	ldr	r0, [sp]
	.loc	4 1889 3 is_stmt 0              @ C:/Users/wilson/AppData/Roaming/CMSIS-Packs/ARM/CMSIS/5.9.0/CMSIS/Core/Include\core_cm3.h:1889:3
	add	sp, #4
	bx	lr
.Ltmp8:
.Lfunc_end1:
	.size	ITM_SendChar, .Lfunc_end1-ITM_SendChar
	.cfi_endproc
	.cantunwind
	.fnend
                                        @ -- End function
	.section	.text.task1_fun,"ax",%progbits
	.hidden	task1_fun                       @ -- Begin function task1_fun
	.globl	task1_fun
	.p2align	2
	.type	task1_fun,%function
	.code	16                              @ @task1_fun
	.thumb_func
task1_fun:
.Lfunc_begin2:
	.loc	1 23 0 is_stmt 1                @ ../main.c:23:0
	.fnstart
	.cfi_startproc
@ %bb.0:
	.save	{r7, lr}
	push	{r7, lr}
	.cfi_def_cfa_offset 8
	.cfi_offset lr, -4
	.cfi_offset r7, -8
	.pad	#16
	sub	sp, #16
	.cfi_def_cfa_offset 24
	str	r0, [sp, #12]
	movs	r0, #0
.Ltmp9:
	.loc	1 24 11 prologue_end            @ ../main.c:24:11
	str	r0, [sp, #8]
	.loc	1 24 18 is_stmt 0               @ ../main.c:24:18
	str	r0, [sp, #4]
	.loc	1 25 2 is_stmt 1                @ ../main.c:25:2
	b	.LBB2_1
.LBB2_1:                                @ =>This Inner Loop Header: Depth=1
.Ltmp10:
	.loc	1 27 14                         @ ../main.c:27:14
	bl	ulGetTick
	.loc	1 27 12 is_stmt 0               @ ../main.c:27:12
	str	r0, [sp, #4]
	.loc	1 39 31 is_stmt 1               @ ../main.c:39:31
	ldr	r1, [sp, #4]
	.loc	1 39 3 is_stmt 0                @ ../main.c:39:3
	movw	r0, :lower16:.L.str
	movt	r0, :upper16:.L.str
	bl	printf
	mov.w	r0, #1000
	.loc	1 40 3 is_stmt 1                @ ../main.c:40:3
	bl	vTaskDelay
.Ltmp11:
	.loc	1 25 2                          @ ../main.c:25:2
	b	.LBB2_1
.Ltmp12:
.Lfunc_end2:
	.size	task1_fun, .Lfunc_end2-task1_fun
	.cfi_endproc
	.cantunwind
	.fnend
                                        @ -- End function
	.section	.text.task2_fun,"ax",%progbits
	.hidden	task2_fun                       @ -- Begin function task2_fun
	.globl	task2_fun
	.p2align	2
	.type	task2_fun,%function
	.code	16                              @ @task2_fun
	.thumb_func
task2_fun:
.Lfunc_begin3:
	.loc	1 45 0                          @ ../main.c:45:0
	.fnstart
	.cfi_startproc
@ %bb.0:
	.save	{r7, lr}
	push	{r7, lr}
	.cfi_def_cfa_offset 8
	.cfi_offset lr, -4
	.cfi_offset r7, -8
	.pad	#16
	sub	sp, #16
	.cfi_def_cfa_offset 24
	str	r0, [sp, #12]
	movs	r0, #0
.Ltmp13:
	.loc	1 46 11 prologue_end            @ ../main.c:46:11
	str	r0, [sp, #8]
	.loc	1 46 18 is_stmt 0               @ ../main.c:46:18
	str	r0, [sp, #4]
	.loc	1 47 2 is_stmt 1                @ ../main.c:47:2
	b	.LBB3_1
.LBB3_1:                                @ =>This Inner Loop Header: Depth=1
.Ltmp14:
	.loc	1 49 14                         @ ../main.c:49:14
	bl	ulGetTick
	.loc	1 49 12 is_stmt 0               @ ../main.c:49:12
	str	r0, [sp, #4]
	.loc	1 62 31 is_stmt 1               @ ../main.c:62:31
	ldr	r1, [sp, #4]
	.loc	1 62 3 is_stmt 0                @ ../main.c:62:3
	movw	r0, :lower16:.L.str.1
	movt	r0, :upper16:.L.str.1
	bl	printf
	movw	r0, #5000
	.loc	1 63 3 is_stmt 1                @ ../main.c:63:3
	bl	vTaskDelay
.Ltmp15:
	.loc	1 47 2                          @ ../main.c:47:2
	b	.LBB3_1
.Ltmp16:
.Lfunc_end3:
	.size	task2_fun, .Lfunc_end3-task2_fun
	.cfi_endproc
	.cantunwind
	.fnend
                                        @ -- End function
	.section	.text.task_idle,"ax",%progbits
	.hidden	task_idle                       @ -- Begin function task_idle
	.globl	task_idle
	.p2align	2
	.type	task_idle,%function
	.code	16                              @ @task_idle
	.thumb_func
task_idle:
.Lfunc_begin4:
	.loc	1 68 0                          @ ../main.c:68:0
	.fnstart
	.cfi_startproc
@ %bb.0:
	.save	{r7, lr}
	push	{r7, lr}
	.cfi_def_cfa_offset 8
	.cfi_offset lr, -4
	.cfi_offset r7, -8
	.pad	#16
	sub	sp, #16
	.cfi_def_cfa_offset 24
	str	r0, [sp, #12]
	movs	r0, #0
.Ltmp17:
	.loc	1 69 11 prologue_end            @ ../main.c:69:11
	str	r0, [sp, #8]
	.loc	1 69 18 is_stmt 0               @ ../main.c:69:18
	str	r0, [sp, #4]
	.loc	1 70 2 is_stmt 1                @ ../main.c:70:2
	b	.LBB4_1
.LBB4_1:                                @ =>This Inner Loop Header: Depth=1
.Ltmp18:
	.loc	1 72 14                         @ ../main.c:72:14
	bl	ulGetTick
	.loc	1 72 12 is_stmt 0               @ ../main.c:72:12
	str	r0, [sp, #4]
.Ltmp19:
	.loc	1 73 6 is_stmt 1                @ ../main.c:73:6
	ldr	r0, [sp, #4]
	.loc	1 73 15 is_stmt 0               @ ../main.c:73:15
	ldr	r1, [sp, #8]
	movw	r2, #5000
	.loc	1 73 19                         @ ../main.c:73:19
	add	r1, r2
.Ltmp20:
	.loc	1 73 6                          @ ../main.c:73:6
	cmp	r0, r1
	bls	.LBB4_5
	b	.LBB4_2
.LBB4_2:                                @   in Loop: Header=BB4_1 Depth=1
.Ltmp21:
	.loc	1 76 7 is_stmt 1                @ ../main.c:76:7
	movw	r0, :lower16:printf_mutex
	movt	r0, :upper16:printf_mutex
	ldr	r0, [r0]
.Ltmp22:
	.loc	1 76 7 is_stmt 0                @ ../main.c:76:7
	cbz	r0, .LBB4_4
	b	.LBB4_3
.LBB4_3:                                @   in Loop: Header=BB4_1 Depth=1
.Ltmp23:
	.loc	1 78 32 is_stmt 1               @ ../main.c:78:32
	ldr	r1, [sp, #4]
	.loc	1 78 5 is_stmt 0                @ ../main.c:78:5
	movw	r0, :lower16:.L.str.2
	movt	r0, :upper16:.L.str.2
	bl	printf
	.loc	1 79 18 is_stmt 1               @ ../main.c:79:18
	movw	r1, :lower16:printf_mutex
	movt	r1, :upper16:printf_mutex
	movs	r0, #0
	str	r0, [r1]
	.loc	1 80 4                          @ ../main.c:80:4
	b	.LBB4_4
.Ltmp24:
.LBB4_4:                                @   in Loop: Header=BB4_1 Depth=1
	.loc	1 81 11                         @ ../main.c:81:11
	ldr	r0, [sp, #4]
	.loc	1 81 9 is_stmt 0                @ ../main.c:81:9
	str	r0, [sp, #8]
	.loc	1 82 3 is_stmt 1                @ ../main.c:82:3
	b	.LBB4_5
.Ltmp25:
.LBB4_5:                                @   in Loop: Header=BB4_1 Depth=1
	.loc	1 70 2                          @ ../main.c:70:2
	b	.LBB4_1
.Ltmp26:
.Lfunc_end4:
	.size	task_idle, .Lfunc_end4-task_idle
	.cfi_endproc
	.cantunwind
	.fnend
                                        @ -- End function
	.section	.text.main,"ax",%progbits
	.hidden	main                            @ -- Begin function main
	.globl	main
	.p2align	2
	.type	main,%function
	.code	16                              @ @main
	.thumb_func
main:
.Lfunc_begin5:
	.loc	1 87 0                          @ ../main.c:87:0
	.fnstart
	.cfi_startproc
@ %bb.0:
	.save	{r7, lr}
	push	{r7, lr}
	.cfi_def_cfa_offset 8
	.cfi_offset lr, -4
	.cfi_offset r7, -8
	.pad	#32
	sub	sp, #32
	.cfi_def_cfa_offset 40
	movs	r0, #0
	str	r0, [sp, #24]                   @ 4-byte Spill
	str	r0, [sp, #28]
.Ltmp27:
	.loc	1 89 2 prologue_end             @ ../main.c:89:2
	bl	SystemCoreClockUpdate
	ldr	r0, [sp, #24]                   @ 4-byte Reload
	.loc	1 90 10                         @ ../main.c:90:10
	mov	r2, sp
	str	r0, [r2, #8]
	movs	r1, #5
	str	r1, [r2, #4]
	movw	r1, :lower16:task1_fun
	movt	r1, :upper16:task1_fun
	str	r1, [r2]
	movw	r1, :lower16:stack1
	movt	r1, :upper16:stack1
	movw	r3, :lower16:.L.str.3
	movt	r3, :upper16:.L.str.3
	str	r3, [sp, #20]                   @ 4-byte Spill
	movs	r2, #128
	str	r2, [sp, #16]                   @ 4-byte Spill
	bl	xTaskCreate
	ldr	r2, [sp, #16]                   @ 4-byte Reload
	ldr	r3, [sp, #20]                   @ 4-byte Reload
	mov	r1, r0
	.loc	1 90 8 is_stmt 0                @ ../main.c:90:8
	ldr	r0, [sp, #24]                   @ 4-byte Reload
	movw	r12, :lower16:task1
	movt	r12, :upper16:task1
	str.w	r1, [r12]
	.loc	1 91 10 is_stmt 1               @ ../main.c:91:10
	mov	r12, sp
	movs	r1, #1
	str.w	r1, [r12, #8]
	movs	r1, #10
	str.w	r1, [r12, #4]
	movw	r1, :lower16:task2_fun
	movt	r1, :upper16:task2_fun
	str.w	r1, [r12]
	movw	r1, :lower16:stack2
	movt	r1, :upper16:stack2
	bl	xTaskCreate
	.loc	1 91 8 is_stmt 0                @ ../main.c:91:8
	movw	r1, :lower16:task2
	movt	r1, :upper16:task2
	str	r0, [r1]
	.loc	1 92 18 is_stmt 1               @ ../main.c:92:18
	movw	r0, :lower16:SystemCoreClock
	movt	r0, :upper16:SystemCoreClock
	ldr	r0, [r0]
	movw	r1, #52429
	movt	r1, #52428
	.loc	1 92 33 is_stmt 0               @ ../main.c:92:33
	umull	r1, r0, r0, r1
	lsrs	r0, r0, #3
	.loc	1 92 2                          @ ../main.c:92:2
	bl	vSchedulerStart
	ldr	r0, [sp, #24]                   @ 4-byte Reload
	.loc	1 93 2 is_stmt 1                @ ../main.c:93:2
	add	sp, #32
	pop	{r7, pc}
.Ltmp28:
.Lfunc_end5:
	.size	main, .Lfunc_end5-main
	.cfi_endproc
	.cantunwind
	.fnend
                                        @ -- End function
	.type	.L.str,%object                  @ @.str
	.section	.rodata.str1.1,"aMS",%progbits,1
.L.str:
	.asciz	"task1 running:%d\n"
	.size	.L.str, 18

	.type	.L.str.1,%object                @ @.str.1
.L.str.1:
	.asciz	"task2 running:%d\n"
	.size	.L.str.1, 18

	.hidden	printf_mutex                    @ @printf_mutex
	.type	printf_mutex,%object
	.section	.bss.printf_mutex,"aw",%nobits
	.globl	printf_mutex
	.p2align	2, 0x0
printf_mutex:
	.long	0                               @ 0x0
	.size	printf_mutex, 4

	.type	.L.str.2,%object                @ @.str.2
	.section	.rodata.str1.1,"aMS",%progbits,1
.L.str.2:
	.asciz	"idle running:%d\n"
	.size	.L.str.2, 17

	.hidden	stack1                          @ @stack1
	.type	stack1,%object
	.section	.bss.stack1,"aw",%nobits
	.globl	stack1
	.p2align	2, 0x0
stack1:
	.zero	512
	.size	stack1, 512

	.type	.L.str.3,%object                @ @.str.3
	.section	.rodata.str1.1,"aMS",%progbits,1
.L.str.3:
	.asciz	"test"
	.size	.L.str.3, 5

	.hidden	task1                           @ @task1
	.type	task1,%object
	.section	.bss.task1,"aw",%nobits
	.globl	task1
	.p2align	2, 0x0
task1:
	.long	0                               @ 0x0
	.size	task1, 4

	.hidden	stack2                          @ @stack2
	.type	stack2,%object
	.section	.bss.stack2,"aw",%nobits
	.globl	stack2
	.p2align	2, 0x0
stack2:
	.zero	512
	.size	stack2, 512

	.hidden	task2                           @ @task2
	.type	task2,%object
	.section	.bss.task2,"aw",%nobits
	.globl	task2
	.p2align	2, 0x0
task2:
	.long	0                               @ 0x0
	.size	task2, 4

	.type	__ARM_use_no_argv,%object       @ @__ARM_use_no_argv
	.section	.ARM.use_no_argv,"awR",%progbits,unique,1
	.globl	__ARM_use_no_argv
	.p2align	2, 0x0
__ARM_use_no_argv:
	.long	1                               @ 0x1
	.size	__ARM_use_no_argv, 4

	.file	5 "C:\\Keil_v5\\ARM\\ARMCLANG\\Bin\\..\\include" "stdio.h"
	.section	.debug_abbrev,"",%progbits
	.byte	1                               @ Abbreviation Code
	.byte	17                              @ DW_TAG_compile_unit
	.byte	1                               @ DW_CHILDREN_yes
	.byte	37                              @ DW_AT_producer
	.byte	14                              @ DW_FORM_strp
	.byte	19                              @ DW_AT_language
	.byte	5                               @ DW_FORM_data2
	.byte	3                               @ DW_AT_name
	.byte	14                              @ DW_FORM_strp
	.byte	16                              @ DW_AT_stmt_list
	.byte	23                              @ DW_FORM_sec_offset
	.byte	27                              @ DW_AT_comp_dir
	.byte	14                              @ DW_FORM_strp
	.byte	17                              @ DW_AT_low_pc
	.byte	1                               @ DW_FORM_addr
	.byte	85                              @ DW_AT_ranges
	.byte	23                              @ DW_FORM_sec_offset
	.byte	0                               @ EOM(1)
	.byte	0                               @ EOM(2)
	.byte	2                               @ Abbreviation Code
	.byte	52                              @ DW_TAG_variable
	.byte	0                               @ DW_CHILDREN_no
	.byte	73                              @ DW_AT_type
	.byte	19                              @ DW_FORM_ref4
	.byte	58                              @ DW_AT_decl_file
	.byte	11                              @ DW_FORM_data1
	.byte	59                              @ DW_AT_decl_line
	.byte	11                              @ DW_FORM_data1
	.byte	2                               @ DW_AT_location
	.byte	24                              @ DW_FORM_exprloc
	.byte	0                               @ EOM(1)
	.byte	0                               @ EOM(2)
	.byte	3                               @ Abbreviation Code
	.byte	1                               @ DW_TAG_array_type
	.byte	1                               @ DW_CHILDREN_yes
	.byte	73                              @ DW_AT_type
	.byte	19                              @ DW_FORM_ref4
	.byte	0                               @ EOM(1)
	.byte	0                               @ EOM(2)
	.byte	4                               @ Abbreviation Code
	.byte	33                              @ DW_TAG_subrange_type
	.byte	0                               @ DW_CHILDREN_no
	.byte	73                              @ DW_AT_type
	.byte	19                              @ DW_FORM_ref4
	.byte	55                              @ DW_AT_count
	.byte	11                              @ DW_FORM_data1
	.byte	0                               @ EOM(1)
	.byte	0                               @ EOM(2)
	.byte	5                               @ Abbreviation Code
	.byte	36                              @ DW_TAG_base_type
	.byte	0                               @ DW_CHILDREN_no
	.byte	3                               @ DW_AT_name
	.byte	14                              @ DW_FORM_strp
	.byte	62                              @ DW_AT_encoding
	.byte	11                              @ DW_FORM_data1
	.byte	11                              @ DW_AT_byte_size
	.byte	11                              @ DW_FORM_data1
	.byte	0                               @ EOM(1)
	.byte	0                               @ EOM(2)
	.byte	6                               @ Abbreviation Code
	.byte	36                              @ DW_TAG_base_type
	.byte	0                               @ DW_CHILDREN_no
	.byte	3                               @ DW_AT_name
	.byte	14                              @ DW_FORM_strp
	.byte	11                              @ DW_AT_byte_size
	.byte	11                              @ DW_FORM_data1
	.byte	62                              @ DW_AT_encoding
	.byte	11                              @ DW_FORM_data1
	.byte	0                               @ EOM(1)
	.byte	0                               @ EOM(2)
	.byte	7                               @ Abbreviation Code
	.byte	52                              @ DW_TAG_variable
	.byte	0                               @ DW_CHILDREN_no
	.byte	3                               @ DW_AT_name
	.byte	14                              @ DW_FORM_strp
	.byte	73                              @ DW_AT_type
	.byte	19                              @ DW_FORM_ref4
	.byte	63                              @ DW_AT_external
	.byte	25                              @ DW_FORM_flag_present
	.byte	58                              @ DW_AT_decl_file
	.byte	11                              @ DW_FORM_data1
	.byte	59                              @ DW_AT_decl_line
	.byte	11                              @ DW_FORM_data1
	.byte	2                               @ DW_AT_location
	.byte	24                              @ DW_FORM_exprloc
	.byte	0                               @ EOM(1)
	.byte	0                               @ EOM(2)
	.byte	8                               @ Abbreviation Code
	.byte	22                              @ DW_TAG_typedef
	.byte	0                               @ DW_CHILDREN_no
	.byte	73                              @ DW_AT_type
	.byte	19                              @ DW_FORM_ref4
	.byte	3                               @ DW_AT_name
	.byte	14                              @ DW_FORM_strp
	.byte	58                              @ DW_AT_decl_file
	.byte	11                              @ DW_FORM_data1
	.byte	59                              @ DW_AT_decl_line
	.byte	11                              @ DW_FORM_data1
	.byte	0                               @ EOM(1)
	.byte	0                               @ EOM(2)
	.byte	9                               @ Abbreviation Code
	.byte	53                              @ DW_TAG_volatile_type
	.byte	0                               @ DW_CHILDREN_no
	.byte	73                              @ DW_AT_type
	.byte	19                              @ DW_FORM_ref4
	.byte	0                               @ EOM(1)
	.byte	0                               @ EOM(2)
	.byte	10                              @ Abbreviation Code
	.byte	15                              @ DW_TAG_pointer_type
	.byte	0                               @ DW_CHILDREN_no
	.byte	73                              @ DW_AT_type
	.byte	19                              @ DW_FORM_ref4
	.byte	0                               @ EOM(1)
	.byte	0                               @ EOM(2)
	.byte	11                              @ Abbreviation Code
	.byte	22                              @ DW_TAG_typedef
	.byte	0                               @ DW_CHILDREN_no
	.byte	73                              @ DW_AT_type
	.byte	19                              @ DW_FORM_ref4
	.byte	3                               @ DW_AT_name
	.byte	14                              @ DW_FORM_strp
	.byte	58                              @ DW_AT_decl_file
	.byte	11                              @ DW_FORM_data1
	.byte	59                              @ DW_AT_decl_line
	.byte	5                               @ DW_FORM_data2
	.byte	0                               @ EOM(1)
	.byte	0                               @ EOM(2)
	.byte	12                              @ Abbreviation Code
	.byte	19                              @ DW_TAG_structure_type
	.byte	1                               @ DW_CHILDREN_yes
	.byte	11                              @ DW_AT_byte_size
	.byte	5                               @ DW_FORM_data2
	.byte	58                              @ DW_AT_decl_file
	.byte	11                              @ DW_FORM_data1
	.byte	59                              @ DW_AT_decl_line
	.byte	5                               @ DW_FORM_data2
	.byte	0                               @ EOM(1)
	.byte	0                               @ EOM(2)
	.byte	13                              @ Abbreviation Code
	.byte	13                              @ DW_TAG_member
	.byte	0                               @ DW_CHILDREN_no
	.byte	3                               @ DW_AT_name
	.byte	14                              @ DW_FORM_strp
	.byte	73                              @ DW_AT_type
	.byte	19                              @ DW_FORM_ref4
	.byte	58                              @ DW_AT_decl_file
	.byte	11                              @ DW_FORM_data1
	.byte	59                              @ DW_AT_decl_line
	.byte	5                               @ DW_FORM_data2
	.byte	56                              @ DW_AT_data_member_location
	.byte	11                              @ DW_FORM_data1
	.byte	0                               @ EOM(1)
	.byte	0                               @ EOM(2)
	.byte	14                              @ Abbreviation Code
	.byte	23                              @ DW_TAG_union_type
	.byte	1                               @ DW_CHILDREN_yes
	.byte	11                              @ DW_AT_byte_size
	.byte	11                              @ DW_FORM_data1
	.byte	58                              @ DW_AT_decl_file
	.byte	11                              @ DW_FORM_data1
	.byte	59                              @ DW_AT_decl_line
	.byte	5                               @ DW_FORM_data2
	.byte	0                               @ EOM(1)
	.byte	0                               @ EOM(2)
	.byte	15                              @ Abbreviation Code
	.byte	13                              @ DW_TAG_member
	.byte	0                               @ DW_CHILDREN_no
	.byte	3                               @ DW_AT_name
	.byte	14                              @ DW_FORM_strp
	.byte	73                              @ DW_AT_type
	.byte	19                              @ DW_FORM_ref4
	.byte	58                              @ DW_AT_decl_file
	.byte	11                              @ DW_FORM_data1
	.byte	59                              @ DW_AT_decl_line
	.byte	5                               @ DW_FORM_data2
	.byte	56                              @ DW_AT_data_member_location
	.byte	5                               @ DW_FORM_data2
	.byte	0                               @ EOM(1)
	.byte	0                               @ EOM(2)
	.byte	16                              @ Abbreviation Code
	.byte	33                              @ DW_TAG_subrange_type
	.byte	0                               @ DW_CHILDREN_no
	.byte	73                              @ DW_AT_type
	.byte	19                              @ DW_FORM_ref4
	.byte	55                              @ DW_AT_count
	.byte	5                               @ DW_FORM_data2
	.byte	0                               @ EOM(1)
	.byte	0                               @ EOM(2)
	.byte	17                              @ Abbreviation Code
	.byte	38                              @ DW_TAG_const_type
	.byte	0                               @ DW_CHILDREN_no
	.byte	73                              @ DW_AT_type
	.byte	19                              @ DW_FORM_ref4
	.byte	0                               @ EOM(1)
	.byte	0                               @ EOM(2)
	.byte	18                              @ Abbreviation Code
	.byte	46                              @ DW_TAG_subprogram
	.byte	1                               @ DW_CHILDREN_yes
	.byte	17                              @ DW_AT_low_pc
	.byte	1                               @ DW_FORM_addr
	.byte	18                              @ DW_AT_high_pc
	.byte	6                               @ DW_FORM_data4
	.byte	64                              @ DW_AT_frame_base
	.byte	24                              @ DW_FORM_exprloc
	.byte	3                               @ DW_AT_name
	.byte	14                              @ DW_FORM_strp
	.byte	58                              @ DW_AT_decl_file
	.byte	11                              @ DW_FORM_data1
	.byte	59                              @ DW_AT_decl_line
	.byte	11                              @ DW_FORM_data1
	.byte	39                              @ DW_AT_prototyped
	.byte	25                              @ DW_FORM_flag_present
	.byte	73                              @ DW_AT_type
	.byte	19                              @ DW_FORM_ref4
	.byte	63                              @ DW_AT_external
	.byte	25                              @ DW_FORM_flag_present
	.byte	0                               @ EOM(1)
	.byte	0                               @ EOM(2)
	.byte	19                              @ Abbreviation Code
	.byte	5                               @ DW_TAG_formal_parameter
	.byte	0                               @ DW_CHILDREN_no
	.byte	2                               @ DW_AT_location
	.byte	24                              @ DW_FORM_exprloc
	.byte	3                               @ DW_AT_name
	.byte	14                              @ DW_FORM_strp
	.byte	58                              @ DW_AT_decl_file
	.byte	11                              @ DW_FORM_data1
	.byte	59                              @ DW_AT_decl_line
	.byte	11                              @ DW_FORM_data1
	.byte	73                              @ DW_AT_type
	.byte	19                              @ DW_FORM_ref4
	.byte	0                               @ EOM(1)
	.byte	0                               @ EOM(2)
	.byte	20                              @ Abbreviation Code
	.byte	46                              @ DW_TAG_subprogram
	.byte	1                               @ DW_CHILDREN_yes
	.byte	17                              @ DW_AT_low_pc
	.byte	1                               @ DW_FORM_addr
	.byte	18                              @ DW_AT_high_pc
	.byte	6                               @ DW_FORM_data4
	.byte	64                              @ DW_AT_frame_base
	.byte	24                              @ DW_FORM_exprloc
	.byte	3                               @ DW_AT_name
	.byte	14                              @ DW_FORM_strp
	.byte	58                              @ DW_AT_decl_file
	.byte	11                              @ DW_FORM_data1
	.byte	59                              @ DW_AT_decl_line
	.byte	5                               @ DW_FORM_data2
	.byte	39                              @ DW_AT_prototyped
	.byte	25                              @ DW_FORM_flag_present
	.byte	73                              @ DW_AT_type
	.byte	19                              @ DW_FORM_ref4
	.byte	0                               @ EOM(1)
	.byte	0                               @ EOM(2)
	.byte	21                              @ Abbreviation Code
	.byte	5                               @ DW_TAG_formal_parameter
	.byte	0                               @ DW_CHILDREN_no
	.byte	2                               @ DW_AT_location
	.byte	24                              @ DW_FORM_exprloc
	.byte	3                               @ DW_AT_name
	.byte	14                              @ DW_FORM_strp
	.byte	58                              @ DW_AT_decl_file
	.byte	11                              @ DW_FORM_data1
	.byte	59                              @ DW_AT_decl_line
	.byte	5                               @ DW_FORM_data2
	.byte	73                              @ DW_AT_type
	.byte	19                              @ DW_FORM_ref4
	.byte	0                               @ EOM(1)
	.byte	0                               @ EOM(2)
	.byte	22                              @ Abbreviation Code
	.byte	46                              @ DW_TAG_subprogram
	.byte	1                               @ DW_CHILDREN_yes
	.byte	17                              @ DW_AT_low_pc
	.byte	1                               @ DW_FORM_addr
	.byte	18                              @ DW_AT_high_pc
	.byte	6                               @ DW_FORM_data4
	.byte	64                              @ DW_AT_frame_base
	.byte	24                              @ DW_FORM_exprloc
	.byte	3                               @ DW_AT_name
	.byte	14                              @ DW_FORM_strp
	.byte	58                              @ DW_AT_decl_file
	.byte	11                              @ DW_FORM_data1
	.byte	59                              @ DW_AT_decl_line
	.byte	11                              @ DW_FORM_data1
	.byte	39                              @ DW_AT_prototyped
	.byte	25                              @ DW_FORM_flag_present
	.byte	63                              @ DW_AT_external
	.byte	25                              @ DW_FORM_flag_present
	.byte	0                               @ EOM(1)
	.byte	0                               @ EOM(2)
	.byte	23                              @ Abbreviation Code
	.byte	52                              @ DW_TAG_variable
	.byte	0                               @ DW_CHILDREN_no
	.byte	2                               @ DW_AT_location
	.byte	24                              @ DW_FORM_exprloc
	.byte	3                               @ DW_AT_name
	.byte	14                              @ DW_FORM_strp
	.byte	58                              @ DW_AT_decl_file
	.byte	11                              @ DW_FORM_data1
	.byte	59                              @ DW_AT_decl_line
	.byte	11                              @ DW_FORM_data1
	.byte	73                              @ DW_AT_type
	.byte	19                              @ DW_FORM_ref4
	.byte	0                               @ EOM(1)
	.byte	0                               @ EOM(2)
	.byte	24                              @ Abbreviation Code
	.byte	46                              @ DW_TAG_subprogram
	.byte	0                               @ DW_CHILDREN_no
	.byte	17                              @ DW_AT_low_pc
	.byte	1                               @ DW_FORM_addr
	.byte	18                              @ DW_AT_high_pc
	.byte	6                               @ DW_FORM_data4
	.byte	64                              @ DW_AT_frame_base
	.byte	24                              @ DW_FORM_exprloc
	.byte	3                               @ DW_AT_name
	.byte	14                              @ DW_FORM_strp
	.byte	58                              @ DW_AT_decl_file
	.byte	11                              @ DW_FORM_data1
	.byte	59                              @ DW_AT_decl_line
	.byte	11                              @ DW_FORM_data1
	.byte	39                              @ DW_AT_prototyped
	.byte	25                              @ DW_FORM_flag_present
	.byte	73                              @ DW_AT_type
	.byte	19                              @ DW_FORM_ref4
	.byte	63                              @ DW_AT_external
	.byte	25                              @ DW_FORM_flag_present
	.byte	0                               @ EOM(1)
	.byte	0                               @ EOM(2)
	.byte	25                              @ Abbreviation Code
	.byte	19                              @ DW_TAG_structure_type
	.byte	1                               @ DW_CHILDREN_yes
	.byte	3                               @ DW_AT_name
	.byte	14                              @ DW_FORM_strp
	.byte	11                              @ DW_AT_byte_size
	.byte	11                              @ DW_FORM_data1
	.byte	58                              @ DW_AT_decl_file
	.byte	11                              @ DW_FORM_data1
	.byte	59                              @ DW_AT_decl_line
	.byte	11                              @ DW_FORM_data1
	.byte	0                               @ EOM(1)
	.byte	0                               @ EOM(2)
	.byte	26                              @ Abbreviation Code
	.byte	13                              @ DW_TAG_member
	.byte	0                               @ DW_CHILDREN_no
	.byte	3                               @ DW_AT_name
	.byte	14                              @ DW_FORM_strp
	.byte	73                              @ DW_AT_type
	.byte	19                              @ DW_FORM_ref4
	.byte	58                              @ DW_AT_decl_file
	.byte	11                              @ DW_FORM_data1
	.byte	59                              @ DW_AT_decl_line
	.byte	11                              @ DW_FORM_data1
	.byte	56                              @ DW_AT_data_member_location
	.byte	11                              @ DW_FORM_data1
	.byte	0                               @ EOM(1)
	.byte	0                               @ EOM(2)
	.byte	27                              @ Abbreviation Code
	.byte	23                              @ DW_TAG_union_type
	.byte	1                               @ DW_CHILDREN_yes
	.byte	11                              @ DW_AT_byte_size
	.byte	11                              @ DW_FORM_data1
	.byte	58                              @ DW_AT_decl_file
	.byte	11                              @ DW_FORM_data1
	.byte	59                              @ DW_AT_decl_line
	.byte	11                              @ DW_FORM_data1
	.byte	0                               @ EOM(1)
	.byte	0                               @ EOM(2)
	.byte	28                              @ Abbreviation Code
	.byte	15                              @ DW_TAG_pointer_type
	.byte	0                               @ DW_CHILDREN_no
	.byte	0                               @ EOM(1)
	.byte	0                               @ EOM(2)
	.byte	0                               @ EOM(3)
	.section	.debug_info,"",%progbits
.Lcu_begin0:
	.long	.Ldebug_info_end0-.Ldebug_info_start0 @ Length of Unit
.Ldebug_info_start0:
	.short	4                               @ DWARF version number
	.long	.debug_abbrev                   @ Offset Into Abbrev. Section
	.byte	4                               @ Address Size (in bytes)
	.byte	1                               @ Abbrev [1] 0xb:0x497 DW_TAG_compile_unit
	.long	.Linfo_string0                  @ DW_AT_producer
	.short	12                              @ DW_AT_language
	.long	.Linfo_string1                  @ DW_AT_name
	.long	.Lline_table_start0             @ DW_AT_stmt_list
	.long	.Linfo_string2                  @ DW_AT_comp_dir
	.long	0                               @ DW_AT_low_pc
	.long	.Ldebug_ranges0                 @ DW_AT_ranges
	.byte	2                               @ Abbrev [2] 0x26:0xd DW_TAG_variable
	.long	51                              @ DW_AT_type
	.byte	1                               @ DW_AT_decl_file
	.byte	39                              @ DW_AT_decl_line
	.byte	5                               @ DW_AT_location
	.byte	3
	.long	.L.str
	.byte	3                               @ Abbrev [3] 0x33:0xc DW_TAG_array_type
	.long	63                              @ DW_AT_type
	.byte	4                               @ Abbrev [4] 0x38:0x6 DW_TAG_subrange_type
	.long	70                              @ DW_AT_type
	.byte	18                              @ DW_AT_count
	.byte	0                               @ End Of Children Mark
	.byte	5                               @ Abbrev [5] 0x3f:0x7 DW_TAG_base_type
	.long	.Linfo_string3                  @ DW_AT_name
	.byte	8                               @ DW_AT_encoding
	.byte	1                               @ DW_AT_byte_size
	.byte	6                               @ Abbrev [6] 0x46:0x7 DW_TAG_base_type
	.long	.Linfo_string4                  @ DW_AT_name
	.byte	8                               @ DW_AT_byte_size
	.byte	7                               @ DW_AT_encoding
	.byte	2                               @ Abbrev [2] 0x4d:0xd DW_TAG_variable
	.long	51                              @ DW_AT_type
	.byte	1                               @ DW_AT_decl_file
	.byte	62                              @ DW_AT_decl_line
	.byte	5                               @ DW_AT_location
	.byte	3
	.long	.L.str.1
	.byte	2                               @ Abbrev [2] 0x5a:0xd DW_TAG_variable
	.long	103                             @ DW_AT_type
	.byte	1                               @ DW_AT_decl_file
	.byte	78                              @ DW_AT_decl_line
	.byte	5                               @ DW_AT_location
	.byte	3
	.long	.L.str.2
	.byte	3                               @ Abbrev [3] 0x67:0xc DW_TAG_array_type
	.long	63                              @ DW_AT_type
	.byte	4                               @ Abbrev [4] 0x6c:0x6 DW_TAG_subrange_type
	.long	70                              @ DW_AT_type
	.byte	17                              @ DW_AT_count
	.byte	0                               @ End Of Children Mark
	.byte	2                               @ Abbrev [2] 0x73:0xd DW_TAG_variable
	.long	128                             @ DW_AT_type
	.byte	1                               @ DW_AT_decl_file
	.byte	90                              @ DW_AT_decl_line
	.byte	5                               @ DW_AT_location
	.byte	3
	.long	.L.str.3
	.byte	3                               @ Abbrev [3] 0x80:0xc DW_TAG_array_type
	.long	63                              @ DW_AT_type
	.byte	4                               @ Abbrev [4] 0x85:0x6 DW_TAG_subrange_type
	.long	70                              @ DW_AT_type
	.byte	5                               @ DW_AT_count
	.byte	0                               @ End Of Children Mark
	.byte	7                               @ Abbrev [7] 0x8c:0x11 DW_TAG_variable
	.long	.Linfo_string5                  @ DW_AT_name
	.long	157                             @ DW_AT_type
                                        @ DW_AT_external
	.byte	1                               @ DW_AT_decl_file
	.byte	13                              @ DW_AT_decl_line
	.byte	5                               @ DW_AT_location
	.byte	3
	.long	task1
	.byte	8                               @ Abbrev [8] 0x9d:0xb DW_TAG_typedef
	.long	168                             @ DW_AT_type
	.long	.Linfo_string8                  @ DW_AT_name
	.byte	3                               @ DW_AT_decl_file
	.byte	6                               @ DW_AT_decl_line
	.byte	8                               @ Abbrev [8] 0xa8:0xb DW_TAG_typedef
	.long	179                             @ DW_AT_type
	.long	.Linfo_string7                  @ DW_AT_name
	.byte	2                               @ DW_AT_decl_file
	.byte	64                              @ DW_AT_decl_line
	.byte	5                               @ Abbrev [5] 0xb3:0x7 DW_TAG_base_type
	.long	.Linfo_string6                  @ DW_AT_name
	.byte	7                               @ DW_AT_encoding
	.byte	4                               @ DW_AT_byte_size
	.byte	7                               @ Abbrev [7] 0xba:0x11 DW_TAG_variable
	.long	.Linfo_string9                  @ DW_AT_name
	.long	157                             @ DW_AT_type
                                        @ DW_AT_external
	.byte	1                               @ DW_AT_decl_file
	.byte	13                              @ DW_AT_decl_line
	.byte	5                               @ DW_AT_location
	.byte	3
	.long	task2
	.byte	7                               @ Abbrev [7] 0xcb:0x11 DW_TAG_variable
	.long	.Linfo_string10                 @ DW_AT_name
	.long	220                             @ DW_AT_type
                                        @ DW_AT_external
	.byte	1                               @ DW_AT_decl_file
	.byte	14                              @ DW_AT_decl_line
	.byte	5                               @ DW_AT_location
	.byte	3
	.long	stack1
	.byte	3                               @ Abbrev [3] 0xdc:0xc DW_TAG_array_type
	.long	168                             @ DW_AT_type
	.byte	4                               @ Abbrev [4] 0xe1:0x6 DW_TAG_subrange_type
	.long	70                              @ DW_AT_type
	.byte	128                             @ DW_AT_count
	.byte	0                               @ End Of Children Mark
	.byte	7                               @ Abbrev [7] 0xe8:0x11 DW_TAG_variable
	.long	.Linfo_string11                 @ DW_AT_name
	.long	220                             @ DW_AT_type
                                        @ DW_AT_external
	.byte	1                               @ DW_AT_decl_file
	.byte	15                              @ DW_AT_decl_line
	.byte	5                               @ DW_AT_location
	.byte	3
	.long	stack2
	.byte	7                               @ Abbrev [7] 0xf9:0x11 DW_TAG_variable
	.long	.Linfo_string12                 @ DW_AT_name
	.long	266                             @ DW_AT_type
                                        @ DW_AT_external
	.byte	1                               @ DW_AT_decl_file
	.byte	16                              @ DW_AT_decl_line
	.byte	5                               @ DW_AT_location
	.byte	3
	.long	printf_mutex
	.byte	9                               @ Abbrev [9] 0x10a:0x5 DW_TAG_volatile_type
	.long	168                             @ DW_AT_type
	.byte	10                              @ Abbrev [10] 0x10f:0x5 DW_TAG_pointer_type
	.long	276                             @ DW_AT_type
	.byte	11                              @ Abbrev [11] 0x114:0xc DW_TAG_typedef
	.long	288                             @ DW_AT_type
	.long	.Linfo_string44                 @ DW_AT_name
	.byte	4                               @ DW_AT_decl_file
	.short	789                             @ DW_AT_decl_line
	.byte	12                              @ Abbrev [12] 0x120:0x182 DW_TAG_structure_type
	.short	4096                            @ DW_AT_byte_size
	.byte	4                               @ DW_AT_decl_file
	.short	758                             @ DW_AT_decl_line
	.byte	13                              @ Abbrev [13] 0x126:0xd DW_TAG_member
	.long	.Linfo_string13                 @ DW_AT_name
	.long	674                             @ DW_AT_type
	.byte	4                               @ DW_AT_decl_file
	.short	765                             @ DW_AT_decl_line
	.byte	0                               @ DW_AT_data_member_location
	.byte	14                              @ Abbrev [14] 0x133:0x2d DW_TAG_union_type
	.byte	4                               @ DW_AT_byte_size
	.byte	4                               @ DW_AT_decl_file
	.short	760                             @ DW_AT_decl_line
	.byte	13                              @ Abbrev [13] 0x138:0xd DW_TAG_member
	.long	.Linfo_string14                 @ DW_AT_name
	.long	691                             @ DW_AT_type
	.byte	4                               @ DW_AT_decl_file
	.short	762                             @ DW_AT_decl_line
	.byte	0                               @ DW_AT_data_member_location
	.byte	13                              @ Abbrev [13] 0x145:0xd DW_TAG_member
	.long	.Linfo_string17                 @ DW_AT_name
	.long	714                             @ DW_AT_type
	.byte	4                               @ DW_AT_decl_file
	.short	763                             @ DW_AT_decl_line
	.byte	0                               @ DW_AT_data_member_location
	.byte	13                              @ Abbrev [13] 0x152:0xd DW_TAG_member
	.long	.Linfo_string20                 @ DW_AT_name
	.long	266                             @ DW_AT_type
	.byte	4                               @ DW_AT_decl_file
	.short	764                             @ DW_AT_decl_line
	.byte	0                               @ DW_AT_data_member_location
	.byte	0                               @ End Of Children Mark
	.byte	13                              @ Abbrev [13] 0x160:0xd DW_TAG_member
	.long	.Linfo_string21                 @ DW_AT_name
	.long	737                             @ DW_AT_type
	.byte	4                               @ DW_AT_decl_file
	.short	766                             @ DW_AT_decl_line
	.byte	128                             @ DW_AT_data_member_location
	.byte	15                              @ Abbrev [15] 0x16d:0xe DW_TAG_member
	.long	.Linfo_string22                 @ DW_AT_name
	.long	266                             @ DW_AT_type
	.byte	4                               @ DW_AT_decl_file
	.short	767                             @ DW_AT_decl_line
	.short	3584                            @ DW_AT_data_member_location
	.byte	15                              @ Abbrev [15] 0x17b:0xe DW_TAG_member
	.long	.Linfo_string23                 @ DW_AT_name
	.long	750                             @ DW_AT_type
	.byte	4                               @ DW_AT_decl_file
	.short	768                             @ DW_AT_decl_line
	.short	3588                            @ DW_AT_data_member_location
	.byte	15                              @ Abbrev [15] 0x189:0xe DW_TAG_member
	.long	.Linfo_string24                 @ DW_AT_name
	.long	266                             @ DW_AT_type
	.byte	4                               @ DW_AT_decl_file
	.short	769                             @ DW_AT_decl_line
	.short	3648                            @ DW_AT_data_member_location
	.byte	15                              @ Abbrev [15] 0x197:0xe DW_TAG_member
	.long	.Linfo_string25                 @ DW_AT_name
	.long	750                             @ DW_AT_type
	.byte	4                               @ DW_AT_decl_file
	.short	770                             @ DW_AT_decl_line
	.short	3652                            @ DW_AT_data_member_location
	.byte	15                              @ Abbrev [15] 0x1a5:0xe DW_TAG_member
	.long	.Linfo_string26                 @ DW_AT_name
	.long	266                             @ DW_AT_type
	.byte	4                               @ DW_AT_decl_file
	.short	771                             @ DW_AT_decl_line
	.short	3712                            @ DW_AT_data_member_location
	.byte	15                              @ Abbrev [15] 0x1b3:0xe DW_TAG_member
	.long	.Linfo_string27                 @ DW_AT_name
	.long	762                             @ DW_AT_type
	.byte	4                               @ DW_AT_decl_file
	.short	772                             @ DW_AT_decl_line
	.short	3716                            @ DW_AT_data_member_location
	.byte	15                              @ Abbrev [15] 0x1c1:0xe DW_TAG_member
	.long	.Linfo_string28                 @ DW_AT_name
	.long	774                             @ DW_AT_type
	.byte	4                               @ DW_AT_decl_file
	.short	773                             @ DW_AT_decl_line
	.short	3844                            @ DW_AT_data_member_location
	.byte	15                              @ Abbrev [15] 0x1cf:0xe DW_TAG_member
	.long	.Linfo_string29                 @ DW_AT_name
	.long	266                             @ DW_AT_type
	.byte	4                               @ DW_AT_decl_file
	.short	774                             @ DW_AT_decl_line
	.short	4016                            @ DW_AT_data_member_location
	.byte	15                              @ Abbrev [15] 0x1dd:0xe DW_TAG_member
	.long	.Linfo_string30                 @ DW_AT_name
	.long	786                             @ DW_AT_type
	.byte	4                               @ DW_AT_decl_file
	.short	775                             @ DW_AT_decl_line
	.short	4020                            @ DW_AT_data_member_location
	.byte	15                              @ Abbrev [15] 0x1eb:0xe DW_TAG_member
	.long	.Linfo_string31                 @ DW_AT_name
	.long	791                             @ DW_AT_type
	.byte	4                               @ DW_AT_decl_file
	.short	776                             @ DW_AT_decl_line
	.short	4024                            @ DW_AT_data_member_location
	.byte	15                              @ Abbrev [15] 0x1f9:0xe DW_TAG_member
	.long	.Linfo_string32                 @ DW_AT_name
	.long	786                             @ DW_AT_type
	.byte	4                               @ DW_AT_decl_file
	.short	777                             @ DW_AT_decl_line
	.short	4048                            @ DW_AT_data_member_location
	.byte	15                              @ Abbrev [15] 0x207:0xe DW_TAG_member
	.long	.Linfo_string33                 @ DW_AT_name
	.long	786                             @ DW_AT_type
	.byte	4                               @ DW_AT_decl_file
	.short	778                             @ DW_AT_decl_line
	.short	4052                            @ DW_AT_data_member_location
	.byte	15                              @ Abbrev [15] 0x215:0xe DW_TAG_member
	.long	.Linfo_string34                 @ DW_AT_name
	.long	786                             @ DW_AT_type
	.byte	4                               @ DW_AT_decl_file
	.short	779                             @ DW_AT_decl_line
	.short	4056                            @ DW_AT_data_member_location
	.byte	15                              @ Abbrev [15] 0x223:0xe DW_TAG_member
	.long	.Linfo_string35                 @ DW_AT_name
	.long	786                             @ DW_AT_type
	.byte	4                               @ DW_AT_decl_file
	.short	780                             @ DW_AT_decl_line
	.short	4060                            @ DW_AT_data_member_location
	.byte	15                              @ Abbrev [15] 0x231:0xe DW_TAG_member
	.long	.Linfo_string36                 @ DW_AT_name
	.long	786                             @ DW_AT_type
	.byte	4                               @ DW_AT_decl_file
	.short	781                             @ DW_AT_decl_line
	.short	4064                            @ DW_AT_data_member_location
	.byte	15                              @ Abbrev [15] 0x23f:0xe DW_TAG_member
	.long	.Linfo_string37                 @ DW_AT_name
	.long	786                             @ DW_AT_type
	.byte	4                               @ DW_AT_decl_file
	.short	782                             @ DW_AT_decl_line
	.short	4068                            @ DW_AT_data_member_location
	.byte	15                              @ Abbrev [15] 0x24d:0xe DW_TAG_member
	.long	.Linfo_string38                 @ DW_AT_name
	.long	786                             @ DW_AT_type
	.byte	4                               @ DW_AT_decl_file
	.short	783                             @ DW_AT_decl_line
	.short	4072                            @ DW_AT_data_member_location
	.byte	15                              @ Abbrev [15] 0x25b:0xe DW_TAG_member
	.long	.Linfo_string39                 @ DW_AT_name
	.long	786                             @ DW_AT_type
	.byte	4                               @ DW_AT_decl_file
	.short	784                             @ DW_AT_decl_line
	.short	4076                            @ DW_AT_data_member_location
	.byte	15                              @ Abbrev [15] 0x269:0xe DW_TAG_member
	.long	.Linfo_string40                 @ DW_AT_name
	.long	786                             @ DW_AT_type
	.byte	4                               @ DW_AT_decl_file
	.short	785                             @ DW_AT_decl_line
	.short	4080                            @ DW_AT_data_member_location
	.byte	15                              @ Abbrev [15] 0x277:0xe DW_TAG_member
	.long	.Linfo_string41                 @ DW_AT_name
	.long	786                             @ DW_AT_type
	.byte	4                               @ DW_AT_decl_file
	.short	786                             @ DW_AT_decl_line
	.short	4084                            @ DW_AT_data_member_location
	.byte	15                              @ Abbrev [15] 0x285:0xe DW_TAG_member
	.long	.Linfo_string42                 @ DW_AT_name
	.long	786                             @ DW_AT_type
	.byte	4                               @ DW_AT_decl_file
	.short	787                             @ DW_AT_decl_line
	.short	4088                            @ DW_AT_data_member_location
	.byte	15                              @ Abbrev [15] 0x293:0xe DW_TAG_member
	.long	.Linfo_string43                 @ DW_AT_name
	.long	786                             @ DW_AT_type
	.byte	4                               @ DW_AT_decl_file
	.short	788                             @ DW_AT_decl_line
	.short	4092                            @ DW_AT_data_member_location
	.byte	0                               @ End Of Children Mark
	.byte	3                               @ Abbrev [3] 0x2a2:0xc DW_TAG_array_type
	.long	686                             @ DW_AT_type
	.byte	4                               @ Abbrev [4] 0x2a7:0x6 DW_TAG_subrange_type
	.long	70                              @ DW_AT_type
	.byte	32                              @ DW_AT_count
	.byte	0                               @ End Of Children Mark
	.byte	9                               @ Abbrev [9] 0x2ae:0x5 DW_TAG_volatile_type
	.long	307                             @ DW_AT_type
	.byte	9                               @ Abbrev [9] 0x2b3:0x5 DW_TAG_volatile_type
	.long	696                             @ DW_AT_type
	.byte	8                               @ Abbrev [8] 0x2b8:0xb DW_TAG_typedef
	.long	707                             @ DW_AT_type
	.long	.Linfo_string16                 @ DW_AT_name
	.byte	2                               @ DW_AT_decl_file
	.byte	62                              @ DW_AT_decl_line
	.byte	5                               @ Abbrev [5] 0x2c3:0x7 DW_TAG_base_type
	.long	.Linfo_string15                 @ DW_AT_name
	.byte	8                               @ DW_AT_encoding
	.byte	1                               @ DW_AT_byte_size
	.byte	9                               @ Abbrev [9] 0x2ca:0x5 DW_TAG_volatile_type
	.long	719                             @ DW_AT_type
	.byte	8                               @ Abbrev [8] 0x2cf:0xb DW_TAG_typedef
	.long	730                             @ DW_AT_type
	.long	.Linfo_string19                 @ DW_AT_name
	.byte	2                               @ DW_AT_decl_file
	.byte	63                              @ DW_AT_decl_line
	.byte	5                               @ Abbrev [5] 0x2da:0x7 DW_TAG_base_type
	.long	.Linfo_string18                 @ DW_AT_name
	.byte	7                               @ DW_AT_encoding
	.byte	2                               @ DW_AT_byte_size
	.byte	3                               @ Abbrev [3] 0x2e1:0xd DW_TAG_array_type
	.long	168                             @ DW_AT_type
	.byte	16                              @ Abbrev [16] 0x2e6:0x7 DW_TAG_subrange_type
	.long	70                              @ DW_AT_type
	.short	864                             @ DW_AT_count
	.byte	0                               @ End Of Children Mark
	.byte	3                               @ Abbrev [3] 0x2ee:0xc DW_TAG_array_type
	.long	168                             @ DW_AT_type
	.byte	4                               @ Abbrev [4] 0x2f3:0x6 DW_TAG_subrange_type
	.long	70                              @ DW_AT_type
	.byte	15                              @ DW_AT_count
	.byte	0                               @ End Of Children Mark
	.byte	3                               @ Abbrev [3] 0x2fa:0xc DW_TAG_array_type
	.long	168                             @ DW_AT_type
	.byte	4                               @ Abbrev [4] 0x2ff:0x6 DW_TAG_subrange_type
	.long	70                              @ DW_AT_type
	.byte	32                              @ DW_AT_count
	.byte	0                               @ End Of Children Mark
	.byte	3                               @ Abbrev [3] 0x306:0xc DW_TAG_array_type
	.long	168                             @ DW_AT_type
	.byte	4                               @ Abbrev [4] 0x30b:0x6 DW_TAG_subrange_type
	.long	70                              @ DW_AT_type
	.byte	43                              @ DW_AT_count
	.byte	0                               @ End Of Children Mark
	.byte	17                              @ Abbrev [17] 0x312:0x5 DW_TAG_const_type
	.long	266                             @ DW_AT_type
	.byte	3                               @ Abbrev [3] 0x317:0xc DW_TAG_array_type
	.long	168                             @ DW_AT_type
	.byte	4                               @ Abbrev [4] 0x31c:0x6 DW_TAG_subrange_type
	.long	70                              @ DW_AT_type
	.byte	6                               @ DW_AT_count
	.byte	0                               @ End Of Children Mark
	.byte	18                              @ Abbrev [18] 0x323:0x32 DW_TAG_subprogram
	.long	.Lfunc_begin0                   @ DW_AT_low_pc
	.long	.Lfunc_end0-.Lfunc_begin0       @ DW_AT_high_pc
	.byte	1                               @ DW_AT_frame_base
	.byte	93
	.long	.Linfo_string45                 @ DW_AT_name
	.byte	1                               @ DW_AT_decl_file
	.byte	17                              @ DW_AT_decl_line
                                        @ DW_AT_prototyped
	.long	1092                            @ DW_AT_type
                                        @ DW_AT_external
	.byte	19                              @ Abbrev [19] 0x338:0xe DW_TAG_formal_parameter
	.byte	2                               @ DW_AT_location
	.byte	145
	.byte	4
	.long	.Linfo_string52                 @ DW_AT_name
	.byte	1                               @ DW_AT_decl_file
	.byte	17                              @ DW_AT_decl_line
	.long	1092                            @ DW_AT_type
	.byte	19                              @ Abbrev [19] 0x346:0xe DW_TAG_formal_parameter
	.byte	2                               @ DW_AT_location
	.byte	145
	.byte	0
	.long	.Linfo_string53                 @ DW_AT_name
	.byte	1                               @ DW_AT_decl_file
	.byte	17                              @ DW_AT_decl_line
	.long	1099                            @ DW_AT_type
	.byte	0                               @ End Of Children Mark
	.byte	20                              @ Abbrev [20] 0x355:0x26 DW_TAG_subprogram
	.long	.Lfunc_begin1                   @ DW_AT_low_pc
	.long	.Lfunc_end1-.Lfunc_begin1       @ DW_AT_high_pc
	.byte	1                               @ DW_AT_frame_base
	.byte	93
	.long	.Linfo_string47                 @ DW_AT_name
	.byte	4                               @ DW_AT_decl_file
	.short	1878                            @ DW_AT_decl_line
                                        @ DW_AT_prototyped
	.long	168                             @ DW_AT_type
	.byte	21                              @ Abbrev [21] 0x36b:0xf DW_TAG_formal_parameter
	.byte	2                               @ DW_AT_location
	.byte	145
	.byte	0
	.long	.Linfo_string52                 @ DW_AT_name
	.byte	4                               @ DW_AT_decl_file
	.short	1878                            @ DW_AT_decl_line
	.long	168                             @ DW_AT_type
	.byte	0                               @ End Of Children Mark
	.byte	22                              @ Abbrev [22] 0x37b:0x3c DW_TAG_subprogram
	.long	.Lfunc_begin2                   @ DW_AT_low_pc
	.long	.Lfunc_end2-.Lfunc_begin2       @ DW_AT_high_pc
	.byte	1                               @ DW_AT_frame_base
	.byte	93
	.long	.Linfo_string48                 @ DW_AT_name
	.byte	1                               @ DW_AT_decl_file
	.byte	22                              @ DW_AT_decl_line
                                        @ DW_AT_prototyped
                                        @ DW_AT_external
	.byte	19                              @ Abbrev [19] 0x38c:0xe DW_TAG_formal_parameter
	.byte	2                               @ DW_AT_location
	.byte	145
	.byte	12
	.long	.Linfo_string60                 @ DW_AT_name
	.byte	1                               @ DW_AT_decl_file
	.byte	22                              @ DW_AT_decl_line
	.long	1184                            @ DW_AT_type
	.byte	23                              @ Abbrev [23] 0x39a:0xe DW_TAG_variable
	.byte	2                               @ DW_AT_location
	.byte	145
	.byte	8
	.long	.Linfo_string61                 @ DW_AT_name
	.byte	1                               @ DW_AT_decl_file
	.byte	24                              @ DW_AT_decl_line
	.long	168                             @ DW_AT_type
	.byte	23                              @ Abbrev [23] 0x3a8:0xe DW_TAG_variable
	.byte	2                               @ DW_AT_location
	.byte	145
	.byte	4
	.long	.Linfo_string62                 @ DW_AT_name
	.byte	1                               @ DW_AT_decl_file
	.byte	24                              @ DW_AT_decl_line
	.long	168                             @ DW_AT_type
	.byte	0                               @ End Of Children Mark
	.byte	22                              @ Abbrev [22] 0x3b7:0x3c DW_TAG_subprogram
	.long	.Lfunc_begin3                   @ DW_AT_low_pc
	.long	.Lfunc_end3-.Lfunc_begin3       @ DW_AT_high_pc
	.byte	1                               @ DW_AT_frame_base
	.byte	93
	.long	.Linfo_string49                 @ DW_AT_name
	.byte	1                               @ DW_AT_decl_file
	.byte	44                              @ DW_AT_decl_line
                                        @ DW_AT_prototyped
                                        @ DW_AT_external
	.byte	19                              @ Abbrev [19] 0x3c8:0xe DW_TAG_formal_parameter
	.byte	2                               @ DW_AT_location
	.byte	145
	.byte	12
	.long	.Linfo_string60                 @ DW_AT_name
	.byte	1                               @ DW_AT_decl_file
	.byte	44                              @ DW_AT_decl_line
	.long	1184                            @ DW_AT_type
	.byte	23                              @ Abbrev [23] 0x3d6:0xe DW_TAG_variable
	.byte	2                               @ DW_AT_location
	.byte	145
	.byte	8
	.long	.Linfo_string61                 @ DW_AT_name
	.byte	1                               @ DW_AT_decl_file
	.byte	46                              @ DW_AT_decl_line
	.long	168                             @ DW_AT_type
	.byte	23                              @ Abbrev [23] 0x3e4:0xe DW_TAG_variable
	.byte	2                               @ DW_AT_location
	.byte	145
	.byte	4
	.long	.Linfo_string62                 @ DW_AT_name
	.byte	1                               @ DW_AT_decl_file
	.byte	46                              @ DW_AT_decl_line
	.long	168                             @ DW_AT_type
	.byte	0                               @ End Of Children Mark
	.byte	22                              @ Abbrev [22] 0x3f3:0x3c DW_TAG_subprogram
	.long	.Lfunc_begin4                   @ DW_AT_low_pc
	.long	.Lfunc_end4-.Lfunc_begin4       @ DW_AT_high_pc
	.byte	1                               @ DW_AT_frame_base
	.byte	93
	.long	.Linfo_string50                 @ DW_AT_name
	.byte	1                               @ DW_AT_decl_file
	.byte	67                              @ DW_AT_decl_line
                                        @ DW_AT_prototyped
                                        @ DW_AT_external
	.byte	19                              @ Abbrev [19] 0x404:0xe DW_TAG_formal_parameter
	.byte	2                               @ DW_AT_location
	.byte	145
	.byte	12
	.long	.Linfo_string60                 @ DW_AT_name
	.byte	1                               @ DW_AT_decl_file
	.byte	67                              @ DW_AT_decl_line
	.long	1184                            @ DW_AT_type
	.byte	23                              @ Abbrev [23] 0x412:0xe DW_TAG_variable
	.byte	2                               @ DW_AT_location
	.byte	145
	.byte	8
	.long	.Linfo_string61                 @ DW_AT_name
	.byte	1                               @ DW_AT_decl_file
	.byte	69                              @ DW_AT_decl_line
	.long	168                             @ DW_AT_type
	.byte	23                              @ Abbrev [23] 0x420:0xe DW_TAG_variable
	.byte	2                               @ DW_AT_location
	.byte	145
	.byte	4
	.long	.Linfo_string62                 @ DW_AT_name
	.byte	1                               @ DW_AT_decl_file
	.byte	69                              @ DW_AT_decl_line
	.long	168                             @ DW_AT_type
	.byte	0                               @ End Of Children Mark
	.byte	24                              @ Abbrev [24] 0x42f:0x15 DW_TAG_subprogram
	.long	.Lfunc_begin5                   @ DW_AT_low_pc
	.long	.Lfunc_end5-.Lfunc_begin5       @ DW_AT_high_pc
	.byte	1                               @ DW_AT_frame_base
	.byte	93
	.long	.Linfo_string51                 @ DW_AT_name
	.byte	1                               @ DW_AT_decl_file
	.byte	86                              @ DW_AT_decl_line
                                        @ DW_AT_prototyped
	.long	1092                            @ DW_AT_type
                                        @ DW_AT_external
	.byte	5                               @ Abbrev [5] 0x444:0x7 DW_TAG_base_type
	.long	.Linfo_string46                 @ DW_AT_name
	.byte	5                               @ DW_AT_encoding
	.byte	4                               @ DW_AT_byte_size
	.byte	10                              @ Abbrev [10] 0x44b:0x5 DW_TAG_pointer_type
	.long	1104                            @ DW_AT_type
	.byte	8                               @ Abbrev [8] 0x450:0xb DW_TAG_typedef
	.long	1115                            @ DW_AT_type
	.long	.Linfo_string59                 @ DW_AT_name
	.byte	5                               @ DW_AT_decl_file
	.byte	108                             @ DW_AT_decl_line
	.byte	25                              @ Abbrev [25] 0x45b:0x32 DW_TAG_structure_type
	.long	.Linfo_string58                 @ DW_AT_name
	.byte	84                              @ DW_AT_byte_size
	.byte	5                               @ DW_AT_decl_file
	.byte	119                             @ DW_AT_decl_line
	.byte	26                              @ Abbrev [26] 0x463:0xc DW_TAG_member
	.long	.Linfo_string54                 @ DW_AT_name
	.long	1135                            @ DW_AT_type
	.byte	5                               @ DW_AT_decl_file
	.byte	127                             @ DW_AT_decl_line
	.byte	0                               @ DW_AT_data_member_location
	.byte	27                              @ Abbrev [27] 0x46f:0x1d DW_TAG_union_type
	.byte	84                              @ DW_AT_byte_size
	.byte	5                               @ DW_AT_decl_file
	.byte	120                             @ DW_AT_decl_line
	.byte	26                              @ Abbrev [26] 0x473:0xc DW_TAG_member
	.long	.Linfo_string55                 @ DW_AT_name
	.long	1165                            @ DW_AT_type
	.byte	5                               @ DW_AT_decl_file
	.byte	121                             @ DW_AT_decl_line
	.byte	0                               @ DW_AT_data_member_location
	.byte	26                              @ Abbrev [26] 0x47f:0xc DW_TAG_member
	.long	.Linfo_string57                 @ DW_AT_name
	.long	1172                            @ DW_AT_type
	.byte	5                               @ DW_AT_decl_file
	.byte	125                             @ DW_AT_decl_line
	.byte	0                               @ DW_AT_data_member_location
	.byte	0                               @ End Of Children Mark
	.byte	0                               @ End Of Children Mark
	.byte	5                               @ Abbrev [5] 0x48d:0x7 DW_TAG_base_type
	.long	.Linfo_string56                 @ DW_AT_name
	.byte	5                               @ DW_AT_encoding
	.byte	4                               @ DW_AT_byte_size
	.byte	3                               @ Abbrev [3] 0x494:0xc DW_TAG_array_type
	.long	63                              @ DW_AT_type
	.byte	4                               @ Abbrev [4] 0x499:0x6 DW_TAG_subrange_type
	.long	70                              @ DW_AT_type
	.byte	84                              @ DW_AT_count
	.byte	0                               @ End Of Children Mark
	.byte	28                              @ Abbrev [28] 0x4a0:0x1 DW_TAG_pointer_type
	.byte	0                               @ End Of Children Mark
.Ldebug_info_end0:
	.section	.debug_ranges,"",%progbits
.Ldebug_ranges0:
	.long	.Lfunc_begin0
	.long	.Lfunc_end0
	.long	.Lfunc_begin1
	.long	.Lfunc_end1
	.long	.Lfunc_begin2
	.long	.Lfunc_end2
	.long	.Lfunc_begin3
	.long	.Lfunc_end3
	.long	.Lfunc_begin4
	.long	.Lfunc_end4
	.long	.Lfunc_begin5
	.long	.Lfunc_end5
	.long	0
	.long	0
	.section	.debug_str,"MS",%progbits,1
.Linfo_string0:
	.asciz	"Component: Arm Compiler for Embedded 6.19 Tool: armclang [5e73cb00]" @ string offset=0
.Linfo_string1:
	.asciz	"..\\main.c"                    @ string offset=68
.Linfo_string2:
	.asciz	"C:\\Users\\wilson\\program\\project\\task_scheduler\\mdk5" @ string offset=78
.Linfo_string3:
	.asciz	"char"                          @ string offset=130
.Linfo_string4:
	.asciz	"__ARRAY_SIZE_TYPE__"           @ string offset=135
.Linfo_string5:
	.asciz	"task1"                         @ string offset=155
.Linfo_string6:
	.asciz	"unsigned int"                  @ string offset=161
.Linfo_string7:
	.asciz	"uint32_t"                      @ string offset=174
.Linfo_string8:
	.asciz	"task_id_t"                     @ string offset=183
.Linfo_string9:
	.asciz	"task2"                         @ string offset=193
.Linfo_string10:
	.asciz	"stack1"                        @ string offset=199
.Linfo_string11:
	.asciz	"stack2"                        @ string offset=206
.Linfo_string12:
	.asciz	"printf_mutex"                  @ string offset=213
.Linfo_string13:
	.asciz	"PORT"                          @ string offset=226
.Linfo_string14:
	.asciz	"u8"                            @ string offset=231
.Linfo_string15:
	.asciz	"unsigned char"                 @ string offset=234
.Linfo_string16:
	.asciz	"uint8_t"                       @ string offset=248
.Linfo_string17:
	.asciz	"u16"                           @ string offset=256
.Linfo_string18:
	.asciz	"unsigned short"                @ string offset=260
.Linfo_string19:
	.asciz	"uint16_t"                      @ string offset=275
.Linfo_string20:
	.asciz	"u32"                           @ string offset=284
.Linfo_string21:
	.asciz	"RESERVED0"                     @ string offset=288
.Linfo_string22:
	.asciz	"TER"                           @ string offset=298
.Linfo_string23:
	.asciz	"RESERVED1"                     @ string offset=302
.Linfo_string24:
	.asciz	"TPR"                           @ string offset=312
.Linfo_string25:
	.asciz	"RESERVED2"                     @ string offset=316
.Linfo_string26:
	.asciz	"TCR"                           @ string offset=326
.Linfo_string27:
	.asciz	"RESERVED3"                     @ string offset=330
.Linfo_string28:
	.asciz	"RESERVED4"                     @ string offset=340
.Linfo_string29:
	.asciz	"LAR"                           @ string offset=350
.Linfo_string30:
	.asciz	"LSR"                           @ string offset=354
.Linfo_string31:
	.asciz	"RESERVED5"                     @ string offset=358
.Linfo_string32:
	.asciz	"PID4"                          @ string offset=368
.Linfo_string33:
	.asciz	"PID5"                          @ string offset=373
.Linfo_string34:
	.asciz	"PID6"                          @ string offset=378
.Linfo_string35:
	.asciz	"PID7"                          @ string offset=383
.Linfo_string36:
	.asciz	"PID0"                          @ string offset=388
.Linfo_string37:
	.asciz	"PID1"                          @ string offset=393
.Linfo_string38:
	.asciz	"PID2"                          @ string offset=398
.Linfo_string39:
	.asciz	"PID3"                          @ string offset=403
.Linfo_string40:
	.asciz	"CID0"                          @ string offset=408
.Linfo_string41:
	.asciz	"CID1"                          @ string offset=413
.Linfo_string42:
	.asciz	"CID2"                          @ string offset=418
.Linfo_string43:
	.asciz	"CID3"                          @ string offset=423
.Linfo_string44:
	.asciz	"ITM_Type"                      @ string offset=428
.Linfo_string45:
	.asciz	"fputc"                         @ string offset=437
.Linfo_string46:
	.asciz	"int"                           @ string offset=443
.Linfo_string47:
	.asciz	"ITM_SendChar"                  @ string offset=447
.Linfo_string48:
	.asciz	"task1_fun"                     @ string offset=460
.Linfo_string49:
	.asciz	"task2_fun"                     @ string offset=470
.Linfo_string50:
	.asciz	"task_idle"                     @ string offset=480
.Linfo_string51:
	.asciz	"main"                          @ string offset=490
.Linfo_string52:
	.asciz	"ch"                            @ string offset=495
.Linfo_string53:
	.asciz	"f"                             @ string offset=498
.Linfo_string54:
	.asciz	"__FILE_opaque"                 @ string offset=500
.Linfo_string55:
	.asciz	"__FILE_alignment"              @ string offset=514
.Linfo_string56:
	.asciz	"long"                          @ string offset=531
.Linfo_string57:
	.asciz	"__FILE_size"                   @ string offset=536
.Linfo_string58:
	.asciz	"__FILE"                        @ string offset=548
.Linfo_string59:
	.asciz	"FILE"                          @ string offset=555
.Linfo_string60:
	.asciz	"arg"                           @ string offset=560
.Linfo_string61:
	.asciz	"tick"                          @ string offset=564
.Linfo_string62:
	.asciz	"cur_tick"                      @ string offset=569
	.ident	"Component: Arm Compiler for Embedded 6.19 Tool: armclang [5e73cb00]"
	.section	".note.GNU-stack","",%progbits
	.eabi_attribute	30, 6	@ Tag_ABI_optimization_goals
	.ARM_attribute	16, 1	@ Tag_AV_eba
	.section	.debug_line,"",%progbits
.Lline_table_start0:
