	.text
	.syntax unified
	.eabi_attribute	67, "2.09"	@ Tag_conformance
	.cpu	cortex-m3
	.eabi_attribute	6, 10	@ Tag_CPU_arch
	.eabi_attribute	7, 77	@ Tag_CPU_arch_profile
	.eabi_attribute	8, 0	@ Tag_ARM_ISA_use
	.eabi_attribute	9, 2	@ Tag_THUMB_ISA_use
	.eabi_attribute	34, 1	@ Tag_CPU_unaligned_access
	.eabi_attribute	17, 1	@ Tag_ABI_PCS_GOT_use
	.eabi_attribute	20, 2	@ Tag_ABI_FP_denormal
	.eabi_attribute	21, 0	@ Tag_ABI_FP_exceptions
	.eabi_attribute	23, 1	@ Tag_ABI_FP_number_model
	.eabi_attribute	24, 1	@ Tag_ABI_align_needed
	.eabi_attribute	25, 1	@ Tag_ABI_align_preserved
	.eabi_attribute	38, 1	@ Tag_ABI_FP_16bit_format
	.eabi_attribute	18, 2	@ Tag_ABI_PCS_wchar_t
	.eabi_attribute	26, 1	@ Tag_ABI_enum_size
	.eabi_attribute	14, 0	@ Tag_ABI_PCS_R9_use
	.file	"system_stm32f1xx.c"
	.file	1 "C:\\Keil_v5\\ARM\\ARMCLANG\\Bin\\..\\include" "stdint.h"
	.file	2 "C:\\Users\\wilson\\program\\project\\task_scheduler\\mdk5" "../cmsis_device_f1/Source/Templates/system_stm32f1xx.c"
	.file	3 "C:\\Users\\wilson\\program\\project\\task_scheduler\\mdk5" "../cmsis_device_f1/Include\\stm32f1xx.h"
	.file	4 "C:\\Users\\wilson\\program\\project\\task_scheduler\\mdk5" "../cmsis_device_f1/Include/stm32f103x6.h"
	.section	.text.SystemInit,"ax",%progbits
	.hidden	SystemInit                      @ -- Begin function SystemInit
	.globl	SystemInit
	.p2align	2
	.type	SystemInit,%function
	.code	16                              @ @SystemInit
	.thumb_func
SystemInit:
.Lfunc_begin0:
	.loc	2 176 0                         @ ../cmsis_device_f1/Source/Templates/system_stm32f1xx.c:176:0
	.fnstart
	.cfi_sections .debug_frame
	.cfi_startproc
@ %bb.0:
	.loc	2 187 1 prologue_end            @ ../cmsis_device_f1/Source/Templates/system_stm32f1xx.c:187:1
	bx	lr
.Ltmp0:
.Lfunc_end0:
	.size	SystemInit, .Lfunc_end0-SystemInit
	.cfi_endproc
	.cantunwind
	.fnend
                                        @ -- End function
	.section	.text.SystemCoreClockUpdate,"ax",%progbits
	.hidden	SystemCoreClockUpdate           @ -- Begin function SystemCoreClockUpdate
	.globl	SystemCoreClockUpdate
	.p2align	2
	.type	SystemCoreClockUpdate,%function
	.code	16                              @ @SystemCoreClockUpdate
	.thumb_func
SystemCoreClockUpdate:
.Lfunc_begin1:
	.loc	2 225 0                         @ ../cmsis_device_f1/Source/Templates/system_stm32f1xx.c:225:0
	.fnstart
	.cfi_startproc
@ %bb.0:
	.pad	#16
	sub	sp, #16
	.cfi_def_cfa_offset 16
	movs	r0, #0
.Ltmp1:
	.loc	2 226 12 prologue_end           @ ../cmsis_device_f1/Source/Templates/system_stm32f1xx.c:226:12
	str	r0, [sp, #12]
	.loc	2 226 22 is_stmt 0              @ ../cmsis_device_f1/Source/Templates/system_stm32f1xx.c:226:22
	str	r0, [sp, #8]
	.loc	2 226 36                        @ ../cmsis_device_f1/Source/Templates/system_stm32f1xx.c:226:36
	str	r0, [sp, #4]
	movw	r0, #4100
	movt	r0, #16386
	.loc	2 237 14 is_stmt 1              @ ../cmsis_device_f1/Source/Templates/system_stm32f1xx.c:237:14
	ldr	r0, [r0]
	.loc	2 237 19 is_stmt 0              @ ../cmsis_device_f1/Source/Templates/system_stm32f1xx.c:237:19
	and	r0, r0, #12
	.loc	2 237 7                         @ ../cmsis_device_f1/Source/Templates/system_stm32f1xx.c:237:7
	str	r0, [sp, #12]
	.loc	2 239 11 is_stmt 1              @ ../cmsis_device_f1/Source/Templates/system_stm32f1xx.c:239:11
	ldr	r0, [sp, #12]
	.loc	2 239 3 is_stmt 0               @ ../cmsis_device_f1/Source/Templates/system_stm32f1xx.c:239:3
	str	r0, [sp]                        @ 4-byte Spill
	cbz	r0, .LBB1_3
	b	.LBB1_1
.LBB1_1:
	ldr	r0, [sp]                        @ 4-byte Reload
	cmp	r0, #4
	beq	.LBB1_4
	b	.LBB1_2
.LBB1_2:
	ldr	r0, [sp]                        @ 4-byte Reload
	cmp	r0, #8
	beq	.LBB1_5
	b	.LBB1_12
.LBB1_3:
.Ltmp2:
	.loc	2 242 23 is_stmt 1              @ ../cmsis_device_f1/Source/Templates/system_stm32f1xx.c:242:23
	movw	r1, :lower16:SystemCoreClock
	movt	r1, :upper16:SystemCoreClock
	movw	r0, #4608
	movt	r0, #122
	str	r0, [r1]
	.loc	2 243 7                         @ ../cmsis_device_f1/Source/Templates/system_stm32f1xx.c:243:7
	b	.LBB1_13
.LBB1_4:
	.loc	2 245 23                        @ ../cmsis_device_f1/Source/Templates/system_stm32f1xx.c:245:23
	movw	r1, :lower16:SystemCoreClock
	movt	r1, :upper16:SystemCoreClock
	movw	r0, #4608
	movt	r0, #122
	str	r0, [r1]
	.loc	2 246 7                         @ ../cmsis_device_f1/Source/Templates/system_stm32f1xx.c:246:7
	b	.LBB1_13
.LBB1_5:
	.loc	2 0 7 is_stmt 0                 @ ../cmsis_device_f1/Source/Templates/system_stm32f1xx.c:0:7
	movw	r0, #4100
	movt	r0, #16386
	.loc	2 250 22 is_stmt 1              @ ../cmsis_device_f1/Source/Templates/system_stm32f1xx.c:250:22
	ldr	r1, [r0]
	.loc	2 250 27 is_stmt 0              @ ../cmsis_device_f1/Source/Templates/system_stm32f1xx.c:250:27
	and	r1, r1, #3932160
	.loc	2 250 15                        @ ../cmsis_device_f1/Source/Templates/system_stm32f1xx.c:250:15
	str	r1, [sp, #8]
	.loc	2 251 24 is_stmt 1              @ ../cmsis_device_f1/Source/Templates/system_stm32f1xx.c:251:24
	ldr	r0, [r0]
	.loc	2 251 29 is_stmt 0              @ ../cmsis_device_f1/Source/Templates/system_stm32f1xx.c:251:29
	and	r0, r0, #65536
	.loc	2 251 17                        @ ../cmsis_device_f1/Source/Templates/system_stm32f1xx.c:251:17
	str	r0, [sp, #4]
	.loc	2 254 19 is_stmt 1              @ ../cmsis_device_f1/Source/Templates/system_stm32f1xx.c:254:19
	ldr	r1, [sp, #8]
	movs	r0, #2
	.loc	2 254 35 is_stmt 0              @ ../cmsis_device_f1/Source/Templates/system_stm32f1xx.c:254:35
	add.w	r0, r0, r1, lsr #18
	.loc	2 254 15                        @ ../cmsis_device_f1/Source/Templates/system_stm32f1xx.c:254:15
	str	r0, [sp, #8]
.Ltmp3:
	.loc	2 256 11 is_stmt 1              @ ../cmsis_device_f1/Source/Templates/system_stm32f1xx.c:256:11
	ldr	r0, [sp, #4]
.Ltmp4:
	.loc	2 256 11 is_stmt 0              @ ../cmsis_device_f1/Source/Templates/system_stm32f1xx.c:256:11
	cbnz	r0, .LBB1_7
	b	.LBB1_6
.LBB1_6:
.Ltmp5:
	.loc	2 259 47 is_stmt 1              @ ../cmsis_device_f1/Source/Templates/system_stm32f1xx.c:259:47
	ldr	r0, [sp, #8]
	movw	r1, #2304
	movt	r1, #61
	.loc	2 259 45 is_stmt 0              @ ../cmsis_device_f1/Source/Templates/system_stm32f1xx.c:259:45
	muls	r0, r1, r0
	.loc	2 259 25                        @ ../cmsis_device_f1/Source/Templates/system_stm32f1xx.c:259:25
	movw	r1, :lower16:SystemCoreClock
	movt	r1, :upper16:SystemCoreClock
	str	r0, [r1]
	.loc	2 260 7 is_stmt 1               @ ../cmsis_device_f1/Source/Templates/system_stm32f1xx.c:260:7
	b	.LBB1_11
.Ltmp6:
.LBB1_7:
	.loc	2 0 7 is_stmt 0                 @ ../cmsis_device_f1/Source/Templates/system_stm32f1xx.c:0:7
	movw	r0, #4100
	movt	r0, #16386
.Ltmp7:
	.loc	2 269 19 is_stmt 1              @ ../cmsis_device_f1/Source/Templates/system_stm32f1xx.c:269:19
	ldr	r0, [r0]
.Ltmp8:
	.loc	2 269 13 is_stmt 0              @ ../cmsis_device_f1/Source/Templates/system_stm32f1xx.c:269:13
	lsls	r0, r0, #14
	cmp	r0, #0
	bpl	.LBB1_9
	b	.LBB1_8
.LBB1_8:
.Ltmp9:
	.loc	2 271 49 is_stmt 1              @ ../cmsis_device_f1/Source/Templates/system_stm32f1xx.c:271:49
	ldr	r0, [sp, #8]
	movw	r1, #2304
	movt	r1, #61
	.loc	2 271 47 is_stmt 0              @ ../cmsis_device_f1/Source/Templates/system_stm32f1xx.c:271:47
	muls	r0, r1, r0
	.loc	2 271 27                        @ ../cmsis_device_f1/Source/Templates/system_stm32f1xx.c:271:27
	movw	r1, :lower16:SystemCoreClock
	movt	r1, :upper16:SystemCoreClock
	str	r0, [r1]
	.loc	2 272 9 is_stmt 1               @ ../cmsis_device_f1/Source/Templates/system_stm32f1xx.c:272:9
	b	.LBB1_10
.Ltmp10:
.LBB1_9:
	.loc	2 275 41                        @ ../cmsis_device_f1/Source/Templates/system_stm32f1xx.c:275:41
	ldr	r0, [sp, #8]
	movw	r1, #4608
	movt	r1, #122
	.loc	2 275 39 is_stmt 0              @ ../cmsis_device_f1/Source/Templates/system_stm32f1xx.c:275:39
	muls	r0, r1, r0
	.loc	2 275 27                        @ ../cmsis_device_f1/Source/Templates/system_stm32f1xx.c:275:27
	movw	r1, :lower16:SystemCoreClock
	movt	r1, :upper16:SystemCoreClock
	str	r0, [r1]
	b	.LBB1_10
.Ltmp11:
.LBB1_10:
	.loc	2 0 27                          @ ../cmsis_device_f1/Source/Templates/system_stm32f1xx.c:0:27
	b	.LBB1_11
.LBB1_11:
	.loc	2 318 7 is_stmt 1               @ ../cmsis_device_f1/Source/Templates/system_stm32f1xx.c:318:7
	b	.LBB1_13
.LBB1_12:
	.loc	2 321 23                        @ ../cmsis_device_f1/Source/Templates/system_stm32f1xx.c:321:23
	movw	r1, :lower16:SystemCoreClock
	movt	r1, :upper16:SystemCoreClock
	movw	r0, #4608
	movt	r0, #122
	str	r0, [r1]
	.loc	2 322 7                         @ ../cmsis_device_f1/Source/Templates/system_stm32f1xx.c:322:7
	b	.LBB1_13
.Ltmp12:
.LBB1_13:
	.loc	2 0 7 is_stmt 0                 @ ../cmsis_device_f1/Source/Templates/system_stm32f1xx.c:0:7
	movw	r0, #4100
	movt	r0, #16386
	.loc	2 327 30 is_stmt 1              @ ../cmsis_device_f1/Source/Templates/system_stm32f1xx.c:327:30
	ldr	r0, [r0]
	.loc	2 327 35 is_stmt 0              @ ../cmsis_device_f1/Source/Templates/system_stm32f1xx.c:327:35
	uxtb	r0, r0
	.loc	2 327 52                        @ ../cmsis_device_f1/Source/Templates/system_stm32f1xx.c:327:52
	lsrs	r1, r0, #4
	.loc	2 327 9                         @ ../cmsis_device_f1/Source/Templates/system_stm32f1xx.c:327:9
	movw	r0, :lower16:AHBPrescTable
	movt	r0, :upper16:AHBPrescTable
	ldrb	r0, [r0, r1]
	.loc	2 327 7                         @ ../cmsis_device_f1/Source/Templates/system_stm32f1xx.c:327:7
	str	r0, [sp, #12]
	.loc	2 329 23 is_stmt 1              @ ../cmsis_device_f1/Source/Templates/system_stm32f1xx.c:329:23
	ldr	r2, [sp, #12]
	.loc	2 329 19 is_stmt 0              @ ../cmsis_device_f1/Source/Templates/system_stm32f1xx.c:329:19
	movw	r1, :lower16:SystemCoreClock
	movt	r1, :upper16:SystemCoreClock
	ldr	r0, [r1]
	lsrs	r0, r2
	str	r0, [r1]
	.loc	2 330 1 is_stmt 1               @ ../cmsis_device_f1/Source/Templates/system_stm32f1xx.c:330:1
	add	sp, #16
	bx	lr
.Ltmp13:
.Lfunc_end1:
	.size	SystemCoreClockUpdate, .Lfunc_end1-SystemCoreClockUpdate
	.cfi_endproc
	.cantunwind
	.fnend
                                        @ -- End function
	.hidden	SystemCoreClock                 @ @SystemCoreClock
	.type	SystemCoreClock,%object
	.section	.data.SystemCoreClock,"aw",%progbits
	.globl	SystemCoreClock
	.p2align	2, 0x0
SystemCoreClock:
	.long	16000000                        @ 0xf42400
	.size	SystemCoreClock, 4

	.hidden	AHBPrescTable                   @ @AHBPrescTable
	.type	AHBPrescTable,%object
	.section	.rodata.AHBPrescTable,"a",%progbits
	.globl	AHBPrescTable
AHBPrescTable:
	.ascii	"\000\000\000\000\000\000\000\000\001\002\003\004\006\007\b\t"
	.size	AHBPrescTable, 16

	.hidden	APBPrescTable                   @ @APBPrescTable
	.type	APBPrescTable,%object
	.section	.rodata.APBPrescTable,"a",%progbits
	.globl	APBPrescTable
APBPrescTable:
	.ascii	"\000\000\000\000\001\002\003\004"
	.size	APBPrescTable, 8

	.section	.debug_abbrev,"",%progbits
	.byte	1                               @ Abbreviation Code
	.byte	17                              @ DW_TAG_compile_unit
	.byte	1                               @ DW_CHILDREN_yes
	.byte	37                              @ DW_AT_producer
	.byte	14                              @ DW_FORM_strp
	.byte	19                              @ DW_AT_language
	.byte	5                               @ DW_FORM_data2
	.byte	3                               @ DW_AT_name
	.byte	14                              @ DW_FORM_strp
	.byte	16                              @ DW_AT_stmt_list
	.byte	23                              @ DW_FORM_sec_offset
	.byte	27                              @ DW_AT_comp_dir
	.byte	14                              @ DW_FORM_strp
	.byte	17                              @ DW_AT_low_pc
	.byte	1                               @ DW_FORM_addr
	.byte	85                              @ DW_AT_ranges
	.byte	23                              @ DW_FORM_sec_offset
	.byte	0                               @ EOM(1)
	.byte	0                               @ EOM(2)
	.byte	2                               @ Abbreviation Code
	.byte	52                              @ DW_TAG_variable
	.byte	0                               @ DW_CHILDREN_no
	.byte	3                               @ DW_AT_name
	.byte	14                              @ DW_FORM_strp
	.byte	73                              @ DW_AT_type
	.byte	19                              @ DW_FORM_ref4
	.byte	63                              @ DW_AT_external
	.byte	25                              @ DW_FORM_flag_present
	.byte	58                              @ DW_AT_decl_file
	.byte	11                              @ DW_FORM_data1
	.byte	59                              @ DW_AT_decl_line
	.byte	11                              @ DW_FORM_data1
	.byte	2                               @ DW_AT_location
	.byte	24                              @ DW_FORM_exprloc
	.byte	0                               @ EOM(1)
	.byte	0                               @ EOM(2)
	.byte	3                               @ Abbreviation Code
	.byte	22                              @ DW_TAG_typedef
	.byte	0                               @ DW_CHILDREN_no
	.byte	73                              @ DW_AT_type
	.byte	19                              @ DW_FORM_ref4
	.byte	3                               @ DW_AT_name
	.byte	14                              @ DW_FORM_strp
	.byte	58                              @ DW_AT_decl_file
	.byte	11                              @ DW_FORM_data1
	.byte	59                              @ DW_AT_decl_line
	.byte	11                              @ DW_FORM_data1
	.byte	0                               @ EOM(1)
	.byte	0                               @ EOM(2)
	.byte	4                               @ Abbreviation Code
	.byte	36                              @ DW_TAG_base_type
	.byte	0                               @ DW_CHILDREN_no
	.byte	3                               @ DW_AT_name
	.byte	14                              @ DW_FORM_strp
	.byte	62                              @ DW_AT_encoding
	.byte	11                              @ DW_FORM_data1
	.byte	11                              @ DW_AT_byte_size
	.byte	11                              @ DW_FORM_data1
	.byte	0                               @ EOM(1)
	.byte	0                               @ EOM(2)
	.byte	5                               @ Abbreviation Code
	.byte	1                               @ DW_TAG_array_type
	.byte	1                               @ DW_CHILDREN_yes
	.byte	73                              @ DW_AT_type
	.byte	19                              @ DW_FORM_ref4
	.byte	0                               @ EOM(1)
	.byte	0                               @ EOM(2)
	.byte	6                               @ Abbreviation Code
	.byte	33                              @ DW_TAG_subrange_type
	.byte	0                               @ DW_CHILDREN_no
	.byte	73                              @ DW_AT_type
	.byte	19                              @ DW_FORM_ref4
	.byte	55                              @ DW_AT_count
	.byte	11                              @ DW_FORM_data1
	.byte	0                               @ EOM(1)
	.byte	0                               @ EOM(2)
	.byte	7                               @ Abbreviation Code
	.byte	38                              @ DW_TAG_const_type
	.byte	0                               @ DW_CHILDREN_no
	.byte	73                              @ DW_AT_type
	.byte	19                              @ DW_FORM_ref4
	.byte	0                               @ EOM(1)
	.byte	0                               @ EOM(2)
	.byte	8                               @ Abbreviation Code
	.byte	36                              @ DW_TAG_base_type
	.byte	0                               @ DW_CHILDREN_no
	.byte	3                               @ DW_AT_name
	.byte	14                              @ DW_FORM_strp
	.byte	11                              @ DW_AT_byte_size
	.byte	11                              @ DW_FORM_data1
	.byte	62                              @ DW_AT_encoding
	.byte	11                              @ DW_FORM_data1
	.byte	0                               @ EOM(1)
	.byte	0                               @ EOM(2)
	.byte	9                               @ Abbreviation Code
	.byte	4                               @ DW_TAG_enumeration_type
	.byte	1                               @ DW_CHILDREN_yes
	.byte	73                              @ DW_AT_type
	.byte	19                              @ DW_FORM_ref4
	.byte	11                              @ DW_AT_byte_size
	.byte	11                              @ DW_FORM_data1
	.byte	58                              @ DW_AT_decl_file
	.byte	11                              @ DW_FORM_data1
	.byte	59                              @ DW_AT_decl_line
	.byte	11                              @ DW_FORM_data1
	.byte	0                               @ EOM(1)
	.byte	0                               @ EOM(2)
	.byte	10                              @ Abbreviation Code
	.byte	40                              @ DW_TAG_enumerator
	.byte	0                               @ DW_CHILDREN_no
	.byte	3                               @ DW_AT_name
	.byte	14                              @ DW_FORM_strp
	.byte	28                              @ DW_AT_const_value
	.byte	15                              @ DW_FORM_udata
	.byte	0                               @ EOM(1)
	.byte	0                               @ EOM(2)
	.byte	11                              @ Abbreviation Code
	.byte	15                              @ DW_TAG_pointer_type
	.byte	0                               @ DW_CHILDREN_no
	.byte	73                              @ DW_AT_type
	.byte	19                              @ DW_FORM_ref4
	.byte	0                               @ EOM(1)
	.byte	0                               @ EOM(2)
	.byte	12                              @ Abbreviation Code
	.byte	22                              @ DW_TAG_typedef
	.byte	0                               @ DW_CHILDREN_no
	.byte	73                              @ DW_AT_type
	.byte	19                              @ DW_FORM_ref4
	.byte	3                               @ DW_AT_name
	.byte	14                              @ DW_FORM_strp
	.byte	58                              @ DW_AT_decl_file
	.byte	11                              @ DW_FORM_data1
	.byte	59                              @ DW_AT_decl_line
	.byte	5                               @ DW_FORM_data2
	.byte	0                               @ EOM(1)
	.byte	0                               @ EOM(2)
	.byte	13                              @ Abbreviation Code
	.byte	19                              @ DW_TAG_structure_type
	.byte	1                               @ DW_CHILDREN_yes
	.byte	11                              @ DW_AT_byte_size
	.byte	11                              @ DW_FORM_data1
	.byte	58                              @ DW_AT_decl_file
	.byte	11                              @ DW_FORM_data1
	.byte	59                              @ DW_AT_decl_line
	.byte	5                               @ DW_FORM_data2
	.byte	0                               @ EOM(1)
	.byte	0                               @ EOM(2)
	.byte	14                              @ Abbreviation Code
	.byte	13                              @ DW_TAG_member
	.byte	0                               @ DW_CHILDREN_no
	.byte	3                               @ DW_AT_name
	.byte	14                              @ DW_FORM_strp
	.byte	73                              @ DW_AT_type
	.byte	19                              @ DW_FORM_ref4
	.byte	58                              @ DW_AT_decl_file
	.byte	11                              @ DW_FORM_data1
	.byte	59                              @ DW_AT_decl_line
	.byte	5                               @ DW_FORM_data2
	.byte	56                              @ DW_AT_data_member_location
	.byte	11                              @ DW_FORM_data1
	.byte	0                               @ EOM(1)
	.byte	0                               @ EOM(2)
	.byte	15                              @ Abbreviation Code
	.byte	53                              @ DW_TAG_volatile_type
	.byte	0                               @ DW_CHILDREN_no
	.byte	73                              @ DW_AT_type
	.byte	19                              @ DW_FORM_ref4
	.byte	0                               @ EOM(1)
	.byte	0                               @ EOM(2)
	.byte	16                              @ Abbreviation Code
	.byte	46                              @ DW_TAG_subprogram
	.byte	0                               @ DW_CHILDREN_no
	.byte	17                              @ DW_AT_low_pc
	.byte	1                               @ DW_FORM_addr
	.byte	18                              @ DW_AT_high_pc
	.byte	6                               @ DW_FORM_data4
	.byte	64                              @ DW_AT_frame_base
	.byte	24                              @ DW_FORM_exprloc
	.byte	3                               @ DW_AT_name
	.byte	14                              @ DW_FORM_strp
	.byte	58                              @ DW_AT_decl_file
	.byte	11                              @ DW_FORM_data1
	.byte	59                              @ DW_AT_decl_line
	.byte	11                              @ DW_FORM_data1
	.byte	39                              @ DW_AT_prototyped
	.byte	25                              @ DW_FORM_flag_present
	.byte	63                              @ DW_AT_external
	.byte	25                              @ DW_FORM_flag_present
	.byte	0                               @ EOM(1)
	.byte	0                               @ EOM(2)
	.byte	17                              @ Abbreviation Code
	.byte	46                              @ DW_TAG_subprogram
	.byte	1                               @ DW_CHILDREN_yes
	.byte	17                              @ DW_AT_low_pc
	.byte	1                               @ DW_FORM_addr
	.byte	18                              @ DW_AT_high_pc
	.byte	6                               @ DW_FORM_data4
	.byte	64                              @ DW_AT_frame_base
	.byte	24                              @ DW_FORM_exprloc
	.byte	3                               @ DW_AT_name
	.byte	14                              @ DW_FORM_strp
	.byte	58                              @ DW_AT_decl_file
	.byte	11                              @ DW_FORM_data1
	.byte	59                              @ DW_AT_decl_line
	.byte	11                              @ DW_FORM_data1
	.byte	39                              @ DW_AT_prototyped
	.byte	25                              @ DW_FORM_flag_present
	.byte	63                              @ DW_AT_external
	.byte	25                              @ DW_FORM_flag_present
	.byte	0                               @ EOM(1)
	.byte	0                               @ EOM(2)
	.byte	18                              @ Abbreviation Code
	.byte	52                              @ DW_TAG_variable
	.byte	0                               @ DW_CHILDREN_no
	.byte	2                               @ DW_AT_location
	.byte	24                              @ DW_FORM_exprloc
	.byte	3                               @ DW_AT_name
	.byte	14                              @ DW_FORM_strp
	.byte	58                              @ DW_AT_decl_file
	.byte	11                              @ DW_FORM_data1
	.byte	59                              @ DW_AT_decl_line
	.byte	11                              @ DW_FORM_data1
	.byte	73                              @ DW_AT_type
	.byte	19                              @ DW_FORM_ref4
	.byte	0                               @ EOM(1)
	.byte	0                               @ EOM(2)
	.byte	0                               @ EOM(3)
	.section	.debug_info,"",%progbits
.Lcu_begin0:
	.long	.Ldebug_info_end0-.Ldebug_info_start0 @ Length of Unit
.Ldebug_info_start0:
	.short	4                               @ DWARF version number
	.long	.debug_abbrev                   @ Offset Into Abbrev. Section
	.byte	4                               @ Address Size (in bytes)
	.byte	1                               @ Abbrev [1] 0xb:0x197 DW_TAG_compile_unit
	.long	.Linfo_string0                  @ DW_AT_producer
	.short	12                              @ DW_AT_language
	.long	.Linfo_string1                  @ DW_AT_name
	.long	.Lline_table_start0             @ DW_AT_stmt_list
	.long	.Linfo_string2                  @ DW_AT_comp_dir
	.long	0                               @ DW_AT_low_pc
	.long	.Ldebug_ranges0                 @ DW_AT_ranges
	.byte	2                               @ Abbrev [2] 0x26:0x11 DW_TAG_variable
	.long	.Linfo_string3                  @ DW_AT_name
	.long	55                              @ DW_AT_type
                                        @ DW_AT_external
	.byte	2                               @ DW_AT_decl_file
	.byte	141                             @ DW_AT_decl_line
	.byte	5                               @ DW_AT_location
	.byte	3
	.long	SystemCoreClock
	.byte	3                               @ Abbrev [3] 0x37:0xb DW_TAG_typedef
	.long	66                              @ DW_AT_type
	.long	.Linfo_string5                  @ DW_AT_name
	.byte	1                               @ DW_AT_decl_file
	.byte	64                              @ DW_AT_decl_line
	.byte	4                               @ Abbrev [4] 0x42:0x7 DW_TAG_base_type
	.long	.Linfo_string4                  @ DW_AT_name
	.byte	7                               @ DW_AT_encoding
	.byte	4                               @ DW_AT_byte_size
	.byte	2                               @ Abbrev [2] 0x49:0x11 DW_TAG_variable
	.long	.Linfo_string6                  @ DW_AT_name
	.long	90                              @ DW_AT_type
                                        @ DW_AT_external
	.byte	2                               @ DW_AT_decl_file
	.byte	142                             @ DW_AT_decl_line
	.byte	5                               @ DW_AT_location
	.byte	3
	.long	AHBPrescTable
	.byte	5                               @ Abbrev [5] 0x5a:0xc DW_TAG_array_type
	.long	102                             @ DW_AT_type
	.byte	6                               @ Abbrev [6] 0x5f:0x6 DW_TAG_subrange_type
	.long	125                             @ DW_AT_type
	.byte	16                              @ DW_AT_count
	.byte	0                               @ End Of Children Mark
	.byte	7                               @ Abbrev [7] 0x66:0x5 DW_TAG_const_type
	.long	107                             @ DW_AT_type
	.byte	3                               @ Abbrev [3] 0x6b:0xb DW_TAG_typedef
	.long	118                             @ DW_AT_type
	.long	.Linfo_string8                  @ DW_AT_name
	.byte	1                               @ DW_AT_decl_file
	.byte	62                              @ DW_AT_decl_line
	.byte	4                               @ Abbrev [4] 0x76:0x7 DW_TAG_base_type
	.long	.Linfo_string7                  @ DW_AT_name
	.byte	8                               @ DW_AT_encoding
	.byte	1                               @ DW_AT_byte_size
	.byte	8                               @ Abbrev [8] 0x7d:0x7 DW_TAG_base_type
	.long	.Linfo_string9                  @ DW_AT_name
	.byte	8                               @ DW_AT_byte_size
	.byte	7                               @ DW_AT_encoding
	.byte	2                               @ Abbrev [2] 0x84:0x11 DW_TAG_variable
	.long	.Linfo_string10                 @ DW_AT_name
	.long	149                             @ DW_AT_type
                                        @ DW_AT_external
	.byte	2                               @ DW_AT_decl_file
	.byte	143                             @ DW_AT_decl_line
	.byte	5                               @ DW_AT_location
	.byte	3
	.long	APBPrescTable
	.byte	5                               @ Abbrev [5] 0x95:0xc DW_TAG_array_type
	.long	102                             @ DW_AT_type
	.byte	6                               @ Abbrev [6] 0x9a:0x6 DW_TAG_subrange_type
	.long	125                             @ DW_AT_type
	.byte	8                               @ DW_AT_count
	.byte	0                               @ End Of Children Mark
	.byte	9                               @ Abbrev [9] 0xa1:0x15 DW_TAG_enumeration_type
	.long	118                             @ DW_AT_type
	.byte	1                               @ DW_AT_byte_size
	.byte	3                               @ DW_AT_decl_file
	.byte	150                             @ DW_AT_decl_line
	.byte	10                              @ Abbrev [10] 0xa9:0x6 DW_TAG_enumerator
	.long	.Linfo_string11                 @ DW_AT_name
	.byte	0                               @ DW_AT_const_value
	.byte	10                              @ Abbrev [10] 0xaf:0x6 DW_TAG_enumerator
	.long	.Linfo_string12                 @ DW_AT_name
	.byte	1                               @ DW_AT_const_value
	.byte	0                               @ End Of Children Mark
	.byte	11                              @ Abbrev [11] 0xb6:0x5 DW_TAG_pointer_type
	.long	187                             @ DW_AT_type
	.byte	12                              @ Abbrev [12] 0xbb:0xc DW_TAG_typedef
	.long	199                             @ DW_AT_type
	.long	.Linfo_string23                 @ DW_AT_name
	.byte	4                               @ DW_AT_decl_file
	.short	432                             @ DW_AT_decl_line
	.byte	13                              @ Abbrev [13] 0xc7:0x88 DW_TAG_structure_type
	.byte	40                              @ DW_AT_byte_size
	.byte	4                               @ DW_AT_decl_file
	.short	418                             @ DW_AT_decl_line
	.byte	14                              @ Abbrev [14] 0xcc:0xd DW_TAG_member
	.long	.Linfo_string13                 @ DW_AT_name
	.long	335                             @ DW_AT_type
	.byte	4                               @ DW_AT_decl_file
	.short	420                             @ DW_AT_decl_line
	.byte	0                               @ DW_AT_data_member_location
	.byte	14                              @ Abbrev [14] 0xd9:0xd DW_TAG_member
	.long	.Linfo_string14                 @ DW_AT_name
	.long	335                             @ DW_AT_type
	.byte	4                               @ DW_AT_decl_file
	.short	421                             @ DW_AT_decl_line
	.byte	4                               @ DW_AT_data_member_location
	.byte	14                              @ Abbrev [14] 0xe6:0xd DW_TAG_member
	.long	.Linfo_string15                 @ DW_AT_name
	.long	335                             @ DW_AT_type
	.byte	4                               @ DW_AT_decl_file
	.short	422                             @ DW_AT_decl_line
	.byte	8                               @ DW_AT_data_member_location
	.byte	14                              @ Abbrev [14] 0xf3:0xd DW_TAG_member
	.long	.Linfo_string16                 @ DW_AT_name
	.long	335                             @ DW_AT_type
	.byte	4                               @ DW_AT_decl_file
	.short	423                             @ DW_AT_decl_line
	.byte	12                              @ DW_AT_data_member_location
	.byte	14                              @ Abbrev [14] 0x100:0xd DW_TAG_member
	.long	.Linfo_string17                 @ DW_AT_name
	.long	335                             @ DW_AT_type
	.byte	4                               @ DW_AT_decl_file
	.short	424                             @ DW_AT_decl_line
	.byte	16                              @ DW_AT_data_member_location
	.byte	14                              @ Abbrev [14] 0x10d:0xd DW_TAG_member
	.long	.Linfo_string18                 @ DW_AT_name
	.long	335                             @ DW_AT_type
	.byte	4                               @ DW_AT_decl_file
	.short	425                             @ DW_AT_decl_line
	.byte	20                              @ DW_AT_data_member_location
	.byte	14                              @ Abbrev [14] 0x11a:0xd DW_TAG_member
	.long	.Linfo_string19                 @ DW_AT_name
	.long	335                             @ DW_AT_type
	.byte	4                               @ DW_AT_decl_file
	.short	426                             @ DW_AT_decl_line
	.byte	24                              @ DW_AT_data_member_location
	.byte	14                              @ Abbrev [14] 0x127:0xd DW_TAG_member
	.long	.Linfo_string20                 @ DW_AT_name
	.long	335                             @ DW_AT_type
	.byte	4                               @ DW_AT_decl_file
	.short	427                             @ DW_AT_decl_line
	.byte	28                              @ DW_AT_data_member_location
	.byte	14                              @ Abbrev [14] 0x134:0xd DW_TAG_member
	.long	.Linfo_string21                 @ DW_AT_name
	.long	335                             @ DW_AT_type
	.byte	4                               @ DW_AT_decl_file
	.short	428                             @ DW_AT_decl_line
	.byte	32                              @ DW_AT_data_member_location
	.byte	14                              @ Abbrev [14] 0x141:0xd DW_TAG_member
	.long	.Linfo_string22                 @ DW_AT_name
	.long	335                             @ DW_AT_type
	.byte	4                               @ DW_AT_decl_file
	.short	429                             @ DW_AT_decl_line
	.byte	36                              @ DW_AT_data_member_location
	.byte	0                               @ End Of Children Mark
	.byte	15                              @ Abbrev [15] 0x14f:0x5 DW_TAG_volatile_type
	.long	55                              @ DW_AT_type
	.byte	16                              @ Abbrev [16] 0x154:0x11 DW_TAG_subprogram
	.long	.Lfunc_begin0                   @ DW_AT_low_pc
	.long	.Lfunc_end0-.Lfunc_begin0       @ DW_AT_high_pc
	.byte	1                               @ DW_AT_frame_base
	.byte	93
	.long	.Linfo_string24                 @ DW_AT_name
	.byte	2                               @ DW_AT_decl_file
	.byte	175                             @ DW_AT_decl_line
                                        @ DW_AT_prototyped
                                        @ DW_AT_external
	.byte	17                              @ Abbrev [17] 0x165:0x3c DW_TAG_subprogram
	.long	.Lfunc_begin1                   @ DW_AT_low_pc
	.long	.Lfunc_end1-.Lfunc_begin1       @ DW_AT_high_pc
	.byte	1                               @ DW_AT_frame_base
	.byte	93
	.long	.Linfo_string25                 @ DW_AT_name
	.byte	2                               @ DW_AT_decl_file
	.byte	224                             @ DW_AT_decl_line
                                        @ DW_AT_prototyped
                                        @ DW_AT_external
	.byte	18                              @ Abbrev [18] 0x176:0xe DW_TAG_variable
	.byte	2                               @ DW_AT_location
	.byte	145
	.byte	12
	.long	.Linfo_string26                 @ DW_AT_name
	.byte	2                               @ DW_AT_decl_file
	.byte	226                             @ DW_AT_decl_line
	.long	55                              @ DW_AT_type
	.byte	18                              @ Abbrev [18] 0x184:0xe DW_TAG_variable
	.byte	2                               @ DW_AT_location
	.byte	145
	.byte	8
	.long	.Linfo_string27                 @ DW_AT_name
	.byte	2                               @ DW_AT_decl_file
	.byte	226                             @ DW_AT_decl_line
	.long	55                              @ DW_AT_type
	.byte	18                              @ Abbrev [18] 0x192:0xe DW_TAG_variable
	.byte	2                               @ DW_AT_location
	.byte	145
	.byte	4
	.long	.Linfo_string28                 @ DW_AT_name
	.byte	2                               @ DW_AT_decl_file
	.byte	226                             @ DW_AT_decl_line
	.long	55                              @ DW_AT_type
	.byte	0                               @ End Of Children Mark
	.byte	0                               @ End Of Children Mark
.Ldebug_info_end0:
	.section	.debug_ranges,"",%progbits
.Ldebug_ranges0:
	.long	.Lfunc_begin0
	.long	.Lfunc_end0
	.long	.Lfunc_begin1
	.long	.Lfunc_end1
	.long	0
	.long	0
	.section	.debug_str,"MS",%progbits,1
.Linfo_string0:
	.asciz	"Component: Arm Compiler for Embedded 6.19 Tool: armclang [5e73cb00]" @ string offset=0
.Linfo_string1:
	.asciz	"../cmsis_device_f1/Source/Templates\\system_stm32f1xx.c" @ string offset=68
.Linfo_string2:
	.asciz	"C:\\Users\\wilson\\program\\project\\task_scheduler\\mdk5" @ string offset=123
.Linfo_string3:
	.asciz	"SystemCoreClock"               @ string offset=175
.Linfo_string4:
	.asciz	"unsigned int"                  @ string offset=191
.Linfo_string5:
	.asciz	"uint32_t"                      @ string offset=204
.Linfo_string6:
	.asciz	"AHBPrescTable"                 @ string offset=213
.Linfo_string7:
	.asciz	"unsigned char"                 @ string offset=227
.Linfo_string8:
	.asciz	"uint8_t"                       @ string offset=241
.Linfo_string9:
	.asciz	"__ARRAY_SIZE_TYPE__"           @ string offset=249
.Linfo_string10:
	.asciz	"APBPrescTable"                 @ string offset=269
.Linfo_string11:
	.asciz	"RESET"                         @ string offset=283
.Linfo_string12:
	.asciz	"SET"                           @ string offset=289
.Linfo_string13:
	.asciz	"CR"                            @ string offset=293
.Linfo_string14:
	.asciz	"CFGR"                          @ string offset=296
.Linfo_string15:
	.asciz	"CIR"                           @ string offset=301
.Linfo_string16:
	.asciz	"APB2RSTR"                      @ string offset=305
.Linfo_string17:
	.asciz	"APB1RSTR"                      @ string offset=314
.Linfo_string18:
	.asciz	"AHBENR"                        @ string offset=323
.Linfo_string19:
	.asciz	"APB2ENR"                       @ string offset=330
.Linfo_string20:
	.asciz	"APB1ENR"                       @ string offset=338
.Linfo_string21:
	.asciz	"BDCR"                          @ string offset=346
.Linfo_string22:
	.asciz	"CSR"                           @ string offset=351
.Linfo_string23:
	.asciz	"RCC_TypeDef"                   @ string offset=355
.Linfo_string24:
	.asciz	"SystemInit"                    @ string offset=367
.Linfo_string25:
	.asciz	"SystemCoreClockUpdate"         @ string offset=378
.Linfo_string26:
	.asciz	"tmp"                           @ string offset=400
.Linfo_string27:
	.asciz	"pllmull"                       @ string offset=404
.Linfo_string28:
	.asciz	"pllsource"                     @ string offset=412
	.ident	"Component: Arm Compiler for Embedded 6.19 Tool: armclang [5e73cb00]"
	.section	".note.GNU-stack","",%progbits
	.eabi_attribute	30, 6	@ Tag_ABI_optimization_goals
	.ARM_attribute	16, 1	@ Tag_AV_eba
	.section	.debug_line,"",%progbits
.Lline_table_start0:
