	.text
	.syntax unified
	.eabi_attribute	67, "2.09"	@ Tag_conformance
	.cpu	cortex-m3
	.eabi_attribute	6, 10	@ Tag_CPU_arch
	.eabi_attribute	7, 77	@ Tag_CPU_arch_profile
	.eabi_attribute	8, 0	@ Tag_ARM_ISA_use
	.eabi_attribute	9, 2	@ Tag_THUMB_ISA_use
	.eabi_attribute	34, 1	@ Tag_CPU_unaligned_access
	.eabi_attribute	17, 1	@ Tag_ABI_PCS_GOT_use
	.eabi_attribute	20, 2	@ Tag_ABI_FP_denormal
	.eabi_attribute	21, 0	@ Tag_ABI_FP_exceptions
	.eabi_attribute	23, 1	@ Tag_ABI_FP_number_model
	.eabi_attribute	24, 1	@ Tag_ABI_align_needed
	.eabi_attribute	25, 1	@ Tag_ABI_align_preserved
	.eabi_attribute	38, 1	@ Tag_ABI_FP_16bit_format
	.eabi_attribute	18, 2	@ Tag_ABI_PCS_wchar_t
	.eabi_attribute	26, 1	@ Tag_ABI_enum_size
	.eabi_attribute	14, 0	@ Tag_ABI_PCS_R9_use
	.file	"task.c"
	.file	1 "C:\\Keil_v5\\ARM\\ARMCLANG\\Bin\\..\\include" "stdint.h"
	.file	2 "C:\\Users\\wilson\\program\\project\\task_scheduler\\mdk5" "../src/../inc/task.h"
	.file	3 "C:\\Users\\wilson\\program\\project\\task_scheduler\\mdk5" "../src/task.c"
	.section	.text.xTaskCreate,"ax",%progbits
	.hidden	xTaskCreate                     @ -- Begin function xTaskCreate
	.globl	xTaskCreate
	.p2align	2
	.type	xTaskCreate,%function
	.code	16                              @ @xTaskCreate
	.thumb_func
xTaskCreate:
.Lfunc_begin0:
	.loc	3 37 0                          @ ../src/task.c:37:0
	.fnstart
	.cfi_sections .debug_frame
	.cfi_startproc
@ %bb.0:
	.save	{r7, lr}
	push	{r7, lr}
	.cfi_def_cfa_offset 8
	.cfi_offset lr, -4
	.cfi_offset r7, -8
	.pad	#32
	sub	sp, #32
	.cfi_def_cfa_offset 40
	ldr.w	r12, [sp, #48]
	ldr.w	r12, [sp, #44]
	ldr.w	r12, [sp, #40]
	str	r0, [sp, #28]
	str	r1, [sp, #24]
	str	r2, [sp, #20]
	str	r3, [sp, #16]
	movs	r0, #0
.Ltmp0:
	.loc	3 38 18 prologue_end            @ ../src/task.c:38:18
	str	r0, [sp]                        @ 4-byte Spill
	str	r0, [sp, #12]
	.loc	3 39 41                         @ ../src/task.c:39:41
	ldr	r1, [sp, #48]
	.loc	3 39 25 is_stmt 0               @ ../src/task.c:39:25
	movw	r0, :lower16:pxArrayTaskPrio
	movt	r0, :upper16:pxArrayTaskPrio
	ldr.w	r0, [r0, r1, lsl #2]
	.loc	3 39 18                         @ ../src/task.c:39:18
	str	r0, [sp, #8]
	movs	r0, #48
	.loc	3 40 31 is_stmt 1               @ ../src/task.c:40:31
	bl	malloc
	mov	r1, r0
	.loc	3 40 15 is_stmt 0               @ ../src/task.c:40:15
	ldr	r0, [sp]                        @ 4-byte Reload
	str	r1, [sp, #12]
	.loc	3 41 14 is_stmt 1               @ ../src/task.c:41:14
	str	r0, [sp, #4]
	.loc	3 42 5                          @ ../src/task.c:42:5
	b	.LBB0_1
.LBB0_1:                                @ =>This Inner Loop Header: Depth=1
	.loc	3 42 13 is_stmt 0               @ ../src/task.c:42:13
	ldr	r0, [sp, #16]
	.loc	3 42 23                         @ ../src/task.c:42:23
	ldr	r1, [sp, #4]
	.loc	3 42 11                         @ ../src/task.c:42:11
	ldrb	r0, [r0, r1]
	.loc	3 42 5                          @ ../src/task.c:42:5
	cbz	r0, .LBB0_5
	b	.LBB0_2
.LBB0_2:                                @   in Loop: Header=BB0_1 Depth=1
.Ltmp1:
	.loc	3 44 36 is_stmt 1               @ ../src/task.c:44:36
	ldr	r0, [sp, #16]
	.loc	3 44 46 is_stmt 0               @ ../src/task.c:44:46
	ldr	r2, [sp, #4]
	.loc	3 44 34                         @ ../src/task.c:44:34
	ldrb	r0, [r0, r2]
	.loc	3 44 9                          @ ../src/task.c:44:9
	ldr	r1, [sp, #12]
	.loc	3 44 20                         @ ../src/task.c:44:20
	add	r1, r2
	.loc	3 44 33                         @ ../src/task.c:44:33
	strb	r0, [r1, #4]
	.loc	3 45 3 is_stmt 1                @ ../src/task.c:45:3
	ldr	r0, [sp, #4]
	adds	r0, #1
	str	r0, [sp, #4]
.Ltmp2:
	.loc	3 46 12                         @ ../src/task.c:46:12
	ldr	r0, [sp, #4]
.Ltmp3:
	.loc	3 46 12 is_stmt 0               @ ../src/task.c:46:12
	cmp	r0, #8
	blo	.LBB0_4
	b	.LBB0_3
.LBB0_3:
.Ltmp4:
	.loc	3 46 17                         @ ../src/task.c:46:17
	b	.LBB0_5
.Ltmp5:
.LBB0_4:                                @   in Loop: Header=BB0_1 Depth=1
	.loc	3 42 5 is_stmt 1                @ ../src/task.c:42:5
	b	.LBB0_1
.LBB0_5:
	.loc	3 48 27                         @ ../src/task.c:48:27
	ldr	r0, [sp, #24]
	.loc	3 48 5 is_stmt 0                @ ../src/task.c:48:5
	ldr	r1, [sp, #12]
	.loc	3 48 25                         @ ../src/task.c:48:25
	str	r0, [r1]
	.loc	3 49 23 is_stmt 1               @ ../src/task.c:49:23
	ldr	r0, [sp, #40]
	.loc	3 49 5 is_stmt 0                @ ../src/task.c:49:5
	ldr	r1, [sp, #12]
	.loc	3 49 21                         @ ../src/task.c:49:21
	str	r0, [r1, #12]
	.loc	3 50 5 is_stmt 1                @ ../src/task.c:50:5
	ldr	r1, [sp, #12]
	movs	r0, #1
	.loc	3 50 27 is_stmt 0               @ ../src/task.c:50:27
	strb	r0, [r1, #28]
	.loc	3 51 29 is_stmt 1               @ ../src/task.c:51:29
	ldr	r0, [sp, #48]
	.loc	3 51 5 is_stmt 0                @ ../src/task.c:51:5
	ldr	r1, [sp, #12]
	.loc	3 51 27                         @ ../src/task.c:51:27
	str	r0, [r1, #36]
	.loc	3 52 34 is_stmt 1               @ ../src/task.c:52:34
	ldr	r0, [sp, #20]
	.loc	3 52 5 is_stmt 0                @ ../src/task.c:52:5
	ldr	r1, [sp, #12]
	.loc	3 52 32                         @ ../src/task.c:52:32
	str	r0, [r1, #40]
	.loc	3 53 28 is_stmt 1               @ ../src/task.c:53:28
	ldr	r0, [sp, #44]
	.loc	3 53 2 is_stmt 0                @ ../src/task.c:53:2
	ldr	r1, [sp, #12]
	.loc	3 53 26                         @ ../src/task.c:53:26
	str	r0, [r1, #24]
	.loc	3 54 23 is_stmt 1               @ ../src/task.c:54:23
	ldr	r1, [sp, #12]
	.loc	3 54 34 is_stmt 0               @ ../src/task.c:54:34
	ldr	r0, [r1, #24]
	.loc	3 54 21                         @ ../src/task.c:54:21
	str	r0, [r1, #20]
	.loc	3 55 76 is_stmt 1               @ ../src/task.c:55:76
	ldr	r0, [sp, #28]
	.loc	3 55 82 is_stmt 0               @ ../src/task.c:55:82
	ldr	r1, [sp, #40]
	.loc	3 55 87                         @ ../src/task.c:55:87
	ldr	r2, [sp, #24]
	.loc	3 55 96                         @ ../src/task.c:55:96
	ldr	r3, [sp, #20]
	.loc	3 55 95                         @ ../src/task.c:55:95
	add.w	r2, r2, r3, lsl #2
	.loc	3 55 112                        @ ../src/task.c:55:112
	subs	r2, #4
	.loc	3 55 45                         @ ../src/task.c:55:45
	bl	vCreateTaskInitStack
	.loc	3 55 5                          @ ../src/task.c:55:5
	ldr	r1, [sp, #12]
	.loc	3 55 24                         @ ../src/task.c:55:24
	str	r0, [r1]
.Ltmp6:
	.loc	3 56 24 is_stmt 1               @ ../src/task.c:56:24
	ldr	r1, [sp, #48]
	.loc	3 56 8 is_stmt 0                @ ../src/task.c:56:8
	movw	r0, :lower16:pxArrayTaskPrio
	movt	r0, :upper16:pxArrayTaskPrio
	ldr.w	r0, [r0, r1, lsl #2]
.Ltmp7:
	.loc	3 56 8                          @ ../src/task.c:56:8
	cbz	r0, .LBB0_10
	b	.LBB0_6
.LBB0_6:
.Ltmp8:
	.loc	3 58 9 is_stmt 1                @ ../src/task.c:58:9
	b	.LBB0_7
.LBB0_7:                                @ =>This Inner Loop Header: Depth=1
	.loc	3 58 15 is_stmt 0               @ ../src/task.c:58:15
	ldr	r0, [sp, #8]
	.loc	3 58 23                         @ ../src/task.c:58:23
	ldr	r0, [r0, #44]
	.loc	3 58 9                          @ ../src/task.c:58:9
	cbz	r0, .LBB0_9
	b	.LBB0_8
.LBB0_8:                                @   in Loop: Header=BB0_7 Depth=1
.Ltmp9:
	.loc	3 60 22 is_stmt 1               @ ../src/task.c:60:22
	ldr	r0, [sp, #8]
	.loc	3 60 30 is_stmt 0               @ ../src/task.c:60:30
	ldr	r0, [r0, #44]
	.loc	3 60 20                         @ ../src/task.c:60:20
	str	r0, [sp, #8]
.Ltmp10:
	.loc	3 58 9 is_stmt 1                @ ../src/task.c:58:9
	b	.LBB0_7
.LBB0_9:
	.loc	3 62 30                         @ ../src/task.c:62:30
	ldr	r0, [sp, #12]
	.loc	3 62 9 is_stmt 0                @ ../src/task.c:62:9
	ldr	r1, [sp, #8]
	.loc	3 62 28                         @ ../src/task.c:62:28
	str	r0, [r1, #44]
	.loc	3 63 5 is_stmt 1                @ ../src/task.c:63:5
	b	.LBB0_11
.Ltmp11:
.LBB0_10:
	.loc	3 66 39                         @ ../src/task.c:66:39
	ldr	r0, [sp, #12]
	.loc	3 66 25 is_stmt 0               @ ../src/task.c:66:25
	ldr	r2, [sp, #48]
	.loc	3 66 9                          @ ../src/task.c:66:9
	movw	r1, :lower16:pxArrayTaskPrio
	movt	r1, :upper16:pxArrayTaskPrio
	.loc	3 66 37                         @ ../src/task.c:66:37
	str.w	r0, [r1, r2, lsl #2]
	b	.LBB0_11
.Ltmp12:
.LBB0_11:
	.loc	3 70 23 is_stmt 1               @ ../src/task.c:70:23
	ldr	r0, [sp, #12]
	.loc	3 70 5 is_stmt 0                @ ../src/task.c:70:5
	add	sp, #32
	pop	{r7, pc}
.Ltmp13:
.Lfunc_end0:
	.size	xTaskCreate, .Lfunc_end0-xTaskCreate
	.cfi_endproc
	.cantunwind
	.fnend
                                        @ -- End function
	.section	.text.vCreateTaskInitStack,"ax",%progbits
	.p2align	2                               @ -- Begin function vCreateTaskInitStack
	.type	vCreateTaskInitStack,%function
	.code	16                              @ @vCreateTaskInitStack
	.thumb_func
vCreateTaskInitStack:
.Lfunc_begin1:
	.loc	3 15 0 is_stmt 1                @ ../src/task.c:15:0
	.fnstart
	.cfi_startproc
@ %bb.0:
	.pad	#12
	sub	sp, #12
	.cfi_def_cfa_offset 12
	str	r0, [sp, #8]
	str	r1, [sp, #4]
	str	r2, [sp]
.Ltmp14:
	.loc	3 16 42 prologue_end            @ ../src/task.c:16:42
	ldr	r0, [sp]
	.loc	3 16 54 is_stmt 0               @ ../src/task.c:16:54
	bic	r0, r0, #7
	.loc	3 16 17                         @ ../src/task.c:16:17
	str	r0, [sp]
	.loc	3 17 7 is_stmt 1                @ ../src/task.c:17:7
	ldr	r1, [sp]
	subs	r0, r1, #4
	str	r0, [sp]
	mov.w	r0, #16777216
	.loc	3 17 22 is_stmt 0               @ ../src/task.c:17:22
	str	r0, [r1, #-4]
	.loc	3 18 34 is_stmt 1               @ ../src/task.c:18:34
	ldr	r0, [sp, #4]
	.loc	3 18 7 is_stmt 0                @ ../src/task.c:18:7
	ldr	r1, [sp]
	subs	r2, r1, #4
	str	r2, [sp]
	.loc	3 18 22                         @ ../src/task.c:18:22
	str	r0, [r1, #-4]
	.loc	3 19 7 is_stmt 1                @ ../src/task.c:19:7
	ldr	r1, [sp]
	subs	r0, r1, #4
	str	r0, [sp]
	mvn	r0, #2
	.loc	3 19 22 is_stmt 0               @ ../src/task.c:19:22
	str	r0, [r1, #-4]
	.loc	3 20 16 is_stmt 1               @ ../src/task.c:20:16
	ldr	r0, [sp]
	subs	r0, #20
	str	r0, [sp]
	.loc	3 21 20                         @ ../src/task.c:21:20
	ldr	r0, [sp, #8]
	.loc	3 21 6 is_stmt 0                @ ../src/task.c:21:6
	ldr	r1, [sp]
	.loc	3 21 18                         @ ../src/task.c:21:18
	str	r0, [r1]
	.loc	3 23 16 is_stmt 1               @ ../src/task.c:23:16
	ldr	r0, [sp]
	subs	r0, #32
	str	r0, [sp]
	.loc	3 26 12                         @ ../src/task.c:26:12
	ldr	r0, [sp]
	.loc	3 26 5 is_stmt 0                @ ../src/task.c:26:5
	add	sp, #12
	bx	lr
.Ltmp15:
.Lfunc_end1:
	.size	vCreateTaskInitStack, .Lfunc_end1-vCreateTaskInitStack
	.cfi_endproc
	.cantunwind
	.fnend
                                        @ -- End function
	.section	.text.vTaskDelete,"ax",%progbits
	.hidden	vTaskDelete                     @ -- Begin function vTaskDelete
	.globl	vTaskDelete
	.p2align	2
	.type	vTaskDelete,%function
	.code	16                              @ @vTaskDelete
	.thumb_func
vTaskDelete:
.Lfunc_begin2:
	.loc	3 109 0 is_stmt 1               @ ../src/task.c:109:0
	.fnstart
	.cfi_startproc
@ %bb.0:
	.save	{r7, lr}
	push	{r7, lr}
	.cfi_def_cfa_offset 8
	.cfi_offset lr, -4
	.cfi_offset r7, -8
	.pad	#8
	sub	sp, #8
	.cfi_def_cfa_offset 16
	str	r0, [sp, #4]
.Ltmp16:
	.loc	3 111 41 prologue_end           @ ../src/task.c:111:41
	ldr	r0, [sp, #4]
	.loc	3 111 18 is_stmt 0              @ ../src/task.c:111:18
	str	r0, [sp]
	.loc	3 112 35 is_stmt 1              @ ../src/task.c:112:35
	ldr	r1, [sp]
	.loc	3 112 43 is_stmt 0              @ ../src/task.c:112:43
	ldr	r2, [r1, #36]
	.loc	3 112 19                        @ ../src/task.c:112:19
	movw	r0, :lower16:pxArrayTaskPrio
	movt	r0, :upper16:pxArrayTaskPrio
	ldr.w	r0, [r0, r2, lsl #2]
	.loc	3 112 5                         @ ../src/task.c:112:5
	bl	pxGetTaskFrom
	.loc	3 113 10 is_stmt 1              @ ../src/task.c:113:10
	ldr	r0, [sp]
	.loc	3 113 5 is_stmt 0               @ ../src/task.c:113:5
	bl	free
	.loc	3 114 5 is_stmt 1               @ ../src/task.c:114:5
	bl	vContentSwitch
	.loc	3 115 1                         @ ../src/task.c:115:1
	add	sp, #8
	pop	{r7, pc}
.Ltmp17:
.Lfunc_end2:
	.size	vTaskDelete, .Lfunc_end2-vTaskDelete
	.cfi_endproc
	.cantunwind
	.fnend
                                        @ -- End function
	.section	.text.pxGetTaskFrom,"ax",%progbits
	.p2align	2                               @ -- Begin function pxGetTaskFrom
	.type	pxGetTaskFrom,%function
	.code	16                              @ @pxGetTaskFrom
	.thumb_func
pxGetTaskFrom:
.Lfunc_begin3:
	.loc	3 90 0                          @ ../src/task.c:90:0
	.fnstart
	.cfi_startproc
@ %bb.0:
	.pad	#20
	sub	sp, #20
	.cfi_def_cfa_offset 20
	str	r0, [sp, #16]
	str	r1, [sp, #12]
.Ltmp18:
	.loc	3 91 27 prologue_end            @ ../src/task.c:91:27
	ldr	r0, [sp, #16]
	.loc	3 91 18 is_stmt 0               @ ../src/task.c:91:18
	str	r0, [sp, #8]
	movs	r0, #0
	.loc	3 93 18 is_stmt 1               @ ../src/task.c:93:18
	str	r0, [sp]
	.loc	3 94 5                          @ ../src/task.c:94:5
	b	.LBB3_1
.LBB3_1:                                @ =>This Inner Loop Header: Depth=1
	.loc	3 94 11 is_stmt 0               @ ../src/task.c:94:11
	ldr	r0, [sp, #8]
	.loc	3 94 5                          @ ../src/task.c:94:5
	cbz	r0, .LBB3_5
	b	.LBB3_2
.LBB3_2:                                @   in Loop: Header=BB3_1 Depth=1
.Ltmp19:
	.loc	3 96 22 is_stmt 1               @ ../src/task.c:96:22
	ldr	r0, [sp, #8]
	.loc	3 96 20 is_stmt 0               @ ../src/task.c:96:20
	str	r0, [sp, #4]
.Ltmp20:
	.loc	3 97 12 is_stmt 1               @ ../src/task.c:97:12
	ldr	r0, [sp, #12]
	.loc	3 97 24 is_stmt 0               @ ../src/task.c:97:24
	ldr	r1, [sp, #8]
.Ltmp21:
	.loc	3 97 12                         @ ../src/task.c:97:12
	cmp	r0, r1
	bne	.LBB3_4
	b	.LBB3_3
.LBB3_3:
.Ltmp22:
	.loc	3 99 19 is_stmt 1               @ ../src/task.c:99:19
	ldr	r0, [sp, #8]
	.loc	3 99 17 is_stmt 0               @ ../src/task.c:99:17
	str	r0, [sp]
	.loc	3 100 38 is_stmt 1              @ ../src/task.c:100:38
	ldr	r0, [sp, #8]
	.loc	3 100 46 is_stmt 0              @ ../src/task.c:100:46
	ldr	r0, [r0, #44]
	.loc	3 100 13                        @ ../src/task.c:100:13
	ldr	r1, [sp, #4]
	.loc	3 100 36                        @ ../src/task.c:100:36
	str	r0, [r1, #44]
	.loc	3 101 13 is_stmt 1              @ ../src/task.c:101:13
	b	.LBB3_5
.Ltmp23:
.LBB3_4:                                @   in Loop: Header=BB3_1 Depth=1
	.loc	3 103 18                        @ ../src/task.c:103:18
	ldr	r0, [sp, #8]
	.loc	3 103 26 is_stmt 0              @ ../src/task.c:103:26
	ldr	r0, [r0, #44]
	.loc	3 103 16                        @ ../src/task.c:103:16
	str	r0, [sp, #8]
.Ltmp24:
	.loc	3 94 5 is_stmt 1                @ ../src/task.c:94:5
	b	.LBB3_1
.LBB3_5:
	.loc	3 105 13                        @ ../src/task.c:105:13
	ldr	r0, [sp]
	.loc	3 105 5 is_stmt 0               @ ../src/task.c:105:5
	add	sp, #20
	bx	lr
.Ltmp25:
.Lfunc_end3:
	.size	pxGetTaskFrom, .Lfunc_end3-pxGetTaskFrom
	.cfi_endproc
	.cantunwind
	.fnend
                                        @ -- End function
	.section	.text.vTaskSuspend,"ax",%progbits
	.hidden	vTaskSuspend                    @ -- Begin function vTaskSuspend
	.globl	vTaskSuspend
	.p2align	2
	.type	vTaskSuspend,%function
	.code	16                              @ @vTaskSuspend
	.thumb_func
vTaskSuspend:
.Lfunc_begin4:
	.loc	3 118 0 is_stmt 1               @ ../src/task.c:118:0
	.fnstart
	.cfi_startproc
@ %bb.0:
	.save	{r7, lr}
	push	{r7, lr}
	.cfi_def_cfa_offset 8
	.cfi_offset lr, -4
	.cfi_offset r7, -8
	.pad	#8
	sub	sp, #8
	.cfi_def_cfa_offset 16
	str	r0, [sp, #4]
.Ltmp26:
	.loc	3 119 41 prologue_end           @ ../src/task.c:119:41
	ldr	r0, [sp, #4]
	.loc	3 119 18 is_stmt 0              @ ../src/task.c:119:18
	str	r0, [sp]
	.loc	3 120 5 is_stmt 1               @ ../src/task.c:120:5
	ldr	r1, [sp]
	movs	r0, #2
	.loc	3 120 24 is_stmt 0              @ ../src/task.c:120:24
	strb	r0, [r1, #28]
	.loc	3 121 5 is_stmt 1               @ ../src/task.c:121:5
	bl	vContentSwitch
	.loc	3 122 1                         @ ../src/task.c:122:1
	add	sp, #8
	pop	{r7, pc}
.Ltmp27:
.Lfunc_end4:
	.size	vTaskSuspend, .Lfunc_end4-vTaskSuspend
	.cfi_endproc
	.cantunwind
	.fnend
                                        @ -- End function
	.section	.text.vTaskResume,"ax",%progbits
	.hidden	vTaskResume                     @ -- Begin function vTaskResume
	.globl	vTaskResume
	.p2align	2
	.type	vTaskResume,%function
	.code	16                              @ @vTaskResume
	.thumb_func
vTaskResume:
.Lfunc_begin5:
	.loc	3 125 0                         @ ../src/task.c:125:0
	.fnstart
	.cfi_startproc
@ %bb.0:
	.save	{r7, lr}
	push	{r7, lr}
	.cfi_def_cfa_offset 8
	.cfi_offset lr, -4
	.cfi_offset r7, -8
	.pad	#8
	sub	sp, #8
	.cfi_def_cfa_offset 16
	str	r0, [sp, #4]
.Ltmp28:
	.loc	3 126 41 prologue_end           @ ../src/task.c:126:41
	ldr	r0, [sp, #4]
	.loc	3 126 18 is_stmt 0              @ ../src/task.c:126:18
	str	r0, [sp]
	.loc	3 127 5 is_stmt 1               @ ../src/task.c:127:5
	ldr	r1, [sp]
	movs	r0, #1
	.loc	3 127 24 is_stmt 0              @ ../src/task.c:127:24
	strb	r0, [r1, #28]
	.loc	3 128 5 is_stmt 1               @ ../src/task.c:128:5
	bl	vContentSwitch
	.loc	3 129 1                         @ ../src/task.c:129:1
	add	sp, #8
	pop	{r7, pc}
.Ltmp29:
.Lfunc_end5:
	.size	vTaskResume, .Lfunc_end5-vTaskResume
	.cfi_endproc
	.cantunwind
	.fnend
                                        @ -- End function
	.section	.text.vTaskDelay,"ax",%progbits
	.hidden	vTaskDelay                      @ -- Begin function vTaskDelay
	.globl	vTaskDelay
	.p2align	2
	.type	vTaskDelay,%function
	.code	16                              @ @vTaskDelay
	.thumb_func
vTaskDelay:
.Lfunc_begin6:
	.loc	3 132 0                         @ ../src/task.c:132:0
	.fnstart
	.cfi_startproc
@ %bb.0:
	.save	{r7, lr}
	push	{r7, lr}
	.cfi_def_cfa_offset 8
	.cfi_offset lr, -4
	.cfi_offset r7, -8
	.pad	#8
	sub	sp, #8
	.cfi_def_cfa_offset 16
	str	r0, [sp, #4]
.Ltmp30:
	.loc	3 133 37 prologue_end           @ ../src/task.c:133:37
	ldr	r0, [sp, #4]
	.loc	3 133 5 is_stmt 0               @ ../src/task.c:133:5
	movw	r1, :lower16:pxCurActiveTask
	movt	r1, :upper16:pxCurActiveTask
	ldr	r1, [r1]
	.loc	3 133 35                        @ ../src/task.c:133:35
	str	r0, [r1, #16]
	.loc	3 134 5 is_stmt 1               @ ../src/task.c:134:5
	bl	vContentSwitch
	.loc	3 135 1                         @ ../src/task.c:135:1
	add	sp, #8
	pop	{r7, pc}
.Ltmp31:
.Lfunc_end6:
	.size	vTaskDelay, .Lfunc_end6-vTaskDelay
	.cfi_endproc
	.cantunwind
	.fnend
                                        @ -- End function
	.section	.text.vGetHighestPrioReadyTask,"ax",%progbits
	.hidden	vGetHighestPrioReadyTask        @ -- Begin function vGetHighestPrioReadyTask
	.globl	vGetHighestPrioReadyTask
	.p2align	2
	.type	vGetHighestPrioReadyTask,%function
	.code	16                              @ @vGetHighestPrioReadyTask
	.thumb_func
vGetHighestPrioReadyTask:
.Lfunc_begin7:
	.loc	3 138 0                         @ ../src/task.c:138:0
	.fnstart
	.cfi_startproc
@ %bb.0:
	.pad	#8
	sub	sp, #8
	.cfi_def_cfa_offset 8
	movs	r0, #0
.Ltmp32:
	.loc	3 139 14 prologue_end           @ ../src/task.c:139:14
	str	r0, [sp, #4]
	.loc	3 140 18                        @ ../src/task.c:140:18
	str	r0, [sp]
	.loc	3 141 5                         @ ../src/task.c:141:5
	b	.LBB7_1
.LBB7_1:                                @ =>This Loop Header: Depth=1
                                        @     Child Loop BB7_3 Depth 2
.Ltmp33:
	.loc	3 141 10 is_stmt 0              @ ../src/task.c:141:10
	ldr	r0, [sp, #4]
.Ltmp34:
	.loc	3 141 5                         @ ../src/task.c:141:5
	cmp	r0, #31
	bhi	.LBB7_12
	b	.LBB7_2
.LBB7_2:                                @   in Loop: Header=BB7_1 Depth=1
.Ltmp35:
	.loc	3 143 30 is_stmt 1              @ ../src/task.c:143:30
	ldr	r1, [sp, #4]
	.loc	3 143 14 is_stmt 0              @ ../src/task.c:143:14
	movw	r0, :lower16:pxArrayTaskPrio
	movt	r0, :upper16:pxArrayTaskPrio
	ldr.w	r0, [r0, r1, lsl #2]
	.loc	3 143 12                        @ ../src/task.c:143:12
	str	r0, [sp]
	.loc	3 144 9 is_stmt 1               @ ../src/task.c:144:9
	b	.LBB7_3
.LBB7_3:                                @   Parent Loop BB7_1 Depth=1
                                        @ =>  This Inner Loop Header: Depth=2
	.loc	3 144 15 is_stmt 0              @ ../src/task.c:144:15
	ldr	r0, [sp]
	.loc	3 144 9                         @ ../src/task.c:144:9
	cbz	r0, .LBB7_10
	b	.LBB7_4
.LBB7_4:                                @   in Loop: Header=BB7_3 Depth=2
.Ltmp36:
	.loc	3 146 16 is_stmt 1              @ ../src/task.c:146:16
	ldr	r0, [sp]
	.loc	3 146 20 is_stmt 0              @ ../src/task.c:146:20
	ldrb	r0, [r0, #28]
.Ltmp37:
	.loc	3 146 16                        @ ../src/task.c:146:16
	cmp	r0, #1
	bne	.LBB7_9
	b	.LBB7_5
.LBB7_5:
.Ltmp38:
	.loc	3 148 20 is_stmt 1              @ ../src/task.c:148:20
	movw	r0, :lower16:pxCurActiveTask
	movt	r0, :upper16:pxCurActiveTask
	ldr	r0, [r0]
	.loc	3 148 37 is_stmt 0              @ ../src/task.c:148:37
	ldr	r0, [r0, #16]
.Ltmp39:
	.loc	3 148 20                        @ ../src/task.c:148:20
	cbz	r0, .LBB7_7
	b	.LBB7_6
.LBB7_6:
.Ltmp40:
	.loc	3 150 6 is_stmt 1               @ ../src/task.c:150:6
	movw	r0, :lower16:pxCurActiveTask
	movt	r0, :upper16:pxCurActiveTask
	ldr	r1, [r0]
	movs	r0, #3
	.loc	3 150 34 is_stmt 0              @ ../src/task.c:150:34
	strb	r0, [r1, #28]
	.loc	3 151 5 is_stmt 1               @ ../src/task.c:151:5
	b	.LBB7_8
.Ltmp41:
.LBB7_7:
	.loc	3 154 6                         @ ../src/task.c:154:6
	movw	r0, :lower16:pxCurActiveTask
	movt	r0, :upper16:pxCurActiveTask
	ldr	r1, [r0]
	movs	r0, #1
	.loc	3 154 34 is_stmt 0              @ ../src/task.c:154:34
	strb	r0, [r1, #28]
	b	.LBB7_8
.Ltmp42:
.LBB7_8:
	.loc	3 156 17 is_stmt 1              @ ../src/task.c:156:17
	ldr	r1, [sp]
	.loc	3 156 16 is_stmt 0              @ ../src/task.c:156:16
	movw	r0, :lower16:pxReadyTask
	movt	r0, :upper16:pxReadyTask
	str	r1, [r0]
	.loc	3 157 23 is_stmt 1              @ ../src/task.c:157:23
	ldr	r1, [r0]
	.loc	3 157 21 is_stmt 0              @ ../src/task.c:157:21
	movw	r0, :lower16:pxCurActiveTask
	movt	r0, :upper16:pxCurActiveTask
	str	r1, [r0]
	.loc	3 158 5 is_stmt 1               @ ../src/task.c:158:5
	ldr	r1, [r0]
	movs	r0, #0
	.loc	3 158 33 is_stmt 0              @ ../src/task.c:158:33
	strb	r0, [r1, #28]
	.loc	3 159 5 is_stmt 1               @ ../src/task.c:159:5
	b	.LBB7_13
.Ltmp43:
.LBB7_9:                                @   in Loop: Header=BB7_3 Depth=2
	.loc	3 161 18                        @ ../src/task.c:161:18
	ldr	r0, [sp]
	.loc	3 161 22 is_stmt 0              @ ../src/task.c:161:22
	ldr	r0, [r0, #44]
	.loc	3 161 16                        @ ../src/task.c:161:16
	str	r0, [sp]
.Ltmp44:
	.loc	3 144 9 is_stmt 1               @ ../src/task.c:144:9
	b	.LBB7_3
.LBB7_10:                               @   in Loop: Header=BB7_1 Depth=1
	.loc	3 163 5                         @ ../src/task.c:163:5
	b	.LBB7_11
.Ltmp45:
.LBB7_11:                               @   in Loop: Header=BB7_1 Depth=1
	.loc	3 141 27                        @ ../src/task.c:141:27
	ldr	r0, [sp, #4]
	adds	r0, #1
	str	r0, [sp, #4]
	.loc	3 141 5 is_stmt 0               @ ../src/task.c:141:5
	b	.LBB7_1
.Ltmp46:
.LBB7_12:
	.loc	3 164 20 is_stmt 1              @ ../src/task.c:164:20
	movw	r0, :lower16:pxTaskIdle
	movt	r0, :upper16:pxTaskIdle
	ldr	r0, [r0]
	.loc	3 164 18 is_stmt 0              @ ../src/task.c:164:18
	movw	r1, :lower16:pxCurActiveTask
	movt	r1, :upper16:pxCurActiveTask
	str	r0, [r1]
	.loc	3 165 5 is_stmt 1               @ ../src/task.c:165:5
	b	.LBB7_13
.LBB7_13:
	.loc	3 166 1                         @ ../src/task.c:166:1
	add	sp, #8
	bx	lr
.Ltmp47:
.Lfunc_end7:
	.size	vGetHighestPrioReadyTask, .Lfunc_end7-vGetHighestPrioReadyTask
	.cfi_endproc
	.cantunwind
	.fnend
                                        @ -- End function
	.section	.text.TaskManager,"ax",%progbits
	.hidden	TaskManager                     @ -- Begin function TaskManager
	.globl	TaskManager
	.p2align	2
	.type	TaskManager,%function
	.code	16                              @ @TaskManager
	.thumb_func
TaskManager:
.Lfunc_begin8:
	.loc	3 169 0                         @ ../src/task.c:169:0
	.fnstart
	.cfi_startproc
@ %bb.0:
	.pad	#8
	sub	sp, #8
	.cfi_def_cfa_offset 8
	movs	r0, #0
.Ltmp48:
	.loc	3 170 14 prologue_end           @ ../src/task.c:170:14
	str	r0, [sp, #4]
	.loc	3 172 5                         @ ../src/task.c:172:5
	b	.LBB8_1
.LBB8_1:                                @ =>This Loop Header: Depth=1
                                        @     Child Loop BB8_3 Depth 2
.Ltmp49:
	.loc	3 172 10 is_stmt 0              @ ../src/task.c:172:10
	ldr	r0, [sp, #4]
.Ltmp50:
	.loc	3 172 5                         @ ../src/task.c:172:5
	cmp	r0, #31
	bhi	.LBB8_12
	b	.LBB8_2
.LBB8_2:                                @   in Loop: Header=BB8_1 Depth=1
.Ltmp51:
	.loc	3 174 30 is_stmt 1              @ ../src/task.c:174:30
	ldr	r1, [sp, #4]
	.loc	3 174 14 is_stmt 0              @ ../src/task.c:174:14
	movw	r0, :lower16:pxArrayTaskPrio
	movt	r0, :upper16:pxArrayTaskPrio
	ldr.w	r0, [r0, r1, lsl #2]
	.loc	3 174 12                        @ ../src/task.c:174:12
	str	r0, [sp]
	.loc	3 175 9 is_stmt 1               @ ../src/task.c:175:9
	b	.LBB8_3
.LBB8_3:                                @   Parent Loop BB8_1 Depth=1
                                        @ =>  This Inner Loop Header: Depth=2
	.loc	3 175 15 is_stmt 0              @ ../src/task.c:175:15
	ldr	r0, [sp]
	.loc	3 175 9                         @ ../src/task.c:175:9
	cbz	r0, .LBB8_10
	b	.LBB8_4
.LBB8_4:                                @   in Loop: Header=BB8_3 Depth=2
.Ltmp52:
	.loc	3 177 16 is_stmt 1              @ ../src/task.c:177:16
	ldr	r0, [sp]
	.loc	3 177 20 is_stmt 0              @ ../src/task.c:177:20
	ldrb	r0, [r0, #28]
	.loc	3 177 40                        @ ../src/task.c:177:40
	cmp	r0, #3
	bne	.LBB8_9
	b	.LBB8_5
.LBB8_5:                                @   in Loop: Header=BB8_3 Depth=2
	.loc	3 177 43                        @ ../src/task.c:177:43
	ldr	r0, [sp]
	.loc	3 177 47                        @ ../src/task.c:177:47
	ldr	r0, [r0, #16]
.Ltmp53:
	.loc	3 177 16                        @ ../src/task.c:177:16
	cbz	r0, .LBB8_9
	b	.LBB8_6
.LBB8_6:                                @   in Loop: Header=BB8_3 Depth=2
.Ltmp54:
	.loc	3 179 17 is_stmt 1              @ ../src/task.c:179:17
	ldr	r1, [sp]
	.loc	3 179 33 is_stmt 0              @ ../src/task.c:179:33
	ldr	r0, [r1, #16]
	subs	r0, #1
	str	r0, [r1, #16]
.Ltmp55:
	.loc	3 180 20 is_stmt 1              @ ../src/task.c:180:20
	ldr	r0, [sp]
	.loc	3 180 24 is_stmt 0              @ ../src/task.c:180:24
	ldr	r0, [r0, #16]
.Ltmp56:
	.loc	3 180 20                        @ ../src/task.c:180:20
	cbnz	r0, .LBB8_8
	b	.LBB8_7
.LBB8_7:                                @   in Loop: Header=BB8_3 Depth=2
.Ltmp57:
	.loc	3 182 21 is_stmt 1              @ ../src/task.c:182:21
	ldr	r1, [sp]
	movs	r0, #1
	.loc	3 182 35 is_stmt 0              @ ../src/task.c:182:35
	strb	r0, [r1, #28]
	.loc	3 183 17 is_stmt 1              @ ../src/task.c:183:17
	b	.LBB8_8
.Ltmp58:
.LBB8_8:                                @   in Loop: Header=BB8_3 Depth=2
	.loc	3 184 13                        @ ../src/task.c:184:13
	b	.LBB8_9
.Ltmp59:
.LBB8_9:                                @   in Loop: Header=BB8_3 Depth=2
	.loc	3 185 18                        @ ../src/task.c:185:18
	ldr	r0, [sp]
	.loc	3 185 22 is_stmt 0              @ ../src/task.c:185:22
	ldr	r0, [r0, #44]
	.loc	3 185 16                        @ ../src/task.c:185:16
	str	r0, [sp]
.Ltmp60:
	.loc	3 175 9 is_stmt 1               @ ../src/task.c:175:9
	b	.LBB8_3
.LBB8_10:                               @   in Loop: Header=BB8_1 Depth=1
	.loc	3 187 5                         @ ../src/task.c:187:5
	b	.LBB8_11
.Ltmp61:
.LBB8_11:                               @   in Loop: Header=BB8_1 Depth=1
	.loc	3 172 27                        @ ../src/task.c:172:27
	ldr	r0, [sp, #4]
	adds	r0, #1
	str	r0, [sp, #4]
	.loc	3 172 5 is_stmt 0               @ ../src/task.c:172:5
	b	.LBB8_1
.Ltmp62:
.LBB8_12:
	.loc	3 0 5                           @ ../src/task.c:0:5
	movs	r0, #0
	.loc	3 188 2 is_stmt 1               @ ../src/task.c:188:2
	add	sp, #8
	bx	lr
.Ltmp63:
.Lfunc_end8:
	.size	TaskManager, .Lfunc_end8-TaskManager
	.cfi_endproc
	.cantunwind
	.fnend
                                        @ -- End function
	.section	.text.vStartTask,"ax",%progbits
	.hidden	vStartTask                      @ -- Begin function vStartTask
	.globl	vStartTask
	.p2align	2
	.type	vStartTask,%function
	.code	16                              @ @vStartTask
	.thumb_func
vStartTask:
.Lfunc_begin9:
	.loc	3 192 0                         @ ../src/task.c:192:0
	.fnstart
	.cfi_startproc
@ %bb.0:
	.pad	#4
	sub	sp, #4
	.cfi_def_cfa_offset 4
	str	r0, [sp]
.Ltmp64:
	.loc	3 193 2 prologue_end            @ ../src/task.c:193:2
	ldr	r0, [sp]
	@APP
	ldr	r1, [r0]
	msr	psp, r1
	mrs	r2, control
	orr	r2, r2, #2
	msr	control, r2
	pop.w	{r4, r5, r6, r7, r8, r9, r10, r11}
	pop.w	{r0, r1, r2, r3, r12, lr}
	pop.w	{r1, r2}
	msr	xpsr_nzcvq, r2
	cpsie i
	mov.w	r2, #3
	msr	control, r2
	isb	sy
	bx	r1

	@NO_APP
	str	r0, [sp]
	.loc	3 215 1                         @ ../src/task.c:215:1
	add	sp, #4
	bx	lr
.Ltmp65:
.Lfunc_end9:
	.size	vStartTask, .Lfunc_end9-vStartTask
	.cfi_endproc
	.cantunwind
	.fnend
                                        @ -- End function
	.type	pxArrayTaskPrio,%object         @ @pxArrayTaskPrio
	.section	.bss.pxArrayTaskPrio,"aw",%nobits
	.p2align	2, 0x0
pxArrayTaskPrio:
	.zero	128
	.size	pxArrayTaskPrio, 128

	.section	.debug_abbrev,"",%progbits
	.byte	1                               @ Abbreviation Code
	.byte	17                              @ DW_TAG_compile_unit
	.byte	1                               @ DW_CHILDREN_yes
	.byte	37                              @ DW_AT_producer
	.byte	14                              @ DW_FORM_strp
	.byte	19                              @ DW_AT_language
	.byte	5                               @ DW_FORM_data2
	.byte	3                               @ DW_AT_name
	.byte	14                              @ DW_FORM_strp
	.byte	16                              @ DW_AT_stmt_list
	.byte	23                              @ DW_FORM_sec_offset
	.byte	27                              @ DW_AT_comp_dir
	.byte	14                              @ DW_FORM_strp
	.byte	17                              @ DW_AT_low_pc
	.byte	1                               @ DW_FORM_addr
	.byte	85                              @ DW_AT_ranges
	.byte	23                              @ DW_FORM_sec_offset
	.byte	0                               @ EOM(1)
	.byte	0                               @ EOM(2)
	.byte	2                               @ Abbreviation Code
	.byte	52                              @ DW_TAG_variable
	.byte	0                               @ DW_CHILDREN_no
	.byte	3                               @ DW_AT_name
	.byte	14                              @ DW_FORM_strp
	.byte	73                              @ DW_AT_type
	.byte	19                              @ DW_FORM_ref4
	.byte	58                              @ DW_AT_decl_file
	.byte	11                              @ DW_FORM_data1
	.byte	59                              @ DW_AT_decl_line
	.byte	11                              @ DW_FORM_data1
	.byte	2                               @ DW_AT_location
	.byte	24                              @ DW_FORM_exprloc
	.byte	0                               @ EOM(1)
	.byte	0                               @ EOM(2)
	.byte	3                               @ Abbreviation Code
	.byte	1                               @ DW_TAG_array_type
	.byte	1                               @ DW_CHILDREN_yes
	.byte	73                              @ DW_AT_type
	.byte	19                              @ DW_FORM_ref4
	.byte	0                               @ EOM(1)
	.byte	0                               @ EOM(2)
	.byte	4                               @ Abbreviation Code
	.byte	33                              @ DW_TAG_subrange_type
	.byte	0                               @ DW_CHILDREN_no
	.byte	73                              @ DW_AT_type
	.byte	19                              @ DW_FORM_ref4
	.byte	55                              @ DW_AT_count
	.byte	11                              @ DW_FORM_data1
	.byte	0                               @ EOM(1)
	.byte	0                               @ EOM(2)
	.byte	5                               @ Abbreviation Code
	.byte	15                              @ DW_TAG_pointer_type
	.byte	0                               @ DW_CHILDREN_no
	.byte	73                              @ DW_AT_type
	.byte	19                              @ DW_FORM_ref4
	.byte	0                               @ EOM(1)
	.byte	0                               @ EOM(2)
	.byte	6                               @ Abbreviation Code
	.byte	22                              @ DW_TAG_typedef
	.byte	0                               @ DW_CHILDREN_no
	.byte	73                              @ DW_AT_type
	.byte	19                              @ DW_FORM_ref4
	.byte	3                               @ DW_AT_name
	.byte	14                              @ DW_FORM_strp
	.byte	58                              @ DW_AT_decl_file
	.byte	11                              @ DW_FORM_data1
	.byte	59                              @ DW_AT_decl_line
	.byte	11                              @ DW_FORM_data1
	.byte	0                               @ EOM(1)
	.byte	0                               @ EOM(2)
	.byte	7                               @ Abbreviation Code
	.byte	19                              @ DW_TAG_structure_type
	.byte	1                               @ DW_CHILDREN_yes
	.byte	3                               @ DW_AT_name
	.byte	14                              @ DW_FORM_strp
	.byte	11                              @ DW_AT_byte_size
	.byte	11                              @ DW_FORM_data1
	.byte	58                              @ DW_AT_decl_file
	.byte	11                              @ DW_FORM_data1
	.byte	59                              @ DW_AT_decl_line
	.byte	11                              @ DW_FORM_data1
	.byte	0                               @ EOM(1)
	.byte	0                               @ EOM(2)
	.byte	8                               @ Abbreviation Code
	.byte	13                              @ DW_TAG_member
	.byte	0                               @ DW_CHILDREN_no
	.byte	3                               @ DW_AT_name
	.byte	14                              @ DW_FORM_strp
	.byte	73                              @ DW_AT_type
	.byte	19                              @ DW_FORM_ref4
	.byte	58                              @ DW_AT_decl_file
	.byte	11                              @ DW_FORM_data1
	.byte	59                              @ DW_AT_decl_line
	.byte	11                              @ DW_FORM_data1
	.byte	56                              @ DW_AT_data_member_location
	.byte	11                              @ DW_FORM_data1
	.byte	0                               @ EOM(1)
	.byte	0                               @ EOM(2)
	.byte	9                               @ Abbreviation Code
	.byte	53                              @ DW_TAG_volatile_type
	.byte	0                               @ DW_CHILDREN_no
	.byte	73                              @ DW_AT_type
	.byte	19                              @ DW_FORM_ref4
	.byte	0                               @ EOM(1)
	.byte	0                               @ EOM(2)
	.byte	10                              @ Abbreviation Code
	.byte	36                              @ DW_TAG_base_type
	.byte	0                               @ DW_CHILDREN_no
	.byte	3                               @ DW_AT_name
	.byte	14                              @ DW_FORM_strp
	.byte	62                              @ DW_AT_encoding
	.byte	11                              @ DW_FORM_data1
	.byte	11                              @ DW_AT_byte_size
	.byte	11                              @ DW_FORM_data1
	.byte	0                               @ EOM(1)
	.byte	0                               @ EOM(2)
	.byte	11                              @ Abbreviation Code
	.byte	36                              @ DW_TAG_base_type
	.byte	0                               @ DW_CHILDREN_no
	.byte	3                               @ DW_AT_name
	.byte	14                              @ DW_FORM_strp
	.byte	11                              @ DW_AT_byte_size
	.byte	11                              @ DW_FORM_data1
	.byte	62                              @ DW_AT_encoding
	.byte	11                              @ DW_FORM_data1
	.byte	0                               @ EOM(1)
	.byte	0                               @ EOM(2)
	.byte	12                              @ Abbreviation Code
	.byte	21                              @ DW_TAG_subroutine_type
	.byte	1                               @ DW_CHILDREN_yes
	.byte	39                              @ DW_AT_prototyped
	.byte	25                              @ DW_FORM_flag_present
	.byte	0                               @ EOM(1)
	.byte	0                               @ EOM(2)
	.byte	13                              @ Abbreviation Code
	.byte	5                               @ DW_TAG_formal_parameter
	.byte	0                               @ DW_CHILDREN_no
	.byte	73                              @ DW_AT_type
	.byte	19                              @ DW_FORM_ref4
	.byte	0                               @ EOM(1)
	.byte	0                               @ EOM(2)
	.byte	14                              @ Abbreviation Code
	.byte	15                              @ DW_TAG_pointer_type
	.byte	0                               @ DW_CHILDREN_no
	.byte	0                               @ EOM(1)
	.byte	0                               @ EOM(2)
	.byte	15                              @ Abbreviation Code
	.byte	4                               @ DW_TAG_enumeration_type
	.byte	1                               @ DW_CHILDREN_yes
	.byte	73                              @ DW_AT_type
	.byte	19                              @ DW_FORM_ref4
	.byte	3                               @ DW_AT_name
	.byte	14                              @ DW_FORM_strp
	.byte	11                              @ DW_AT_byte_size
	.byte	11                              @ DW_FORM_data1
	.byte	58                              @ DW_AT_decl_file
	.byte	11                              @ DW_FORM_data1
	.byte	59                              @ DW_AT_decl_line
	.byte	11                              @ DW_FORM_data1
	.byte	0                               @ EOM(1)
	.byte	0                               @ EOM(2)
	.byte	16                              @ Abbreviation Code
	.byte	40                              @ DW_TAG_enumerator
	.byte	0                               @ DW_CHILDREN_no
	.byte	3                               @ DW_AT_name
	.byte	14                              @ DW_FORM_strp
	.byte	28                              @ DW_AT_const_value
	.byte	15                              @ DW_FORM_udata
	.byte	0                               @ EOM(1)
	.byte	0                               @ EOM(2)
	.byte	17                              @ Abbreviation Code
	.byte	46                              @ DW_TAG_subprogram
	.byte	1                               @ DW_CHILDREN_yes
	.byte	17                              @ DW_AT_low_pc
	.byte	1                               @ DW_FORM_addr
	.byte	18                              @ DW_AT_high_pc
	.byte	6                               @ DW_FORM_data4
	.byte	64                              @ DW_AT_frame_base
	.byte	24                              @ DW_FORM_exprloc
	.byte	3                               @ DW_AT_name
	.byte	14                              @ DW_FORM_strp
	.byte	58                              @ DW_AT_decl_file
	.byte	11                              @ DW_FORM_data1
	.byte	59                              @ DW_AT_decl_line
	.byte	11                              @ DW_FORM_data1
	.byte	39                              @ DW_AT_prototyped
	.byte	25                              @ DW_FORM_flag_present
	.byte	73                              @ DW_AT_type
	.byte	19                              @ DW_FORM_ref4
	.byte	63                              @ DW_AT_external
	.byte	25                              @ DW_FORM_flag_present
	.byte	0                               @ EOM(1)
	.byte	0                               @ EOM(2)
	.byte	18                              @ Abbreviation Code
	.byte	5                               @ DW_TAG_formal_parameter
	.byte	0                               @ DW_CHILDREN_no
	.byte	2                               @ DW_AT_location
	.byte	24                              @ DW_FORM_exprloc
	.byte	3                               @ DW_AT_name
	.byte	14                              @ DW_FORM_strp
	.byte	58                              @ DW_AT_decl_file
	.byte	11                              @ DW_FORM_data1
	.byte	59                              @ DW_AT_decl_line
	.byte	11                              @ DW_FORM_data1
	.byte	73                              @ DW_AT_type
	.byte	19                              @ DW_FORM_ref4
	.byte	0                               @ EOM(1)
	.byte	0                               @ EOM(2)
	.byte	19                              @ Abbreviation Code
	.byte	52                              @ DW_TAG_variable
	.byte	0                               @ DW_CHILDREN_no
	.byte	2                               @ DW_AT_location
	.byte	24                              @ DW_FORM_exprloc
	.byte	3                               @ DW_AT_name
	.byte	14                              @ DW_FORM_strp
	.byte	58                              @ DW_AT_decl_file
	.byte	11                              @ DW_FORM_data1
	.byte	59                              @ DW_AT_decl_line
	.byte	11                              @ DW_FORM_data1
	.byte	73                              @ DW_AT_type
	.byte	19                              @ DW_FORM_ref4
	.byte	0                               @ EOM(1)
	.byte	0                               @ EOM(2)
	.byte	20                              @ Abbreviation Code
	.byte	46                              @ DW_TAG_subprogram
	.byte	1                               @ DW_CHILDREN_yes
	.byte	17                              @ DW_AT_low_pc
	.byte	1                               @ DW_FORM_addr
	.byte	18                              @ DW_AT_high_pc
	.byte	6                               @ DW_FORM_data4
	.byte	64                              @ DW_AT_frame_base
	.byte	24                              @ DW_FORM_exprloc
	.byte	3                               @ DW_AT_name
	.byte	14                              @ DW_FORM_strp
	.byte	58                              @ DW_AT_decl_file
	.byte	11                              @ DW_FORM_data1
	.byte	59                              @ DW_AT_decl_line
	.byte	11                              @ DW_FORM_data1
	.byte	39                              @ DW_AT_prototyped
	.byte	25                              @ DW_FORM_flag_present
	.byte	73                              @ DW_AT_type
	.byte	19                              @ DW_FORM_ref4
	.byte	0                               @ EOM(1)
	.byte	0                               @ EOM(2)
	.byte	21                              @ Abbreviation Code
	.byte	46                              @ DW_TAG_subprogram
	.byte	1                               @ DW_CHILDREN_yes
	.byte	17                              @ DW_AT_low_pc
	.byte	1                               @ DW_FORM_addr
	.byte	18                              @ DW_AT_high_pc
	.byte	6                               @ DW_FORM_data4
	.byte	64                              @ DW_AT_frame_base
	.byte	24                              @ DW_FORM_exprloc
	.byte	3                               @ DW_AT_name
	.byte	14                              @ DW_FORM_strp
	.byte	58                              @ DW_AT_decl_file
	.byte	11                              @ DW_FORM_data1
	.byte	59                              @ DW_AT_decl_line
	.byte	11                              @ DW_FORM_data1
	.byte	39                              @ DW_AT_prototyped
	.byte	25                              @ DW_FORM_flag_present
	.byte	63                              @ DW_AT_external
	.byte	25                              @ DW_FORM_flag_present
	.byte	0                               @ EOM(1)
	.byte	0                               @ EOM(2)
	.byte	0                               @ EOM(3)
	.section	.debug_info,"",%progbits
.Lcu_begin0:
	.long	.Ldebug_info_end0-.Ldebug_info_start0 @ Length of Unit
.Ldebug_info_start0:
	.short	4                               @ DWARF version number
	.long	.debug_abbrev                   @ Offset Into Abbrev. Section
	.byte	4                               @ Address Size (in bytes)
	.byte	1                               @ Abbrev [1] 0xb:0x3e3 DW_TAG_compile_unit
	.long	.Linfo_string0                  @ DW_AT_producer
	.short	12                              @ DW_AT_language
	.long	.Linfo_string1                  @ DW_AT_name
	.long	.Lline_table_start0             @ DW_AT_stmt_list
	.long	.Linfo_string2                  @ DW_AT_comp_dir
	.long	0                               @ DW_AT_low_pc
	.long	.Ldebug_ranges0                 @ DW_AT_ranges
	.byte	2                               @ Abbrev [2] 0x26:0x11 DW_TAG_variable
	.long	.Linfo_string3                  @ DW_AT_name
	.long	55                              @ DW_AT_type
	.byte	3                               @ DW_AT_decl_file
	.byte	12                              @ DW_AT_decl_line
	.byte	5                               @ DW_AT_location
	.byte	3
	.long	pxArrayTaskPrio
	.byte	3                               @ Abbrev [3] 0x37:0xc DW_TAG_array_type
	.long	67                              @ DW_AT_type
	.byte	4                               @ Abbrev [4] 0x3c:0x6 DW_TAG_subrange_type
	.long	271                             @ DW_AT_type
	.byte	32                              @ DW_AT_count
	.byte	0                               @ End Of Children Mark
	.byte	5                               @ Abbrev [5] 0x43:0x5 DW_TAG_pointer_type
	.long	72                              @ DW_AT_type
	.byte	6                               @ Abbrev [6] 0x48:0xb DW_TAG_typedef
	.long	83                              @ DW_AT_type
	.long	.Linfo_string29                 @ DW_AT_name
	.byte	2                               @ DW_AT_decl_file
	.byte	26                              @ DW_AT_decl_line
	.byte	7                               @ Abbrev [7] 0x53:0x8d DW_TAG_structure_type
	.long	.Linfo_string28                 @ DW_AT_name
	.byte	48                              @ DW_AT_byte_size
	.byte	2                               @ DW_AT_decl_file
	.byte	14                              @ DW_AT_decl_line
	.byte	8                               @ Abbrev [8] 0x5b:0xc DW_TAG_member
	.long	.Linfo_string4                  @ DW_AT_name
	.long	224                             @ DW_AT_type
	.byte	2                               @ DW_AT_decl_file
	.byte	15                              @ DW_AT_decl_line
	.byte	0                               @ DW_AT_data_member_location
	.byte	8                               @ Abbrev [8] 0x67:0xc DW_TAG_member
	.long	.Linfo_string7                  @ DW_AT_name
	.long	252                             @ DW_AT_type
	.byte	2                               @ DW_AT_decl_file
	.byte	16                              @ DW_AT_decl_line
	.byte	4                               @ DW_AT_data_member_location
	.byte	8                               @ Abbrev [8] 0x73:0xc DW_TAG_member
	.long	.Linfo_string10                 @ DW_AT_name
	.long	278                             @ DW_AT_type
	.byte	2                               @ DW_AT_decl_file
	.byte	17                              @ DW_AT_decl_line
	.byte	12                              @ DW_AT_data_member_location
	.byte	8                               @ Abbrev [8] 0x7f:0xc DW_TAG_member
	.long	.Linfo_string12                 @ DW_AT_name
	.long	234                             @ DW_AT_type
	.byte	2                               @ DW_AT_decl_file
	.byte	18                              @ DW_AT_decl_line
	.byte	16                              @ DW_AT_data_member_location
	.byte	8                               @ Abbrev [8] 0x8b:0xc DW_TAG_member
	.long	.Linfo_string13                 @ DW_AT_name
	.long	234                             @ DW_AT_type
	.byte	2                               @ DW_AT_decl_file
	.byte	19                              @ DW_AT_decl_line
	.byte	20                              @ DW_AT_data_member_location
	.byte	8                               @ Abbrev [8] 0x97:0xc DW_TAG_member
	.long	.Linfo_string14                 @ DW_AT_name
	.long	234                             @ DW_AT_type
	.byte	2                               @ DW_AT_decl_file
	.byte	20                              @ DW_AT_decl_line
	.byte	24                              @ DW_AT_data_member_location
	.byte	8                               @ Abbrev [8] 0xa3:0xc DW_TAG_member
	.long	.Linfo_string15                 @ DW_AT_name
	.long	302                             @ DW_AT_type
	.byte	2                               @ DW_AT_decl_file
	.byte	21                              @ DW_AT_decl_line
	.byte	28                              @ DW_AT_data_member_location
	.byte	8                               @ Abbrev [8] 0xaf:0xc DW_TAG_member
	.long	.Linfo_string24                 @ DW_AT_name
	.long	234                             @ DW_AT_type
	.byte	2                               @ DW_AT_decl_file
	.byte	22                              @ DW_AT_decl_line
	.byte	32                              @ DW_AT_data_member_location
	.byte	8                               @ Abbrev [8] 0xbb:0xc DW_TAG_member
	.long	.Linfo_string25                 @ DW_AT_name
	.long	234                             @ DW_AT_type
	.byte	2                               @ DW_AT_decl_file
	.byte	23                              @ DW_AT_decl_line
	.byte	36                              @ DW_AT_data_member_location
	.byte	8                               @ Abbrev [8] 0xc7:0xc DW_TAG_member
	.long	.Linfo_string26                 @ DW_AT_name
	.long	234                             @ DW_AT_type
	.byte	2                               @ DW_AT_decl_file
	.byte	24                              @ DW_AT_decl_line
	.byte	40                              @ DW_AT_data_member_location
	.byte	8                               @ Abbrev [8] 0xd3:0xc DW_TAG_member
	.long	.Linfo_string27                 @ DW_AT_name
	.long	363                             @ DW_AT_type
	.byte	2                               @ DW_AT_decl_file
	.byte	25                              @ DW_AT_decl_line
	.byte	44                              @ DW_AT_data_member_location
	.byte	0                               @ End Of Children Mark
	.byte	5                               @ Abbrev [5] 0xe0:0x5 DW_TAG_pointer_type
	.long	229                             @ DW_AT_type
	.byte	9                               @ Abbrev [9] 0xe5:0x5 DW_TAG_volatile_type
	.long	234                             @ DW_AT_type
	.byte	6                               @ Abbrev [6] 0xea:0xb DW_TAG_typedef
	.long	245                             @ DW_AT_type
	.long	.Linfo_string6                  @ DW_AT_name
	.byte	1                               @ DW_AT_decl_file
	.byte	64                              @ DW_AT_decl_line
	.byte	10                              @ Abbrev [10] 0xf5:0x7 DW_TAG_base_type
	.long	.Linfo_string5                  @ DW_AT_name
	.byte	7                               @ DW_AT_encoding
	.byte	4                               @ DW_AT_byte_size
	.byte	3                               @ Abbrev [3] 0xfc:0xc DW_TAG_array_type
	.long	264                             @ DW_AT_type
	.byte	4                               @ Abbrev [4] 0x101:0x6 DW_TAG_subrange_type
	.long	271                             @ DW_AT_type
	.byte	8                               @ DW_AT_count
	.byte	0                               @ End Of Children Mark
	.byte	10                              @ Abbrev [10] 0x108:0x7 DW_TAG_base_type
	.long	.Linfo_string8                  @ DW_AT_name
	.byte	8                               @ DW_AT_encoding
	.byte	1                               @ DW_AT_byte_size
	.byte	11                              @ Abbrev [11] 0x10f:0x7 DW_TAG_base_type
	.long	.Linfo_string9                  @ DW_AT_name
	.byte	8                               @ DW_AT_byte_size
	.byte	7                               @ DW_AT_encoding
	.byte	6                               @ Abbrev [6] 0x116:0xb DW_TAG_typedef
	.long	289                             @ DW_AT_type
	.long	.Linfo_string11                 @ DW_AT_name
	.byte	2                               @ DW_AT_decl_file
	.byte	5                               @ DW_AT_decl_line
	.byte	5                               @ Abbrev [5] 0x121:0x5 DW_TAG_pointer_type
	.long	294                             @ DW_AT_type
	.byte	12                              @ Abbrev [12] 0x126:0x7 DW_TAG_subroutine_type
                                        @ DW_AT_prototyped
	.byte	13                              @ Abbrev [13] 0x127:0x5 DW_TAG_formal_parameter
	.long	301                             @ DW_AT_type
	.byte	0                               @ End Of Children Mark
	.byte	14                              @ Abbrev [14] 0x12d:0x1 DW_TAG_pointer_type
	.byte	6                               @ Abbrev [6] 0x12e:0xb DW_TAG_typedef
	.long	313                             @ DW_AT_type
	.long	.Linfo_string23                 @ DW_AT_name
	.byte	2                               @ DW_AT_decl_file
	.byte	13                              @ DW_AT_decl_line
	.byte	15                              @ Abbrev [15] 0x139:0x2b DW_TAG_enumeration_type
	.long	356                             @ DW_AT_type
	.long	.Linfo_string22                 @ DW_AT_name
	.byte	1                               @ DW_AT_byte_size
	.byte	2                               @ DW_AT_decl_file
	.byte	7                               @ DW_AT_decl_line
	.byte	16                              @ Abbrev [16] 0x145:0x6 DW_TAG_enumerator
	.long	.Linfo_string17                 @ DW_AT_name
	.byte	0                               @ DW_AT_const_value
	.byte	16                              @ Abbrev [16] 0x14b:0x6 DW_TAG_enumerator
	.long	.Linfo_string18                 @ DW_AT_name
	.byte	1                               @ DW_AT_const_value
	.byte	16                              @ Abbrev [16] 0x151:0x6 DW_TAG_enumerator
	.long	.Linfo_string19                 @ DW_AT_name
	.byte	2                               @ DW_AT_const_value
	.byte	16                              @ Abbrev [16] 0x157:0x6 DW_TAG_enumerator
	.long	.Linfo_string20                 @ DW_AT_name
	.byte	3                               @ DW_AT_const_value
	.byte	16                              @ Abbrev [16] 0x15d:0x6 DW_TAG_enumerator
	.long	.Linfo_string21                 @ DW_AT_name
	.byte	4                               @ DW_AT_const_value
	.byte	0                               @ End Of Children Mark
	.byte	10                              @ Abbrev [10] 0x164:0x7 DW_TAG_base_type
	.long	.Linfo_string16                 @ DW_AT_name
	.byte	8                               @ DW_AT_encoding
	.byte	1                               @ DW_AT_byte_size
	.byte	5                               @ Abbrev [5] 0x16b:0x5 DW_TAG_pointer_type
	.long	83                              @ DW_AT_type
	.byte	6                               @ Abbrev [6] 0x170:0xb DW_TAG_typedef
	.long	234                             @ DW_AT_type
	.long	.Linfo_string30                 @ DW_AT_name
	.byte	2                               @ DW_AT_decl_file
	.byte	6                               @ DW_AT_decl_line
	.byte	5                               @ Abbrev [5] 0x17b:0x5 DW_TAG_pointer_type
	.long	234                             @ DW_AT_type
	.byte	17                              @ Abbrev [17] 0x180:0xa2 DW_TAG_subprogram
	.long	.Lfunc_begin0                   @ DW_AT_low_pc
	.long	.Lfunc_end0-.Lfunc_begin0       @ DW_AT_high_pc
	.byte	1                               @ DW_AT_frame_base
	.byte	93
	.long	.Linfo_string31                 @ DW_AT_name
	.byte	3                               @ DW_AT_decl_file
	.byte	29                              @ DW_AT_decl_line
                                        @ DW_AT_prototyped
	.long	368                             @ DW_AT_type
                                        @ DW_AT_external
	.byte	18                              @ Abbrev [18] 0x195:0xe DW_TAG_formal_parameter
	.byte	2                               @ DW_AT_location
	.byte	145
	.byte	28
	.long	.Linfo_string41                 @ DW_AT_name
	.byte	3                               @ DW_AT_decl_file
	.byte	29                              @ DW_AT_decl_line
	.long	301                             @ DW_AT_type
	.byte	18                              @ Abbrev [18] 0x1a3:0xe DW_TAG_formal_parameter
	.byte	2                               @ DW_AT_location
	.byte	145
	.byte	24
	.long	.Linfo_string42                 @ DW_AT_name
	.byte	3                               @ DW_AT_decl_file
	.byte	30                              @ DW_AT_decl_line
	.long	379                             @ DW_AT_type
	.byte	18                              @ Abbrev [18] 0x1b1:0xe DW_TAG_formal_parameter
	.byte	2                               @ DW_AT_location
	.byte	145
	.byte	20
	.long	.Linfo_string43                 @ DW_AT_name
	.byte	3                               @ DW_AT_decl_file
	.byte	31                              @ DW_AT_decl_line
	.long	234                             @ DW_AT_type
	.byte	18                              @ Abbrev [18] 0x1bf:0xe DW_TAG_formal_parameter
	.byte	2                               @ DW_AT_location
	.byte	145
	.byte	16
	.long	.Linfo_string44                 @ DW_AT_name
	.byte	3                               @ DW_AT_decl_file
	.byte	32                              @ DW_AT_decl_line
	.long	1000                            @ DW_AT_type
	.byte	18                              @ Abbrev [18] 0x1cd:0xe DW_TAG_formal_parameter
	.byte	2                               @ DW_AT_location
	.byte	145
	.byte	40
	.long	.Linfo_string10                 @ DW_AT_name
	.byte	3                               @ DW_AT_decl_file
	.byte	33                              @ DW_AT_decl_line
	.long	278                             @ DW_AT_type
	.byte	18                              @ Abbrev [18] 0x1db:0xe DW_TAG_formal_parameter
	.byte	2                               @ DW_AT_location
	.byte	145
	.byte	44
	.long	.Linfo_string13                 @ DW_AT_name
	.byte	3                               @ DW_AT_decl_file
	.byte	34                              @ DW_AT_decl_line
	.long	234                             @ DW_AT_type
	.byte	18                              @ Abbrev [18] 0x1e9:0xe DW_TAG_formal_parameter
	.byte	2                               @ DW_AT_location
	.byte	145
	.byte	48
	.long	.Linfo_string25                 @ DW_AT_name
	.byte	3                               @ DW_AT_decl_file
	.byte	35                              @ DW_AT_decl_line
	.long	234                             @ DW_AT_type
	.byte	19                              @ Abbrev [19] 0x1f7:0xe DW_TAG_variable
	.byte	2                               @ DW_AT_location
	.byte	145
	.byte	12
	.long	.Linfo_string45                 @ DW_AT_name
	.byte	3                               @ DW_AT_decl_file
	.byte	38                              @ DW_AT_decl_line
	.long	67                              @ DW_AT_type
	.byte	19                              @ Abbrev [19] 0x205:0xe DW_TAG_variable
	.byte	2                               @ DW_AT_location
	.byte	145
	.byte	8
	.long	.Linfo_string46                 @ DW_AT_name
	.byte	3                               @ DW_AT_decl_file
	.byte	39                              @ DW_AT_decl_line
	.long	67                              @ DW_AT_type
	.byte	19                              @ Abbrev [19] 0x213:0xe DW_TAG_variable
	.byte	2                               @ DW_AT_location
	.byte	145
	.byte	4
	.long	.Linfo_string47                 @ DW_AT_name
	.byte	3                               @ DW_AT_decl_file
	.byte	41                              @ DW_AT_decl_line
	.long	234                             @ DW_AT_type
	.byte	0                               @ End Of Children Mark
	.byte	20                              @ Abbrev [20] 0x222:0x40 DW_TAG_subprogram
	.long	.Lfunc_begin1                   @ DW_AT_low_pc
	.long	.Lfunc_end1-.Lfunc_begin1       @ DW_AT_high_pc
	.byte	1                               @ DW_AT_frame_base
	.byte	93
	.long	.Linfo_string32                 @ DW_AT_name
	.byte	3                               @ DW_AT_decl_file
	.byte	14                              @ DW_AT_decl_line
                                        @ DW_AT_prototyped
	.long	379                             @ DW_AT_type
	.byte	18                              @ Abbrev [18] 0x237:0xe DW_TAG_formal_parameter
	.byte	2                               @ DW_AT_location
	.byte	145
	.byte	8
	.long	.Linfo_string41                 @ DW_AT_name
	.byte	3                               @ DW_AT_decl_file
	.byte	14                              @ DW_AT_decl_line
	.long	234                             @ DW_AT_type
	.byte	18                              @ Abbrev [18] 0x245:0xe DW_TAG_formal_parameter
	.byte	2                               @ DW_AT_location
	.byte	145
	.byte	4
	.long	.Linfo_string48                 @ DW_AT_name
	.byte	3                               @ DW_AT_decl_file
	.byte	14                              @ DW_AT_decl_line
	.long	278                             @ DW_AT_type
	.byte	18                              @ Abbrev [18] 0x253:0xe DW_TAG_formal_parameter
	.byte	2                               @ DW_AT_location
	.byte	145
	.byte	0
	.long	.Linfo_string49                 @ DW_AT_name
	.byte	3                               @ DW_AT_decl_file
	.byte	14                              @ DW_AT_decl_line
	.long	379                             @ DW_AT_type
	.byte	0                               @ End Of Children Mark
	.byte	21                              @ Abbrev [21] 0x262:0x2e DW_TAG_subprogram
	.long	.Lfunc_begin2                   @ DW_AT_low_pc
	.long	.Lfunc_end2-.Lfunc_begin2       @ DW_AT_high_pc
	.byte	1                               @ DW_AT_frame_base
	.byte	93
	.long	.Linfo_string33                 @ DW_AT_name
	.byte	3                               @ DW_AT_decl_file
	.byte	108                             @ DW_AT_decl_line
                                        @ DW_AT_prototyped
                                        @ DW_AT_external
	.byte	18                              @ Abbrev [18] 0x273:0xe DW_TAG_formal_parameter
	.byte	2                               @ DW_AT_location
	.byte	145
	.byte	4
	.long	.Linfo_string50                 @ DW_AT_name
	.byte	3                               @ DW_AT_decl_file
	.byte	108                             @ DW_AT_decl_line
	.long	368                             @ DW_AT_type
	.byte	19                              @ Abbrev [19] 0x281:0xe DW_TAG_variable
	.byte	2                               @ DW_AT_location
	.byte	145
	.byte	0
	.long	.Linfo_string46                 @ DW_AT_name
	.byte	3                               @ DW_AT_decl_file
	.byte	111                             @ DW_AT_decl_line
	.long	67                              @ DW_AT_type
	.byte	0                               @ End Of Children Mark
	.byte	20                              @ Abbrev [20] 0x290:0x5c DW_TAG_subprogram
	.long	.Lfunc_begin3                   @ DW_AT_low_pc
	.long	.Lfunc_end3-.Lfunc_begin3       @ DW_AT_high_pc
	.byte	1                               @ DW_AT_frame_base
	.byte	93
	.long	.Linfo_string34                 @ DW_AT_name
	.byte	3                               @ DW_AT_decl_file
	.byte	89                              @ DW_AT_decl_line
                                        @ DW_AT_prototyped
	.long	67                              @ DW_AT_type
	.byte	18                              @ Abbrev [18] 0x2a5:0xe DW_TAG_formal_parameter
	.byte	2                               @ DW_AT_location
	.byte	145
	.byte	16
	.long	.Linfo_string51                 @ DW_AT_name
	.byte	3                               @ DW_AT_decl_file
	.byte	89                              @ DW_AT_decl_line
	.long	67                              @ DW_AT_type
	.byte	18                              @ Abbrev [18] 0x2b3:0xe DW_TAG_formal_parameter
	.byte	2                               @ DW_AT_location
	.byte	145
	.byte	12
	.long	.Linfo_string52                 @ DW_AT_name
	.byte	3                               @ DW_AT_decl_file
	.byte	89                              @ DW_AT_decl_line
	.long	67                              @ DW_AT_type
	.byte	19                              @ Abbrev [19] 0x2c1:0xe DW_TAG_variable
	.byte	2                               @ DW_AT_location
	.byte	145
	.byte	8
	.long	.Linfo_string46                 @ DW_AT_name
	.byte	3                               @ DW_AT_decl_file
	.byte	91                              @ DW_AT_decl_line
	.long	67                              @ DW_AT_type
	.byte	19                              @ Abbrev [19] 0x2cf:0xe DW_TAG_variable
	.byte	2                               @ DW_AT_location
	.byte	145
	.byte	4
	.long	.Linfo_string53                 @ DW_AT_name
	.byte	3                               @ DW_AT_decl_file
	.byte	92                              @ DW_AT_decl_line
	.long	67                              @ DW_AT_type
	.byte	19                              @ Abbrev [19] 0x2dd:0xe DW_TAG_variable
	.byte	2                               @ DW_AT_location
	.byte	145
	.byte	0
	.long	.Linfo_string54                 @ DW_AT_name
	.byte	3                               @ DW_AT_decl_file
	.byte	93                              @ DW_AT_decl_line
	.long	67                              @ DW_AT_type
	.byte	0                               @ End Of Children Mark
	.byte	21                              @ Abbrev [21] 0x2ec:0x2e DW_TAG_subprogram
	.long	.Lfunc_begin4                   @ DW_AT_low_pc
	.long	.Lfunc_end4-.Lfunc_begin4       @ DW_AT_high_pc
	.byte	1                               @ DW_AT_frame_base
	.byte	93
	.long	.Linfo_string35                 @ DW_AT_name
	.byte	3                               @ DW_AT_decl_file
	.byte	117                             @ DW_AT_decl_line
                                        @ DW_AT_prototyped
                                        @ DW_AT_external
	.byte	18                              @ Abbrev [18] 0x2fd:0xe DW_TAG_formal_parameter
	.byte	2                               @ DW_AT_location
	.byte	145
	.byte	4
	.long	.Linfo_string50                 @ DW_AT_name
	.byte	3                               @ DW_AT_decl_file
	.byte	117                             @ DW_AT_decl_line
	.long	368                             @ DW_AT_type
	.byte	19                              @ Abbrev [19] 0x30b:0xe DW_TAG_variable
	.byte	2                               @ DW_AT_location
	.byte	145
	.byte	0
	.long	.Linfo_string46                 @ DW_AT_name
	.byte	3                               @ DW_AT_decl_file
	.byte	119                             @ DW_AT_decl_line
	.long	67                              @ DW_AT_type
	.byte	0                               @ End Of Children Mark
	.byte	21                              @ Abbrev [21] 0x31a:0x2e DW_TAG_subprogram
	.long	.Lfunc_begin5                   @ DW_AT_low_pc
	.long	.Lfunc_end5-.Lfunc_begin5       @ DW_AT_high_pc
	.byte	1                               @ DW_AT_frame_base
	.byte	93
	.long	.Linfo_string36                 @ DW_AT_name
	.byte	3                               @ DW_AT_decl_file
	.byte	124                             @ DW_AT_decl_line
                                        @ DW_AT_prototyped
                                        @ DW_AT_external
	.byte	18                              @ Abbrev [18] 0x32b:0xe DW_TAG_formal_parameter
	.byte	2                               @ DW_AT_location
	.byte	145
	.byte	4
	.long	.Linfo_string50                 @ DW_AT_name
	.byte	3                               @ DW_AT_decl_file
	.byte	124                             @ DW_AT_decl_line
	.long	368                             @ DW_AT_type
	.byte	19                              @ Abbrev [19] 0x339:0xe DW_TAG_variable
	.byte	2                               @ DW_AT_location
	.byte	145
	.byte	0
	.long	.Linfo_string46                 @ DW_AT_name
	.byte	3                               @ DW_AT_decl_file
	.byte	126                             @ DW_AT_decl_line
	.long	67                              @ DW_AT_type
	.byte	0                               @ End Of Children Mark
	.byte	21                              @ Abbrev [21] 0x348:0x20 DW_TAG_subprogram
	.long	.Lfunc_begin6                   @ DW_AT_low_pc
	.long	.Lfunc_end6-.Lfunc_begin6       @ DW_AT_high_pc
	.byte	1                               @ DW_AT_frame_base
	.byte	93
	.long	.Linfo_string37                 @ DW_AT_name
	.byte	3                               @ DW_AT_decl_file
	.byte	131                             @ DW_AT_decl_line
                                        @ DW_AT_prototyped
                                        @ DW_AT_external
	.byte	18                              @ Abbrev [18] 0x359:0xe DW_TAG_formal_parameter
	.byte	2                               @ DW_AT_location
	.byte	145
	.byte	4
	.long	.Linfo_string55                 @ DW_AT_name
	.byte	3                               @ DW_AT_decl_file
	.byte	131                             @ DW_AT_decl_line
	.long	234                             @ DW_AT_type
	.byte	0                               @ End Of Children Mark
	.byte	21                              @ Abbrev [21] 0x368:0x2e DW_TAG_subprogram
	.long	.Lfunc_begin7                   @ DW_AT_low_pc
	.long	.Lfunc_end7-.Lfunc_begin7       @ DW_AT_high_pc
	.byte	1                               @ DW_AT_frame_base
	.byte	93
	.long	.Linfo_string38                 @ DW_AT_name
	.byte	3                               @ DW_AT_decl_file
	.byte	137                             @ DW_AT_decl_line
                                        @ DW_AT_prototyped
                                        @ DW_AT_external
	.byte	19                              @ Abbrev [19] 0x379:0xe DW_TAG_variable
	.byte	2                               @ DW_AT_location
	.byte	145
	.byte	4
	.long	.Linfo_string47                 @ DW_AT_name
	.byte	3                               @ DW_AT_decl_file
	.byte	139                             @ DW_AT_decl_line
	.long	234                             @ DW_AT_type
	.byte	19                              @ Abbrev [19] 0x387:0xe DW_TAG_variable
	.byte	2                               @ DW_AT_location
	.byte	145
	.byte	0
	.long	.Linfo_string56                 @ DW_AT_name
	.byte	3                               @ DW_AT_decl_file
	.byte	140                             @ DW_AT_decl_line
	.long	67                              @ DW_AT_type
	.byte	0                               @ End Of Children Mark
	.byte	17                              @ Abbrev [17] 0x396:0x32 DW_TAG_subprogram
	.long	.Lfunc_begin8                   @ DW_AT_low_pc
	.long	.Lfunc_end8-.Lfunc_begin8       @ DW_AT_high_pc
	.byte	1                               @ DW_AT_frame_base
	.byte	93
	.long	.Linfo_string39                 @ DW_AT_name
	.byte	3                               @ DW_AT_decl_file
	.byte	168                             @ DW_AT_decl_line
                                        @ DW_AT_prototyped
	.long	67                              @ DW_AT_type
                                        @ DW_AT_external
	.byte	19                              @ Abbrev [19] 0x3ab:0xe DW_TAG_variable
	.byte	2                               @ DW_AT_location
	.byte	145
	.byte	4
	.long	.Linfo_string47                 @ DW_AT_name
	.byte	3                               @ DW_AT_decl_file
	.byte	170                             @ DW_AT_decl_line
	.long	234                             @ DW_AT_type
	.byte	19                              @ Abbrev [19] 0x3b9:0xe DW_TAG_variable
	.byte	2                               @ DW_AT_location
	.byte	145
	.byte	0
	.long	.Linfo_string56                 @ DW_AT_name
	.byte	3                               @ DW_AT_decl_file
	.byte	171                             @ DW_AT_decl_line
	.long	67                              @ DW_AT_type
	.byte	0                               @ End Of Children Mark
	.byte	21                              @ Abbrev [21] 0x3c8:0x20 DW_TAG_subprogram
	.long	.Lfunc_begin9                   @ DW_AT_low_pc
	.long	.Lfunc_end9-.Lfunc_begin9       @ DW_AT_high_pc
	.byte	1                               @ DW_AT_frame_base
	.byte	93
	.long	.Linfo_string40                 @ DW_AT_name
	.byte	3                               @ DW_AT_decl_file
	.byte	191                             @ DW_AT_decl_line
                                        @ DW_AT_prototyped
                                        @ DW_AT_external
	.byte	18                              @ Abbrev [18] 0x3d9:0xe DW_TAG_formal_parameter
	.byte	2                               @ DW_AT_location
	.byte	145
	.byte	0
	.long	.Linfo_string57                 @ DW_AT_name
	.byte	3                               @ DW_AT_decl_file
	.byte	191                             @ DW_AT_decl_line
	.long	67                              @ DW_AT_type
	.byte	0                               @ End Of Children Mark
	.byte	5                               @ Abbrev [5] 0x3e8:0x5 DW_TAG_pointer_type
	.long	264                             @ DW_AT_type
	.byte	0                               @ End Of Children Mark
.Ldebug_info_end0:
	.section	.debug_ranges,"",%progbits
.Ldebug_ranges0:
	.long	.Lfunc_begin0
	.long	.Lfunc_end0
	.long	.Lfunc_begin1
	.long	.Lfunc_end1
	.long	.Lfunc_begin2
	.long	.Lfunc_end2
	.long	.Lfunc_begin3
	.long	.Lfunc_end3
	.long	.Lfunc_begin4
	.long	.Lfunc_end4
	.long	.Lfunc_begin5
	.long	.Lfunc_end5
	.long	.Lfunc_begin6
	.long	.Lfunc_end6
	.long	.Lfunc_begin7
	.long	.Lfunc_end7
	.long	.Lfunc_begin8
	.long	.Lfunc_end8
	.long	.Lfunc_begin9
	.long	.Lfunc_end9
	.long	0
	.long	0
	.section	.debug_str,"MS",%progbits,1
.Linfo_string0:
	.asciz	"Component: Arm Compiler for Embedded 6.19 Tool: armclang [5e73cb00]" @ string offset=0
.Linfo_string1:
	.asciz	"../src\\task.c"                @ string offset=68
.Linfo_string2:
	.asciz	"C:\\Users\\wilson\\program\\project\\task_scheduler\\mdk5" @ string offset=82
.Linfo_string3:
	.asciz	"pxArrayTaskPrio"               @ string offset=134
.Linfo_string4:
	.asciz	"pulStack"                      @ string offset=150
.Linfo_string5:
	.asciz	"unsigned int"                  @ string offset=159
.Linfo_string6:
	.asciz	"uint32_t"                      @ string offset=172
.Linfo_string7:
	.asciz	"scTaskName"                    @ string offset=181
.Linfo_string8:
	.asciz	"char"                          @ string offset=192
.Linfo_string9:
	.asciz	"__ARRAY_SIZE_TYPE__"           @ string offset=197
.Linfo_string10:
	.asciz	"func"                          @ string offset=217
.Linfo_string11:
	.asciz	"task_func_t"                   @ string offset=222
.Linfo_string12:
	.asciz	"ulDelayTicks"                  @ string offset=234
.Linfo_string13:
	.asciz	"ulTicks"                       @ string offset=247
.Linfo_string14:
	.asciz	"ulTickReload"                  @ string offset=255
.Linfo_string15:
	.asciz	"xTaskState"                    @ string offset=268
.Linfo_string16:
	.asciz	"unsigned char"                 @ string offset=279
.Linfo_string17:
	.asciz	"ACTIVE"                        @ string offset=293
.Linfo_string18:
	.asciz	"READY"                         @ string offset=300
.Linfo_string19:
	.asciz	"SUSPEND"                       @ string offset=306
.Linfo_string20:
	.asciz	"BLOCKED"                       @ string offset=314
.Linfo_string21:
	.asciz	"DELETE"                        @ string offset=322
.Linfo_string22:
	.asciz	"task_state"                    @ string offset=329
.Linfo_string23:
	.asciz	"task_state_t"                  @ string offset=340
.Linfo_string24:
	.asciz	"ulTaskSuspendFlag"             @ string offset=353
.Linfo_string25:
	.asciz	"ulTaskPrio"                    @ string offset=371
.Linfo_string26:
	.asciz	"ulTaskStackSize"               @ string offset=382
.Linfo_string27:
	.asciz	"pxNextTask"                    @ string offset=398
.Linfo_string28:
	.asciz	"task_ctrl"                     @ string offset=409
.Linfo_string29:
	.asciz	"task_ctrl_t"                   @ string offset=419
.Linfo_string30:
	.asciz	"task_id_t"                     @ string offset=431
.Linfo_string31:
	.asciz	"xTaskCreate"                   @ string offset=441
.Linfo_string32:
	.asciz	"vCreateTaskInitStack"          @ string offset=453
.Linfo_string33:
	.asciz	"vTaskDelete"                   @ string offset=474
.Linfo_string34:
	.asciz	"pxGetTaskFrom"                 @ string offset=486
.Linfo_string35:
	.asciz	"vTaskSuspend"                  @ string offset=500
.Linfo_string36:
	.asciz	"vTaskResume"                   @ string offset=513
.Linfo_string37:
	.asciz	"vTaskDelay"                    @ string offset=525
.Linfo_string38:
	.asciz	"vGetHighestPrioReadyTask"      @ string offset=536
.Linfo_string39:
	.asciz	"TaskManager"                   @ string offset=561
.Linfo_string40:
	.asciz	"vStartTask"                    @ string offset=573
.Linfo_string41:
	.asciz	"param"                         @ string offset=584
.Linfo_string42:
	.asciz	"pulstack"                      @ string offset=590
.Linfo_string43:
	.asciz	"ulStackSizeWords"              @ string offset=599
.Linfo_string44:
	.asciz	"task_name"                     @ string offset=616
.Linfo_string45:
	.asciz	"pxNewTask"                     @ string offset=626
.Linfo_string46:
	.asciz	"pxTask"                        @ string offset=636
.Linfo_string47:
	.asciz	"i"                             @ string offset=643
.Linfo_string48:
	.asciz	"ulTaskEntry"                   @ string offset=645
.Linfo_string49:
	.asciz	"pulStackTop"                   @ string offset=657
.Linfo_string50:
	.asciz	"xId"                           @ string offset=669
.Linfo_string51:
	.asciz	"pxList"                        @ string offset=673
.Linfo_string52:
	.asciz	"pxTaskId"                      @ string offset=680
.Linfo_string53:
	.asciz	"pxPrevTask"                    @ string offset=689
.Linfo_string54:
	.asciz	"ret"                           @ string offset=700
.Linfo_string55:
	.asciz	"ulTime"                        @ string offset=704
.Linfo_string56:
	.asciz	"ll"                            @ string offset=711
.Linfo_string57:
	.asciz	"task"                          @ string offset=714
	.ident	"Component: Arm Compiler for Embedded 6.19 Tool: armclang [5e73cb00]"
	.section	".note.GNU-stack","",%progbits
	.eabi_attribute	30, 6	@ Tag_ABI_optimization_goals
	.ARM_attribute	16, 1	@ Tag_AV_eba
	.section	.debug_line,"",%progbits
.Lline_table_start0:
